<?xml version="1.0" encoding="ISO-8859-1" ?>
<link_info>
   <banner>TI ARM Linker PC v20.2.7.LTS</banner>
   <copyright>Copyright (c) 1996-2018 Texas Instruments Incorporated</copyright>
   <link_time>0x651d23fd</link_time>
   <link_errors>0x0</link_errors>
   <output_file>lc43_uart.out</output_file>
   <entry_point>
      <name>_c_int00</name>
      <address>0x42a4</address>
   </entry_point>
   <input_file_list>
      <input_file id="fl-2">
         <path>.\source\</path>
         <kind>object</kind>
         <file>HL_epc.obj</file>
         <name>HL_epc.obj</name>
      </input_file>
      <input_file id="fl-3">
         <path>.\source\</path>
         <kind>object</kind>
         <file>HL_errata.obj</file>
         <name>HL_errata.obj</name>
      </input_file>
      <input_file id="fl-4">
         <path>.\source\</path>
         <kind>object</kind>
         <file>HL_errata_SSWF021_45.obj</file>
         <name>HL_errata_SSWF021_45.obj</name>
      </input_file>
      <input_file id="fl-5">
         <path>.\source\</path>
         <kind>object</kind>
         <file>HL_esm.obj</file>
         <name>HL_esm.obj</name>
      </input_file>
      <input_file id="fl-6">
         <path>.\source\</path>
         <kind>object</kind>
         <file>HL_nmpu.obj</file>
         <name>HL_nmpu.obj</name>
      </input_file>
      <input_file id="fl-7">
         <path>.\source\</path>
         <kind>object</kind>
         <file>HL_notification.obj</file>
         <name>HL_notification.obj</name>
      </input_file>
      <input_file id="fl-8">
         <path>.\source\</path>
         <kind>object</kind>
         <file>HL_pinmux.obj</file>
         <name>HL_pinmux.obj</name>
      </input_file>
      <input_file id="fl-9">
         <path>.\source\</path>
         <kind>object</kind>
         <file>HL_sci.obj</file>
         <name>HL_sci.obj</name>
      </input_file>
      <input_file id="fl-a">
         <path>.\source\</path>
         <kind>object</kind>
         <file>HL_sys_core.obj</file>
         <name>HL_sys_core.obj</name>
      </input_file>
      <input_file id="fl-b">
         <path>.\source\</path>
         <kind>object</kind>
         <file>HL_sys_dma.obj</file>
         <name>HL_sys_dma.obj</name>
      </input_file>
      <input_file id="fl-c">
         <path>.\source\</path>
         <kind>object</kind>
         <file>HL_sys_intvecs.obj</file>
         <name>HL_sys_intvecs.obj</name>
      </input_file>
      <input_file id="fl-d">
         <path>.\source\</path>
         <kind>object</kind>
         <file>HL_sys_main.obj</file>
         <name>HL_sys_main.obj</name>
      </input_file>
      <input_file id="fl-e">
         <path>.\source\</path>
         <kind>object</kind>
         <file>HL_sys_mpu.obj</file>
         <name>HL_sys_mpu.obj</name>
      </input_file>
      <input_file id="fl-f">
         <path>.\source\</path>
         <kind>object</kind>
         <file>HL_sys_pcr.obj</file>
         <name>HL_sys_pcr.obj</name>
      </input_file>
      <input_file id="fl-10">
         <path>.\source\</path>
         <kind>object</kind>
         <file>HL_sys_phantom.obj</file>
         <name>HL_sys_phantom.obj</name>
      </input_file>
      <input_file id="fl-11">
         <path>.\source\</path>
         <kind>object</kind>
         <file>HL_sys_pmm.obj</file>
         <name>HL_sys_pmm.obj</name>
      </input_file>
      <input_file id="fl-12">
         <path>.\source\</path>
         <kind>object</kind>
         <file>HL_sys_pmu.obj</file>
         <name>HL_sys_pmu.obj</name>
      </input_file>
      <input_file id="fl-13">
         <path>.\source\</path>
         <kind>object</kind>
         <file>HL_sys_startup.obj</file>
         <name>HL_sys_startup.obj</name>
      </input_file>
      <input_file id="fl-14">
         <path>.\source\</path>
         <kind>object</kind>
         <file>HL_sys_vim.obj</file>
         <name>HL_sys_vim.obj</name>
      </input_file>
      <input_file id="fl-15">
         <path>.\source\</path>
         <kind>object</kind>
         <file>HL_system.obj</file>
         <name>HL_system.obj</name>
      </input_file>
      <input_file id="fl-19">
         <kind>object</kind>
         <file>&lt;internal&gt;</file>
         <name>&lt;internal&gt;</name>
      </input_file>
      <input_file id="fl-cf">
         <path>C:\ti\ccs1240\ccs\tools\compiler\ti-cgt-arm_20.2.7.LTS\lib\</path>
         <kind>archive</kind>
         <file>rtsv7R4_A_be_v3D16_eabi.lib</file>
         <name>s_floor.c.obj</name>
      </input_file>
      <input_file id="fl-d0">
         <path>C:\ti\ccs1240\ccs\tools\compiler\ti-cgt-arm_20.2.7.LTS\lib\</path>
         <kind>archive</kind>
         <file>rtsv7R4_A_be_v3D16_eabi.lib</file>
         <name>autoinit.c.obj</name>
      </input_file>
      <input_file id="fl-d1">
         <path>C:\ti\ccs1240\ccs\tools\compiler\ti-cgt-arm_20.2.7.LTS\lib\</path>
         <kind>archive</kind>
         <file>rtsv7R4_A_be_v3D16_eabi.lib</file>
         <name>cpy_tbl.c.obj</name>
      </input_file>
      <input_file id="fl-d2">
         <path>C:\ti\ccs1240\ccs\tools\compiler\ti-cgt-arm_20.2.7.LTS\lib\</path>
         <kind>archive</kind>
         <file>rtsv7R4_A_be_v3D16_eabi.lib</file>
         <name>copy_zero_init.c.obj</name>
      </input_file>
      <input_file id="fl-d3">
         <path>C:\ti\ccs1240\ccs\tools\compiler\ti-cgt-arm_20.2.7.LTS\lib\</path>
         <kind>archive</kind>
         <file>rtsv7R4_A_be_v3D16_eabi.lib</file>
         <name>copy_decompress_none.c.obj</name>
      </input_file>
      <input_file id="fl-d4">
         <path>C:\ti\ccs1240\ccs\tools\compiler\ti-cgt-arm_20.2.7.LTS\lib\</path>
         <kind>archive</kind>
         <file>rtsv7R4_A_be_v3D16_eabi.lib</file>
         <name>copy_decompress_lzss.c.obj</name>
      </input_file>
      <input_file id="fl-d5">
         <path>C:\ti\ccs1240\ccs\tools\compiler\ti-cgt-arm_20.2.7.LTS\lib\</path>
         <kind>archive</kind>
         <file>rtsv7R4_A_be_v3D16_eabi.lib</file>
         <name>exit.c.obj</name>
      </input_file>
      <input_file id="fl-d6">
         <path>C:\ti\ccs1240\ccs\tools\compiler\ti-cgt-arm_20.2.7.LTS\lib\</path>
         <kind>archive</kind>
         <file>rtsv7R4_A_be_v3D16_eabi.lib</file>
         <name>_lock.c.obj</name>
      </input_file>
      <input_file id="fl-d7">
         <path>C:\ti\ccs1240\ccs\tools\compiler\ti-cgt-arm_20.2.7.LTS\lib\</path>
         <kind>archive</kind>
         <file>rtsv7R4_A_be_v3D16_eabi.lib</file>
         <name>memcpy32.asm.obj</name>
      </input_file>
      <input_file id="fl-d8">
         <path>C:\ti\ccs1240\ccs\tools\compiler\ti-cgt-arm_20.2.7.LTS\lib\</path>
         <kind>archive</kind>
         <file>rtsv7R4_A_be_v3D16_eabi.lib</file>
         <name>memset32.asm.obj</name>
      </input_file>
   </input_file_list>
   <object_component_list>
      <object_component id="oc-2b">
         <name>.intvecs</name>
         <load_address>0x0</load_address>
         <run_address>0x0</run_address>
         <size>0x20</size>
         <input_file_ref idref="fl-c"/>
      </object_component>
      <object_component id="oc-d3">
         <name>.text</name>
         <load_address>0x20</load_address>
         <run_address>0x20</run_address>
         <size>0x9c0</size>
         <input_file_ref idref="fl-8"/>
      </object_component>
      <object_component id="oc-6a">
         <name>.text</name>
         <load_address>0x9e0</load_address>
         <run_address>0x9e0</run_address>
         <size>0x998</size>
         <input_file_ref idref="fl-15"/>
      </object_component>
      <object_component id="oc-3c">
         <name>.text</name>
         <load_address>0x1378</load_address>
         <run_address>0x1378</run_address>
         <size>0x938</size>
         <input_file_ref idref="fl-14"/>
      </object_component>
      <object_component id="oc-121">
         <name>.text</name>
         <load_address>0x1cb0</load_address>
         <run_address>0x1cb0</run_address>
         <size>0x870</size>
         <input_file_ref idref="fl-9"/>
      </object_component>
      <object_component id="oc-82">
         <name>.text</name>
         <load_address>0x2520</load_address>
         <run_address>0x2520</run_address>
         <size>0x78c</size>
         <input_file_ref idref="fl-5"/>
      </object_component>
      <object_component id="oc-70">
         <name>.text</name>
         <load_address>0x2cac</load_address>
         <run_address>0x2cac</run_address>
         <size>0x664</size>
         <input_file_ref idref="fl-4"/>
      </object_component>
      <object_component id="oc-65">
         <name>.text</name>
         <load_address>0x3310</load_address>
         <run_address>0x3310</run_address>
         <size>0x3c4</size>
         <input_file_ref idref="fl-a"/>
      </object_component>
      <object_component id="oc-88">
         <name>.text</name>
         <load_address>0x36d4</load_address>
         <run_address>0x36d4</run_address>
         <size>0x36c</size>
         <input_file_ref idref="fl-e"/>
      </object_component>
      <object_component id="oc-36">
         <name>.text:retain</name>
         <load_address>0x3a40</load_address>
         <run_address>0x3a40</run_address>
         <size>0x33c</size>
         <input_file_ref idref="fl-14"/>
      </object_component>
      <object_component id="oc-4d">
         <name>.text</name>
         <load_address>0x3d7c</load_address>
         <run_address>0x3d7c</run_address>
         <size>0x180</size>
         <input_file_ref idref="fl-d7"/>
      </object_component>
      <object_component id="oc-22">
         <name>.text:retain</name>
         <load_address>0x3efc</load_address>
         <run_address>0x3efc</run_address>
         <size>0x178</size>
         <input_file_ref idref="fl-5"/>
      </object_component>
      <object_component id="oc-1b2">
         <name>.text:floor</name>
         <load_address>0x4074</load_address>
         <run_address>0x4074</run_address>
         <size>0x13c</size>
         <input_file_ref idref="fl-cf"/>
      </object_component>
      <object_component id="oc-8e">
         <name>.text</name>
         <load_address>0x41b0</load_address>
         <run_address>0x41b0</run_address>
         <size>0xf4</size>
         <input_file_ref idref="fl-d"/>
      </object_component>
      <object_component id="oc-1c">
         <name>.text:retain</name>
         <load_address>0x42a4</load_address>
         <run_address>0x42a4</run_address>
         <size>0xd8</size>
         <input_file_ref idref="fl-13"/>
      </object_component>
      <object_component id="oc-f">
         <name>.text:decompress:lzss:__TI_decompress_lzss</name>
         <load_address>0x437c</load_address>
         <run_address>0x437c</run_address>
         <size>0x90</size>
         <input_file_ref idref="fl-d4"/>
      </object_component>
      <object_component id="oc-7c">
         <name>.text</name>
         <load_address>0x440c</load_address>
         <run_address>0x440c</run_address>
         <size>0x74</size>
         <input_file_ref idref="fl-7"/>
      </object_component>
      <object_component id="oc-f1">
         <name>.text:__TI_auto_init_nobinit_nopinit:__TI_auto_init_nobinit_nopinit</name>
         <load_address>0x4480</load_address>
         <run_address>0x4480</run_address>
         <size>0x68</size>
         <input_file_ref idref="fl-d0"/>
      </object_component>
      <object_component id="oc-59">
         <name>.text:decompress:ZI:__TI_zero_init_nomemset:__TI_zero_init_nomemset</name>
         <load_address>0x44e8</load_address>
         <run_address>0x44e8</run_address>
         <size>0x28</size>
         <input_file_ref idref="fl-d2"/>
      </object_component>
      <object_component id="oc-15">
         <name>.text:decompress:none:__TI_decompress_none</name>
         <load_address>0x4510</load_address>
         <run_address>0x4510</run_address>
         <size>0x14</size>
         <input_file_ref idref="fl-d3"/>
      </object_component>
      <object_component id="oc-132">
         <name>.text:abort:abort</name>
         <load_address>0x4524</load_address>
         <run_address>0x4524</run_address>
         <size>0x8</size>
         <input_file_ref idref="fl-d5"/>
      </object_component>
      <object_component id="oc-76">
         <name>.text</name>
         <load_address>0x452c</load_address>
         <run_address>0x452c</run_address>
         <size>0x4</size>
         <input_file_ref idref="fl-13"/>
      </object_component>
      <object_component id="oc-30">
         <name>.text:retain</name>
         <load_address>0x4530</load_address>
         <run_address>0x4530</run_address>
         <size>0x4</size>
         <input_file_ref idref="fl-10"/>
      </object_component>
      <object_component id="oc-28">
         <name>.const:s_vim_init</name>
         <load_address>0x4540</load_address>
         <run_address>0x4540</run_address>
         <size>0x200</size>
         <input_file_ref idref="fl-14"/>
      </object_component>
      <object_component id="oc-251">
         <name>.cinit..data.load</name>
         <load_address>0x4740</load_address>
         <run_address>0x4740</run_address>
         <size>0x2a</size>
      </object_component>
      <object_component id="oc-24e">
         <name>__TI_handler_table</name>
         <load_address>0x476c</load_address>
         <run_address>0x476c</run_address>
         <size>0xc</size>
      </object_component>
      <object_component id="oc-250">
         <name>.cinit..bss.load</name>
         <load_address>0x4778</load_address>
         <run_address>0x4778</run_address>
         <size>0x8</size>
      </object_component>
      <object_component id="oc-24f">
         <name>__TI_cinit_table</name>
         <load_address>0x4780</load_address>
         <run_address>0x4780</run_address>
         <size>0x10</size>
      </object_component>
      <object_component id="oc-1b8">
         <name>.bss:g_sciTransfer_t</name>
         <uninitialized>true</uninitialized>
         <run_address>0x8001500</run_address>
         <size>0x50</size>
         <input_file_ref idref="fl-9"/>
      </object_component>
      <object_component id="oc-127">
         <name>.data:TEXT1</name>
         <load_address>0x8001562</load_address>
         <run_address>0x8001562</run_address>
         <size>0xa</size>
         <input_file_ref idref="fl-d"/>
      </object_component>
      <object_component id="oc-12a">
         <name>.data:TEXT2</name>
         <load_address>0x8001550</load_address>
         <run_address>0x8001550</run_address>
         <size>0x12</size>
         <input_file_ref idref="fl-d"/>
      </object_component>
      <object_component id="oc-12d">
         <name>.data:TEXT3</name>
         <load_address>0x800156c</load_address>
         <run_address>0x800156c</run_address>
         <size>0x6</size>
         <input_file_ref idref="fl-d"/>
      </object_component>
      <object_component id="oc-172">
         <name>.debug_info</name>
         <load_address>0x0</load_address>
         <run_address>0x0</run_address>
         <size>0x37e</size>
         <input_file_ref idref="fl-2"/>
      </object_component>
      <object_component id="oc-96">
         <name>.debug_info</name>
         <load_address>0x37e</load_address>
         <run_address>0x37e</run_address>
         <size>0x429</size>
         <input_file_ref idref="fl-2"/>
      </object_component>
      <object_component id="oc-145">
         <name>.debug_info</name>
         <load_address>0x7a7</load_address>
         <run_address>0x7a7</run_address>
         <size>0x26b</size>
         <input_file_ref idref="fl-2"/>
      </object_component>
      <object_component id="oc-9c">
         <name>.debug_info</name>
         <load_address>0xa12</load_address>
         <run_address>0xa12</run_address>
         <size>0x157</size>
         <input_file_ref idref="fl-2"/>
      </object_component>
      <object_component id="oc-ad">
         <name>.debug_info</name>
         <load_address>0xb69</load_address>
         <run_address>0xb69</run_address>
         <size>0x8b</size>
         <input_file_ref idref="fl-2"/>
      </object_component>
      <object_component id="oc-a8">
         <name>.debug_info</name>
         <load_address>0xbf4</load_address>
         <run_address>0xbf4</run_address>
         <size>0x18c</size>
         <input_file_ref idref="fl-2"/>
      </object_component>
      <object_component id="oc-1cf">
         <name>.debug_info</name>
         <load_address>0xd80</load_address>
         <run_address>0xd80</run_address>
         <size>0x2a4</size>
         <input_file_ref idref="fl-2"/>
      </object_component>
      <object_component id="oc-13e">
         <name>.debug_info</name>
         <load_address>0x1024</load_address>
         <run_address>0x1024</run_address>
         <size>0xbb</size>
         <input_file_ref idref="fl-2"/>
      </object_component>
      <object_component id="oc-b2">
         <name>.debug_info</name>
         <load_address>0x10df</load_address>
         <run_address>0x10df</run_address>
         <size>0x86</size>
         <input_file_ref idref="fl-2"/>
      </object_component>
      <object_component id="oc-14a">
         <name>.debug_info</name>
         <load_address>0x1165</load_address>
         <run_address>0x1165</run_address>
         <size>0x102</size>
         <input_file_ref idref="fl-2"/>
      </object_component>
      <object_component id="oc-197">
         <name>.debug_info</name>
         <load_address>0x1267</load_address>
         <run_address>0x1267</run_address>
         <size>0x142</size>
         <input_file_ref idref="fl-2"/>
      </object_component>
      <object_component id="oc-14f">
         <name>.debug_info</name>
         <load_address>0x13a9</load_address>
         <run_address>0x13a9</run_address>
         <size>0x285</size>
         <input_file_ref idref="fl-2"/>
      </object_component>
      <object_component id="oc-154">
         <name>.debug_info</name>
         <load_address>0x162e</load_address>
         <run_address>0x162e</run_address>
         <size>0x44a</size>
         <input_file_ref idref="fl-2"/>
      </object_component>
      <object_component id="oc-159">
         <name>.debug_info</name>
         <load_address>0x1a78</load_address>
         <run_address>0x1a78</run_address>
         <size>0x1f9</size>
         <input_file_ref idref="fl-2"/>
      </object_component>
      <object_component id="oc-15e">
         <name>.debug_info</name>
         <load_address>0x1c71</load_address>
         <run_address>0x1c71</run_address>
         <size>0x152</size>
         <input_file_ref idref="fl-2"/>
      </object_component>
      <object_component id="oc-163">
         <name>.debug_info</name>
         <load_address>0x1dc3</load_address>
         <run_address>0x1dc3</run_address>
         <size>0x70a</size>
         <input_file_ref idref="fl-2"/>
      </object_component>
      <object_component id="oc-168">
         <name>.debug_info</name>
         <load_address>0x24cd</load_address>
         <run_address>0x24cd</run_address>
         <size>0x36d</size>
         <input_file_ref idref="fl-2"/>
      </object_component>
      <object_component id="oc-18f">
         <name>.debug_info</name>
         <load_address>0x283a</load_address>
         <run_address>0x283a</run_address>
         <size>0x2b8</size>
         <input_file_ref idref="fl-4"/>
      </object_component>
      <object_component id="oc-72">
         <name>.debug_info</name>
         <load_address>0x2af2</load_address>
         <run_address>0x2af2</run_address>
         <size>0x657</size>
         <input_file_ref idref="fl-4"/>
      </object_component>
      <object_component id="oc-48">
         <name>.debug_info</name>
         <load_address>0x3149</load_address>
         <run_address>0x3149</run_address>
         <size>0x84</size>
         <input_file_ref idref="fl-4"/>
      </object_component>
      <object_component id="oc-dc">
         <name>.debug_info</name>
         <load_address>0x31cd</load_address>
         <run_address>0x31cd</run_address>
         <size>0x9e7</size>
         <input_file_ref idref="fl-4"/>
      </object_component>
      <object_component id="oc-ef">
         <name>.debug_info</name>
         <load_address>0x3bb4</load_address>
         <run_address>0x3bb4</run_address>
         <size>0x34a</size>
         <input_file_ref idref="fl-5"/>
      </object_component>
      <object_component id="oc-83">
         <name>.debug_info</name>
         <load_address>0x3efe</load_address>
         <run_address>0x3efe</run_address>
         <size>0x10bf</size>
         <input_file_ref idref="fl-5"/>
      </object_component>
      <object_component id="oc-23">
         <name>.debug_info</name>
         <load_address>0x4fbd</load_address>
         <run_address>0x4fbd</run_address>
         <size>0x1a7</size>
         <input_file_ref idref="fl-5"/>
      </object_component>
      <object_component id="oc-ea">
         <name>.debug_info</name>
         <load_address>0x5164</load_address>
         <run_address>0x5164</run_address>
         <size>0x168</size>
         <input_file_ref idref="fl-5"/>
      </object_component>
      <object_component id="oc-e3">
         <name>.debug_info</name>
         <load_address>0x52cc</load_address>
         <run_address>0x52cc</run_address>
         <size>0x37d</size>
         <input_file_ref idref="fl-7"/>
      </object_component>
      <object_component id="oc-7e">
         <name>.debug_info</name>
         <load_address>0x5649</load_address>
         <run_address>0x5649</run_address>
         <size>0x617</size>
         <input_file_ref idref="fl-7"/>
      </object_component>
      <object_component id="oc-192">
         <name>.debug_info</name>
         <load_address>0x5c60</load_address>
         <run_address>0x5c60</run_address>
         <size>0xadd</size>
         <input_file_ref idref="fl-7"/>
      </object_component>
      <object_component id="oc-e4">
         <name>.debug_info</name>
         <load_address>0x673d</load_address>
         <run_address>0x673d</run_address>
         <size>0x6eb</size>
         <input_file_ref idref="fl-7"/>
      </object_component>
      <object_component id="oc-19c">
         <name>.debug_info</name>
         <load_address>0x6e28</load_address>
         <run_address>0x6e28</run_address>
         <size>0x243</size>
         <input_file_ref idref="fl-7"/>
      </object_component>
      <object_component id="oc-1fd">
         <name>.debug_info</name>
         <load_address>0x706b</load_address>
         <run_address>0x706b</run_address>
         <size>0x18e</size>
         <input_file_ref idref="fl-7"/>
      </object_component>
      <object_component id="oc-1d7">
         <name>.debug_info</name>
         <load_address>0x71f9</load_address>
         <run_address>0x71f9</run_address>
         <size>0x2b1</size>
         <input_file_ref idref="fl-8"/>
      </object_component>
      <object_component id="oc-d4">
         <name>.debug_info</name>
         <load_address>0x74aa</load_address>
         <run_address>0x74aa</run_address>
         <size>0x11b</size>
         <input_file_ref idref="fl-8"/>
      </object_component>
      <object_component id="oc-18a">
         <name>.debug_info</name>
         <load_address>0x75c5</load_address>
         <run_address>0x75c5</run_address>
         <size>0x199</size>
         <input_file_ref idref="fl-8"/>
      </object_component>
      <object_component id="oc-1bc">
         <name>.debug_info</name>
         <load_address>0x775e</load_address>
         <run_address>0x775e</run_address>
         <size>0x2fc</size>
         <input_file_ref idref="fl-9"/>
      </object_component>
      <object_component id="oc-1b9">
         <name>.debug_info</name>
         <load_address>0x7a5a</load_address>
         <run_address>0x7a5a</run_address>
         <size>0xe4</size>
         <input_file_ref idref="fl-9"/>
      </object_component>
      <object_component id="oc-122">
         <name>.debug_info</name>
         <load_address>0x7b3e</load_address>
         <run_address>0x7b3e</run_address>
         <size>0xc9c</size>
         <input_file_ref idref="fl-9"/>
      </object_component>
      <object_component id="oc-1f8">
         <name>.debug_info</name>
         <load_address>0x87da</load_address>
         <run_address>0x87da</run_address>
         <size>0x91</size>
         <input_file_ref idref="fl-9"/>
      </object_component>
      <object_component id="oc-66">
         <name>.debug_info</name>
         <load_address>0x886b</load_address>
         <run_address>0x886b</run_address>
         <size>0x80e</size>
         <input_file_ref idref="fl-a"/>
      </object_component>
      <object_component id="oc-2d">
         <name>.debug_info</name>
         <load_address>0x9079</load_address>
         <run_address>0x9079</run_address>
         <size>0x104</size>
         <input_file_ref idref="fl-c"/>
      </object_component>
      <object_component id="oc-131">
         <name>.debug_info</name>
         <load_address>0x917d</load_address>
         <run_address>0x917d</run_address>
         <size>0x388</size>
         <input_file_ref idref="fl-d"/>
      </object_component>
      <object_component id="oc-128">
         <name>.debug_info</name>
         <load_address>0x9505</load_address>
         <run_address>0x9505</run_address>
         <size>0xd6</size>
         <input_file_ref idref="fl-d"/>
      </object_component>
      <object_component id="oc-12b">
         <name>.debug_info</name>
         <load_address>0x95db</load_address>
         <run_address>0x95db</run_address>
         <size>0xd6</size>
         <input_file_ref idref="fl-d"/>
      </object_component>
      <object_component id="oc-12e">
         <name>.debug_info</name>
         <load_address>0x96b1</load_address>
         <run_address>0x96b1</run_address>
         <size>0xd6</size>
         <input_file_ref idref="fl-d"/>
      </object_component>
      <object_component id="oc-8f">
         <name>.debug_info</name>
         <load_address>0x9787</load_address>
         <run_address>0x9787</run_address>
         <size>0x2d0</size>
         <input_file_ref idref="fl-d"/>
      </object_component>
      <object_component id="oc-8b">
         <name>.debug_info</name>
         <load_address>0x9a57</load_address>
         <run_address>0x9a57</run_address>
         <size>0x43b</size>
         <input_file_ref idref="fl-e"/>
      </object_component>
      <object_component id="oc-1d6">
         <name>.debug_info</name>
         <load_address>0x9e92</load_address>
         <run_address>0x9e92</run_address>
         <size>0x2f2</size>
         <input_file_ref idref="fl-f"/>
      </object_component>
      <object_component id="oc-185">
         <name>.debug_info</name>
         <load_address>0xa184</load_address>
         <run_address>0xa184</run_address>
         <size>0x457</size>
         <input_file_ref idref="fl-f"/>
      </object_component>
      <object_component id="oc-32">
         <name>.debug_info</name>
         <load_address>0xa5db</load_address>
         <run_address>0xa5db</run_address>
         <size>0x13c</size>
         <input_file_ref idref="fl-10"/>
      </object_component>
      <object_component id="oc-1d">
         <name>.debug_info</name>
         <load_address>0xa717</load_address>
         <run_address>0xa717</run_address>
         <size>0x2dc</size>
         <input_file_ref idref="fl-13"/>
      </object_component>
      <object_component id="oc-79">
         <name>.debug_info</name>
         <load_address>0xa9f3</load_address>
         <run_address>0xa9f3</run_address>
         <size>0x135</size>
         <input_file_ref idref="fl-13"/>
      </object_component>
      <object_component id="oc-a3">
         <name>.debug_info</name>
         <load_address>0xab28</load_address>
         <run_address>0xab28</run_address>
         <size>0x44d</size>
         <input_file_ref idref="fl-14"/>
      </object_component>
      <object_component id="oc-29">
         <name>.debug_info</name>
         <load_address>0xaf75</load_address>
         <run_address>0xaf75</run_address>
         <size>0xde</size>
         <input_file_ref idref="fl-14"/>
      </object_component>
      <object_component id="oc-3f">
         <name>.debug_info</name>
         <load_address>0xb053</load_address>
         <run_address>0xb053</run_address>
         <size>0x48e</size>
         <input_file_ref idref="fl-14"/>
      </object_component>
      <object_component id="oc-38">
         <name>.debug_info</name>
         <load_address>0xb4e1</load_address>
         <run_address>0xb4e1</run_address>
         <size>0x1f9</size>
         <input_file_ref idref="fl-14"/>
      </object_component>
      <object_component id="oc-16d">
         <name>.debug_info</name>
         <load_address>0xb6da</load_address>
         <run_address>0xb6da</run_address>
         <size>0x4f</size>
         <input_file_ref idref="fl-14"/>
      </object_component>
      <object_component id="oc-da">
         <name>.debug_info</name>
         <load_address>0xb729</load_address>
         <run_address>0xb729</run_address>
         <size>0x3e0</size>
         <input_file_ref idref="fl-15"/>
      </object_component>
      <object_component id="oc-6b">
         <name>.debug_info</name>
         <load_address>0xbb09</load_address>
         <run_address>0xbb09</run_address>
         <size>0x63b</size>
         <input_file_ref idref="fl-15"/>
      </object_component>
      <object_component id="oc-1f3">
         <name>.debug_info</name>
         <load_address>0xc144</load_address>
         <run_address>0xc144</run_address>
         <size>0x25d</size>
         <input_file_ref idref="fl-cf"/>
      </object_component>
      <object_component id="oc-1b5">
         <name>.debug_info</name>
         <load_address>0xc3a1</load_address>
         <run_address>0xc3a1</run_address>
         <size>0x16e</size>
         <input_file_ref idref="fl-cf"/>
      </object_component>
      <object_component id="oc-220">
         <name>.debug_info</name>
         <load_address>0xc50f</load_address>
         <run_address>0xc50f</run_address>
         <size>0x46</size>
         <input_file_ref idref="fl-cf"/>
      </object_component>
      <object_component id="oc-1ee">
         <name>.debug_info</name>
         <load_address>0xc555</load_address>
         <run_address>0xc555</run_address>
         <size>0x39</size>
         <input_file_ref idref="fl-cf"/>
      </object_component>
      <object_component id="oc-1a4">
         <name>.debug_info</name>
         <load_address>0xc58e</load_address>
         <run_address>0xc58e</run_address>
         <size>0x481</size>
         <input_file_ref idref="fl-d0"/>
      </object_component>
      <object_component id="oc-f3">
         <name>.debug_info</name>
         <load_address>0xca0f</load_address>
         <run_address>0xca0f</run_address>
         <size>0x174</size>
         <input_file_ref idref="fl-d0"/>
      </object_component>
      <object_component id="oc-1dc">
         <name>.debug_info</name>
         <load_address>0xcb83</load_address>
         <run_address>0xcb83</run_address>
         <size>0x39</size>
         <input_file_ref idref="fl-d0"/>
      </object_component>
      <object_component id="oc-214">
         <name>.debug_info</name>
         <load_address>0xcbbc</load_address>
         <run_address>0xcbbc</run_address>
         <size>0x39</size>
         <input_file_ref idref="fl-d0"/>
      </object_component>
      <object_component id="oc-1e1">
         <name>.debug_info</name>
         <load_address>0xcbf5</load_address>
         <run_address>0xcbf5</run_address>
         <size>0x39</size>
         <input_file_ref idref="fl-d0"/>
      </object_component>
      <object_component id="oc-1e6">
         <name>.debug_info</name>
         <load_address>0xcc2e</load_address>
         <run_address>0xcc2e</run_address>
         <size>0xcd</size>
         <input_file_ref idref="fl-d0"/>
      </object_component>
      <object_component id="oc-cb">
         <name>.debug_info</name>
         <load_address>0xccfb</load_address>
         <run_address>0xccfb</run_address>
         <size>0x29d</size>
         <input_file_ref idref="fl-d2"/>
      </object_component>
      <object_component id="oc-5a">
         <name>.debug_info</name>
         <load_address>0xcf98</load_address>
         <run_address>0xcf98</run_address>
         <size>0x1a0</size>
         <input_file_ref idref="fl-d2"/>
      </object_component>
      <object_component id="oc-c6">
         <name>.debug_info</name>
         <load_address>0xd138</load_address>
         <run_address>0xd138</run_address>
         <size>0x46</size>
         <input_file_ref idref="fl-d2"/>
      </object_component>
      <object_component id="oc-17a">
         <name>.debug_info</name>
         <load_address>0xd17e</load_address>
         <run_address>0xd17e</run_address>
         <size>0x2c</size>
         <input_file_ref idref="fl-d2"/>
      </object_component>
      <object_component id="oc-58">
         <name>.debug_info</name>
         <load_address>0xd1aa</load_address>
         <run_address>0xd1aa</run_address>
         <size>0x271</size>
         <input_file_ref idref="fl-d3"/>
      </object_component>
      <object_component id="oc-16">
         <name>.debug_info</name>
         <load_address>0xd41b</load_address>
         <run_address>0xd41b</run_address>
         <size>0x1a3</size>
         <input_file_ref idref="fl-d3"/>
      </object_component>
      <object_component id="oc-53">
         <name>.debug_info</name>
         <load_address>0xd5be</load_address>
         <run_address>0xd5be</run_address>
         <size>0x46</size>
         <input_file_ref idref="fl-d3"/>
      </object_component>
      <object_component id="oc-be">
         <name>.debug_info</name>
         <load_address>0xd604</load_address>
         <run_address>0xd604</run_address>
         <size>0x2c</size>
         <input_file_ref idref="fl-d3"/>
      </object_component>
      <object_component id="oc-bc">
         <name>.debug_info</name>
         <load_address>0xd630</load_address>
         <run_address>0xd630</run_address>
         <size>0x26c</size>
         <input_file_ref idref="fl-d4"/>
      </object_component>
      <object_component id="oc-13">
         <name>.debug_info</name>
         <load_address>0xd89c</load_address>
         <run_address>0xd89c</run_address>
         <size>0x21e</size>
         <input_file_ref idref="fl-d4"/>
      </object_component>
      <object_component id="oc-43">
         <name>.debug_info</name>
         <load_address>0xdaba</load_address>
         <run_address>0xdaba</run_address>
         <size>0x60</size>
         <input_file_ref idref="fl-d4"/>
      </object_component>
      <object_component id="oc-173">
         <name>.debug_info</name>
         <load_address>0xdb1a</load_address>
         <run_address>0xdb1a</run_address>
         <size>0x46</size>
         <input_file_ref idref="fl-d4"/>
      </object_component>
      <object_component id="oc-b7">
         <name>.debug_info</name>
         <load_address>0xdb60</load_address>
         <run_address>0xdb60</run_address>
         <size>0x39</size>
         <input_file_ref idref="fl-d4"/>
      </object_component>
      <object_component id="oc-136">
         <name>.debug_info</name>
         <load_address>0xdb99</load_address>
         <run_address>0xdb99</run_address>
         <size>0xf0</size>
         <input_file_ref idref="fl-d5"/>
      </object_component>
      <object_component id="oc-4e">
         <name>.debug_info</name>
         <load_address>0xdc89</load_address>
         <run_address>0xdc89</run_address>
         <size>0x152</size>
         <input_file_ref idref="fl-d7"/>
      </object_component>
      <object_component id="oc-253">
         <name>.debug_info</name>
         <load_address>0xdddb</load_address>
         <run_address>0xdddb</run_address>
         <size>0x9d</size>
      </object_component>
      <object_component id="oc-1d5">
         <name>.debug_line</name>
         <load_address>0x0</load_address>
         <run_address>0x0</run_address>
         <size>0x20</size>
         <input_file_ref idref="fl-2"/>
      </object_component>
      <object_component id="oc-99">
         <name>.debug_line</name>
         <load_address>0x20</load_address>
         <run_address>0x20</run_address>
         <size>0x60</size>
         <input_file_ref idref="fl-2"/>
      </object_component>
      <object_component id="oc-148">
         <name>.debug_line</name>
         <load_address>0x80</load_address>
         <run_address>0x80</run_address>
         <size>0x6f</size>
         <input_file_ref idref="fl-2"/>
      </object_component>
      <object_component id="oc-9f">
         <name>.debug_line</name>
         <load_address>0xef</load_address>
         <run_address>0xef</run_address>
         <size>0x66</size>
         <input_file_ref idref="fl-2"/>
      </object_component>
      <object_component id="oc-b0">
         <name>.debug_line</name>
         <load_address>0x155</load_address>
         <run_address>0x155</run_address>
         <size>0x20</size>
         <input_file_ref idref="fl-2"/>
      </object_component>
      <object_component id="oc-ab">
         <name>.debug_line</name>
         <load_address>0x175</load_address>
         <run_address>0x175</run_address>
         <size>0x61</size>
         <input_file_ref idref="fl-2"/>
      </object_component>
      <object_component id="oc-1d2">
         <name>.debug_line</name>
         <load_address>0x1d6</load_address>
         <run_address>0x1d6</run_address>
         <size>0x73</size>
         <input_file_ref idref="fl-2"/>
      </object_component>
      <object_component id="oc-141">
         <name>.debug_line</name>
         <load_address>0x249</load_address>
         <run_address>0x249</run_address>
         <size>0x70</size>
         <input_file_ref idref="fl-2"/>
      </object_component>
      <object_component id="oc-b5">
         <name>.debug_line</name>
         <load_address>0x2b9</load_address>
         <run_address>0x2b9</run_address>
         <size>0x64</size>
         <input_file_ref idref="fl-2"/>
      </object_component>
      <object_component id="oc-14d">
         <name>.debug_line</name>
         <load_address>0x31d</load_address>
         <run_address>0x31d</run_address>
         <size>0x63</size>
         <input_file_ref idref="fl-2"/>
      </object_component>
      <object_component id="oc-19a">
         <name>.debug_line</name>
         <load_address>0x380</load_address>
         <run_address>0x380</run_address>
         <size>0x61</size>
         <input_file_ref idref="fl-2"/>
      </object_component>
      <object_component id="oc-152">
         <name>.debug_line</name>
         <load_address>0x3e1</load_address>
         <run_address>0x3e1</run_address>
         <size>0x61</size>
         <input_file_ref idref="fl-2"/>
      </object_component>
      <object_component id="oc-157">
         <name>.debug_line</name>
         <load_address>0x442</load_address>
         <run_address>0x442</run_address>
         <size>0x63</size>
         <input_file_ref idref="fl-2"/>
      </object_component>
      <object_component id="oc-15c">
         <name>.debug_line</name>
         <load_address>0x4a5</load_address>
         <run_address>0x4a5</run_address>
         <size>0x61</size>
         <input_file_ref idref="fl-2"/>
      </object_component>
      <object_component id="oc-161">
         <name>.debug_line</name>
         <load_address>0x506</load_address>
         <run_address>0x506</run_address>
         <size>0x64</size>
         <input_file_ref idref="fl-2"/>
      </object_component>
      <object_component id="oc-166">
         <name>.debug_line</name>
         <load_address>0x56a</load_address>
         <run_address>0x56a</run_address>
         <size>0x64</size>
         <input_file_ref idref="fl-2"/>
      </object_component>
      <object_component id="oc-16b">
         <name>.debug_line</name>
         <load_address>0x5ce</load_address>
         <run_address>0x5ce</run_address>
         <size>0x61</size>
         <input_file_ref idref="fl-2"/>
      </object_component>
      <object_component id="oc-1d9">
         <name>.debug_line</name>
         <load_address>0x62f</load_address>
         <run_address>0x62f</run_address>
         <size>0x20</size>
         <input_file_ref idref="fl-4"/>
      </object_component>
      <object_component id="oc-75">
         <name>.debug_line</name>
         <load_address>0x64f</load_address>
         <run_address>0x64f</run_address>
         <size>0x1ed</size>
         <input_file_ref idref="fl-4"/>
      </object_component>
      <object_component id="oc-4b">
         <name>.debug_line</name>
         <load_address>0x83c</load_address>
         <run_address>0x83c</run_address>
         <size>0x20</size>
         <input_file_ref idref="fl-4"/>
      </object_component>
      <object_component id="oc-df">
         <name>.debug_line</name>
         <load_address>0x85c</load_address>
         <run_address>0x85c</run_address>
         <size>0x70</size>
         <input_file_ref idref="fl-4"/>
      </object_component>
      <object_component id="oc-1a2">
         <name>.debug_line</name>
         <load_address>0x8cc</load_address>
         <run_address>0x8cc</run_address>
         <size>0x5d</size>
         <input_file_ref idref="fl-5"/>
      </object_component>
      <object_component id="oc-86">
         <name>.debug_line</name>
         <load_address>0x929</load_address>
         <run_address>0x929</run_address>
         <size>0x347</size>
         <input_file_ref idref="fl-5"/>
      </object_component>
      <object_component id="oc-26">
         <name>.debug_line</name>
         <load_address>0xc70</load_address>
         <run_address>0xc70</run_address>
         <size>0x6e</size>
         <input_file_ref idref="fl-5"/>
      </object_component>
      <object_component id="oc-ed">
         <name>.debug_line</name>
         <load_address>0xcde</load_address>
         <run_address>0xcde</run_address>
         <size>0x5d</size>
         <input_file_ref idref="fl-5"/>
      </object_component>
      <object_component id="oc-191">
         <name>.debug_line</name>
         <load_address>0xd3b</load_address>
         <run_address>0xd3b</run_address>
         <size>0x20</size>
         <input_file_ref idref="fl-7"/>
      </object_component>
      <object_component id="oc-7d">
         <name>.debug_line</name>
         <load_address>0xd5b</load_address>
         <run_address>0xd5b</run_address>
         <size>0xd5</size>
         <input_file_ref idref="fl-7"/>
      </object_component>
      <object_component id="oc-195">
         <name>.debug_line</name>
         <load_address>0xe30</load_address>
         <run_address>0xe30</run_address>
         <size>0x61</size>
         <input_file_ref idref="fl-7"/>
      </object_component>
      <object_component id="oc-e7">
         <name>.debug_line</name>
         <load_address>0xe91</load_address>
         <run_address>0xe91</run_address>
         <size>0x61</size>
         <input_file_ref idref="fl-7"/>
      </object_component>
      <object_component id="oc-19f">
         <name>.debug_line</name>
         <load_address>0xef2</load_address>
         <run_address>0xef2</run_address>
         <size>0x61</size>
         <input_file_ref idref="fl-7"/>
      </object_component>
      <object_component id="oc-200">
         <name>.debug_line</name>
         <load_address>0xf53</load_address>
         <run_address>0xf53</run_address>
         <size>0x5d</size>
         <input_file_ref idref="fl-7"/>
      </object_component>
      <object_component id="oc-213">
         <name>.debug_line</name>
         <load_address>0xfb0</load_address>
         <run_address>0xfb0</run_address>
         <size>0x20</size>
         <input_file_ref idref="fl-8"/>
      </object_component>
      <object_component id="oc-d8">
         <name>.debug_line</name>
         <load_address>0xfd0</load_address>
         <run_address>0xfd0</run_address>
         <size>0xdc</size>
         <input_file_ref idref="fl-8"/>
      </object_component>
      <object_component id="oc-18d">
         <name>.debug_line</name>
         <load_address>0x10ac</load_address>
         <run_address>0x10ac</run_address>
         <size>0x64</size>
         <input_file_ref idref="fl-8"/>
      </object_component>
      <object_component id="oc-1f7">
         <name>.debug_line</name>
         <load_address>0x1110</load_address>
         <run_address>0x1110</run_address>
         <size>0x69</size>
         <input_file_ref idref="fl-9"/>
      </object_component>
      <object_component id="oc-1f5">
         <name>.debug_line</name>
         <load_address>0x1179</load_address>
         <run_address>0x1179</run_address>
         <size>0x36</size>
         <input_file_ref idref="fl-9"/>
      </object_component>
      <object_component id="oc-126">
         <name>.debug_line</name>
         <load_address>0x11af</load_address>
         <run_address>0x11af</run_address>
         <size>0x2b5</size>
         <input_file_ref idref="fl-9"/>
      </object_component>
      <object_component id="oc-1fb">
         <name>.debug_line</name>
         <load_address>0x1464</load_address>
         <run_address>0x1464</run_address>
         <size>0x36</size>
         <input_file_ref idref="fl-9"/>
      </object_component>
      <object_component id="oc-69">
         <name>.debug_line</name>
         <load_address>0x149a</load_address>
         <run_address>0x149a</run_address>
         <size>0x2f2</size>
         <input_file_ref idref="fl-a"/>
      </object_component>
      <object_component id="oc-2f">
         <name>.debug_line</name>
         <load_address>0x178c</load_address>
         <run_address>0x178c</run_address>
         <size>0x52</size>
         <input_file_ref idref="fl-c"/>
      </object_component>
      <object_component id="oc-1c4">
         <name>.debug_line</name>
         <load_address>0x17de</load_address>
         <run_address>0x17de</run_address>
         <size>0x5d</size>
         <input_file_ref idref="fl-d"/>
      </object_component>
      <object_component id="oc-1be">
         <name>.debug_line</name>
         <load_address>0x183b</load_address>
         <run_address>0x183b</run_address>
         <size>0x3b</size>
         <input_file_ref idref="fl-d"/>
      </object_component>
      <object_component id="oc-1c0">
         <name>.debug_line</name>
         <load_address>0x1876</load_address>
         <run_address>0x1876</run_address>
         <size>0x3b</size>
         <input_file_ref idref="fl-d"/>
      </object_component>
      <object_component id="oc-1c2">
         <name>.debug_line</name>
         <load_address>0x18b1</load_address>
         <run_address>0x18b1</run_address>
         <size>0x3b</size>
         <input_file_ref idref="fl-d"/>
      </object_component>
      <object_component id="oc-92">
         <name>.debug_line</name>
         <load_address>0x18ec</load_address>
         <run_address>0x18ec</run_address>
         <size>0x9e</size>
         <input_file_ref idref="fl-d"/>
      </object_component>
      <object_component id="oc-89">
         <name>.debug_line</name>
         <load_address>0x198a</load_address>
         <run_address>0x198a</run_address>
         <size>0x1f3</size>
         <input_file_ref idref="fl-e"/>
      </object_component>
      <object_component id="oc-211">
         <name>.debug_line</name>
         <load_address>0x1b7d</load_address>
         <run_address>0x1b7d</run_address>
         <size>0x20</size>
         <input_file_ref idref="fl-f"/>
      </object_component>
      <object_component id="oc-188">
         <name>.debug_line</name>
         <load_address>0x1b9d</load_address>
         <run_address>0x1b9d</run_address>
         <size>0x61</size>
         <input_file_ref idref="fl-f"/>
      </object_component>
      <object_component id="oc-31">
         <name>.debug_line</name>
         <load_address>0x1bfe</load_address>
         <run_address>0x1bfe</run_address>
         <size>0x4e</size>
         <input_file_ref idref="fl-10"/>
      </object_component>
      <object_component id="oc-20">
         <name>.debug_line</name>
         <load_address>0x1c4c</load_address>
         <run_address>0x1c4c</run_address>
         <size>0x94</size>
         <input_file_ref idref="fl-13"/>
      </object_component>
      <object_component id="oc-78">
         <name>.debug_line</name>
         <load_address>0x1ce0</load_address>
         <run_address>0x1ce0</run_address>
         <size>0x53</size>
         <input_file_ref idref="fl-13"/>
      </object_component>
      <object_component id="oc-144">
         <name>.debug_line</name>
         <load_address>0x1d33</load_address>
         <run_address>0x1d33</run_address>
         <size>0x9e</size>
         <input_file_ref idref="fl-14"/>
      </object_component>
      <object_component id="oc-a2">
         <name>.debug_line</name>
         <load_address>0x1dd1</load_address>
         <run_address>0x1dd1</run_address>
         <size>0x3a</size>
         <input_file_ref idref="fl-14"/>
      </object_component>
      <object_component id="oc-3d">
         <name>.debug_line</name>
         <load_address>0x1e0b</load_address>
         <run_address>0x1e0b</run_address>
         <size>0x187</size>
         <input_file_ref idref="fl-14"/>
      </object_component>
      <object_component id="oc-3b">
         <name>.debug_line</name>
         <load_address>0x1f92</load_address>
         <run_address>0x1f92</run_address>
         <size>0x9b</size>
         <input_file_ref idref="fl-14"/>
      </object_component>
      <object_component id="oc-170">
         <name>.debug_line</name>
         <load_address>0x202d</load_address>
         <run_address>0x202d</run_address>
         <size>0x3a</size>
         <input_file_ref idref="fl-14"/>
      </object_component>
      <object_component id="oc-184">
         <name>.debug_line</name>
         <load_address>0x2067</load_address>
         <run_address>0x2067</run_address>
         <size>0xa2</size>
         <input_file_ref idref="fl-15"/>
      </object_component>
      <object_component id="oc-6f">
         <name>.debug_line</name>
         <load_address>0x2109</load_address>
         <run_address>0x2109</run_address>
         <size>0x213</size>
         <input_file_ref idref="fl-15"/>
      </object_component>
      <object_component id="oc-226">
         <name>.debug_line</name>
         <load_address>0x231c</load_address>
         <run_address>0x231c</run_address>
         <size>0x20</size>
         <input_file_ref idref="fl-cf"/>
      </object_component>
      <object_component id="oc-1b3">
         <name>.debug_line</name>
         <load_address>0x233c</load_address>
         <run_address>0x233c</run_address>
         <size>0xc0</size>
         <input_file_ref idref="fl-cf"/>
      </object_component>
      <object_component id="oc-223">
         <name>.debug_line</name>
         <load_address>0x23fc</load_address>
         <run_address>0x23fc</run_address>
         <size>0x6a</size>
         <input_file_ref idref="fl-cf"/>
      </object_component>
      <object_component id="oc-1f1">
         <name>.debug_line</name>
         <load_address>0x2466</load_address>
         <run_address>0x2466</run_address>
         <size>0x67</size>
         <input_file_ref idref="fl-cf"/>
      </object_component>
      <object_component id="oc-1db">
         <name>.debug_line</name>
         <load_address>0x24cd</load_address>
         <run_address>0x24cd</run_address>
         <size>0x8f</size>
         <input_file_ref idref="fl-d0"/>
      </object_component>
      <object_component id="oc-f2">
         <name>.debug_line</name>
         <load_address>0x255c</load_address>
         <run_address>0x255c</run_address>
         <size>0x7b</size>
         <input_file_ref idref="fl-d0"/>
      </object_component>
      <object_component id="oc-1df">
         <name>.debug_line</name>
         <load_address>0x25d7</load_address>
         <run_address>0x25d7</run_address>
         <size>0x2e</size>
         <input_file_ref idref="fl-d0"/>
      </object_component>
      <object_component id="oc-217">
         <name>.debug_line</name>
         <load_address>0x2605</load_address>
         <run_address>0x2605</run_address>
         <size>0x6a</size>
         <input_file_ref idref="fl-d0"/>
      </object_component>
      <object_component id="oc-1e4">
         <name>.debug_line</name>
         <load_address>0x266f</load_address>
         <run_address>0x266f</run_address>
         <size>0x67</size>
         <input_file_ref idref="fl-d0"/>
      </object_component>
      <object_component id="oc-1e9">
         <name>.debug_line</name>
         <load_address>0x26d6</load_address>
         <run_address>0x26d6</run_address>
         <size>0x63</size>
         <input_file_ref idref="fl-d0"/>
      </object_component>
      <object_component id="oc-180">
         <name>.debug_line</name>
         <load_address>0x2739</load_address>
         <run_address>0x2739</run_address>
         <size>0x62</size>
         <input_file_ref idref="fl-d2"/>
      </object_component>
      <object_component id="oc-5d">
         <name>.debug_line</name>
         <load_address>0x279b</load_address>
         <run_address>0x279b</run_address>
         <size>0x4c</size>
         <input_file_ref idref="fl-d2"/>
      </object_component>
      <object_component id="oc-c9">
         <name>.debug_line</name>
         <load_address>0x27e7</load_address>
         <run_address>0x27e7</run_address>
         <size>0x34</size>
         <input_file_ref idref="fl-d2"/>
      </object_component>
      <object_component id="oc-17d">
         <name>.debug_line</name>
         <load_address>0x281b</load_address>
         <run_address>0x281b</run_address>
         <size>0x62</size>
         <input_file_ref idref="fl-d2"/>
      </object_component>
      <object_component id="oc-c4">
         <name>.debug_line</name>
         <load_address>0x287d</load_address>
         <run_address>0x287d</run_address>
         <size>0x20</size>
         <input_file_ref idref="fl-d3"/>
      </object_component>
      <object_component id="oc-19">
         <name>.debug_line</name>
         <load_address>0x289d</load_address>
         <run_address>0x289d</run_address>
         <size>0x55</size>
         <input_file_ref idref="fl-d3"/>
      </object_component>
      <object_component id="oc-56">
         <name>.debug_line</name>
         <load_address>0x28f2</load_address>
         <run_address>0x28f2</run_address>
         <size>0x3a</size>
         <input_file_ref idref="fl-d3"/>
      </object_component>
      <object_component id="oc-c1">
         <name>.debug_line</name>
         <load_address>0x292c</load_address>
         <run_address>0x292c</run_address>
         <size>0x62</size>
         <input_file_ref idref="fl-d3"/>
      </object_component>
      <object_component id="oc-179">
         <name>.debug_line</name>
         <load_address>0x298e</load_address>
         <run_address>0x298e</run_address>
         <size>0x20</size>
         <input_file_ref idref="fl-d4"/>
      </object_component>
      <object_component id="oc-11">
         <name>.debug_line</name>
         <load_address>0x29ae</load_address>
         <run_address>0x29ae</run_address>
         <size>0xb2</size>
         <input_file_ref idref="fl-d4"/>
      </object_component>
      <object_component id="oc-46">
         <name>.debug_line</name>
         <load_address>0x2a60</load_address>
         <run_address>0x2a60</run_address>
         <size>0x3a</size>
         <input_file_ref idref="fl-d4"/>
      </object_component>
      <object_component id="oc-176">
         <name>.debug_line</name>
         <load_address>0x2a9a</load_address>
         <run_address>0x2a9a</run_address>
         <size>0x6a</size>
         <input_file_ref idref="fl-d4"/>
      </object_component>
      <object_component id="oc-ba">
         <name>.debug_line</name>
         <load_address>0x2b04</load_address>
         <run_address>0x2b04</run_address>
         <size>0x66</size>
         <input_file_ref idref="fl-d4"/>
      </object_component>
      <object_component id="oc-135">
         <name>.debug_line</name>
         <load_address>0x2b6a</load_address>
         <run_address>0x2b6a</run_address>
         <size>0x3c</size>
         <input_file_ref idref="fl-d5"/>
      </object_component>
      <object_component id="oc-51">
         <name>.debug_line</name>
         <load_address>0x2ba6</load_address>
         <run_address>0x2ba6</run_address>
         <size>0x9a</size>
         <input_file_ref idref="fl-d7"/>
      </object_component>
      <object_component id="oc-1d4">
         <name>.debug_abbrev</name>
         <load_address>0x0</load_address>
         <run_address>0x0</run_address>
         <size>0x5f</size>
         <input_file_ref idref="fl-2"/>
      </object_component>
      <object_component id="oc-98">
         <name>.debug_abbrev</name>
         <load_address>0x5f</load_address>
         <run_address>0x5f</run_address>
         <size>0xba</size>
         <input_file_ref idref="fl-2"/>
      </object_component>
      <object_component id="oc-147">
         <name>.debug_abbrev</name>
         <load_address>0x119</load_address>
         <run_address>0x119</run_address>
         <size>0x69</size>
         <input_file_ref idref="fl-2"/>
      </object_component>
      <object_component id="oc-9e">
         <name>.debug_abbrev</name>
         <load_address>0x182</load_address>
         <run_address>0x182</run_address>
         <size>0x5a</size>
         <input_file_ref idref="fl-2"/>
      </object_component>
      <object_component id="oc-af">
         <name>.debug_abbrev</name>
         <load_address>0x1dc</load_address>
         <run_address>0x1dc</run_address>
         <size>0x1f</size>
         <input_file_ref idref="fl-2"/>
      </object_component>
      <object_component id="oc-aa">
         <name>.debug_abbrev</name>
         <load_address>0x1fb</load_address>
         <run_address>0x1fb</run_address>
         <size>0x7c</size>
         <input_file_ref idref="fl-2"/>
      </object_component>
      <object_component id="oc-1d1">
         <name>.debug_abbrev</name>
         <load_address>0x277</load_address>
         <run_address>0x277</run_address>
         <size>0x5c</size>
         <input_file_ref idref="fl-2"/>
      </object_component>
      <object_component id="oc-140">
         <name>.debug_abbrev</name>
         <load_address>0x2d3</load_address>
         <run_address>0x2d3</run_address>
         <size>0x24</size>
         <input_file_ref idref="fl-2"/>
      </object_component>
      <object_component id="oc-b4">
         <name>.debug_abbrev</name>
         <load_address>0x2f7</load_address>
         <run_address>0x2f7</run_address>
         <size>0x55</size>
         <input_file_ref idref="fl-2"/>
      </object_component>
      <object_component id="oc-14c">
         <name>.debug_abbrev</name>
         <load_address>0x34c</load_address>
         <run_address>0x34c</run_address>
         <size>0x4b</size>
         <input_file_ref idref="fl-2"/>
      </object_component>
      <object_component id="oc-199">
         <name>.debug_abbrev</name>
         <load_address>0x397</load_address>
         <run_address>0x397</run_address>
         <size>0x4b</size>
         <input_file_ref idref="fl-2"/>
      </object_component>
      <object_component id="oc-151">
         <name>.debug_abbrev</name>
         <load_address>0x3e2</load_address>
         <run_address>0x3e2</run_address>
         <size>0x4b</size>
         <input_file_ref idref="fl-2"/>
      </object_component>
      <object_component id="oc-156">
         <name>.debug_abbrev</name>
         <load_address>0x42d</load_address>
         <run_address>0x42d</run_address>
         <size>0x4b</size>
         <input_file_ref idref="fl-2"/>
      </object_component>
      <object_component id="oc-15b">
         <name>.debug_abbrev</name>
         <load_address>0x478</load_address>
         <run_address>0x478</run_address>
         <size>0x4b</size>
         <input_file_ref idref="fl-2"/>
      </object_component>
      <object_component id="oc-160">
         <name>.debug_abbrev</name>
         <load_address>0x4c3</load_address>
         <run_address>0x4c3</run_address>
         <size>0x4b</size>
         <input_file_ref idref="fl-2"/>
      </object_component>
      <object_component id="oc-165">
         <name>.debug_abbrev</name>
         <load_address>0x50e</load_address>
         <run_address>0x50e</run_address>
         <size>0x5c</size>
         <input_file_ref idref="fl-2"/>
      </object_component>
      <object_component id="oc-16a">
         <name>.debug_abbrev</name>
         <load_address>0x56a</load_address>
         <run_address>0x56a</run_address>
         <size>0x4b</size>
         <input_file_ref idref="fl-2"/>
      </object_component>
      <object_component id="oc-1d8">
         <name>.debug_abbrev</name>
         <load_address>0x5b5</load_address>
         <run_address>0x5b5</run_address>
         <size>0x39</size>
         <input_file_ref idref="fl-4"/>
      </object_component>
      <object_component id="oc-db">
         <name>.debug_abbrev</name>
         <load_address>0x5ee</load_address>
         <run_address>0x5ee</run_address>
         <size>0xd8</size>
         <input_file_ref idref="fl-4"/>
      </object_component>
      <object_component id="oc-4a">
         <name>.debug_abbrev</name>
         <load_address>0x6c6</load_address>
         <run_address>0x6c6</run_address>
         <size>0x1f</size>
         <input_file_ref idref="fl-4"/>
      </object_component>
      <object_component id="oc-de">
         <name>.debug_abbrev</name>
         <load_address>0x6e5</load_address>
         <run_address>0x6e5</run_address>
         <size>0xa3</size>
         <input_file_ref idref="fl-4"/>
      </object_component>
      <object_component id="oc-1a1">
         <name>.debug_abbrev</name>
         <load_address>0x788</load_address>
         <run_address>0x788</run_address>
         <size>0x76</size>
         <input_file_ref idref="fl-5"/>
      </object_component>
      <object_component id="oc-e9">
         <name>.debug_abbrev</name>
         <load_address>0x7fe</load_address>
         <run_address>0x7fe</run_address>
         <size>0xc8</size>
         <input_file_ref idref="fl-5"/>
      </object_component>
      <object_component id="oc-9b">
         <name>.debug_abbrev</name>
         <load_address>0x8c6</load_address>
         <run_address>0x8c6</run_address>
         <size>0x6f</size>
         <input_file_ref idref="fl-5"/>
      </object_component>
      <object_component id="oc-ec">
         <name>.debug_abbrev</name>
         <load_address>0x935</load_address>
         <run_address>0x935</run_address>
         <size>0x6b</size>
         <input_file_ref idref="fl-5"/>
      </object_component>
      <object_component id="oc-190">
         <name>.debug_abbrev</name>
         <load_address>0x9a0</load_address>
         <run_address>0x9a0</run_address>
         <size>0x4f</size>
         <input_file_ref idref="fl-7"/>
      </object_component>
      <object_component id="oc-e2">
         <name>.debug_abbrev</name>
         <load_address>0x9ef</load_address>
         <run_address>0x9ef</run_address>
         <size>0x6c</size>
         <input_file_ref idref="fl-7"/>
      </object_component>
      <object_component id="oc-194">
         <name>.debug_abbrev</name>
         <load_address>0xa5b</load_address>
         <run_address>0xa5b</run_address>
         <size>0x7f</size>
         <input_file_ref idref="fl-7"/>
      </object_component>
      <object_component id="oc-e6">
         <name>.debug_abbrev</name>
         <load_address>0xada</load_address>
         <run_address>0xada</run_address>
         <size>0x6b</size>
         <input_file_ref idref="fl-7"/>
      </object_component>
      <object_component id="oc-19e">
         <name>.debug_abbrev</name>
         <load_address>0xb45</load_address>
         <run_address>0xb45</run_address>
         <size>0x4b</size>
         <input_file_ref idref="fl-7"/>
      </object_component>
      <object_component id="oc-1ff">
         <name>.debug_abbrev</name>
         <load_address>0xb90</load_address>
         <run_address>0xb90</run_address>
         <size>0x89</size>
         <input_file_ref idref="fl-7"/>
      </object_component>
      <object_component id="oc-212">
         <name>.debug_abbrev</name>
         <load_address>0xc19</load_address>
         <run_address>0xc19</run_address>
         <size>0x4f</size>
         <input_file_ref idref="fl-8"/>
      </object_component>
      <object_component id="oc-182">
         <name>.debug_abbrev</name>
         <load_address>0xc68</load_address>
         <run_address>0xc68</run_address>
         <size>0x50</size>
         <input_file_ref idref="fl-8"/>
      </object_component>
      <object_component id="oc-18c">
         <name>.debug_abbrev</name>
         <load_address>0xcb8</load_address>
         <run_address>0xcb8</run_address>
         <size>0x4b</size>
         <input_file_ref idref="fl-8"/>
      </object_component>
      <object_component id="oc-1f6">
         <name>.debug_abbrev</name>
         <load_address>0xd03</load_address>
         <run_address>0xd03</run_address>
         <size>0x7e</size>
         <input_file_ref idref="fl-9"/>
      </object_component>
      <object_component id="oc-1f4">
         <name>.debug_abbrev</name>
         <load_address>0xd81</load_address>
         <run_address>0xd81</run_address>
         <size>0x27</size>
         <input_file_ref idref="fl-9"/>
      </object_component>
      <object_component id="oc-1bb">
         <name>.debug_abbrev</name>
         <load_address>0xda8</load_address>
         <run_address>0xda8</run_address>
         <size>0x13d</size>
         <input_file_ref idref="fl-9"/>
      </object_component>
      <object_component id="oc-1fa">
         <name>.debug_abbrev</name>
         <load_address>0xee5</load_address>
         <run_address>0xee5</run_address>
         <size>0x3a</size>
         <input_file_ref idref="fl-9"/>
      </object_component>
      <object_component id="oc-d2">
         <name>.debug_abbrev</name>
         <load_address>0xf1f</load_address>
         <run_address>0xf1f</run_address>
         <size>0x44</size>
         <input_file_ref idref="fl-a"/>
      </object_component>
      <object_component id="oc-a4">
         <name>.debug_abbrev</name>
         <load_address>0xf63</load_address>
         <run_address>0xf63</run_address>
         <size>0x38</size>
         <input_file_ref idref="fl-c"/>
      </object_component>
      <object_component id="oc-1c3">
         <name>.debug_abbrev</name>
         <load_address>0xf9b</load_address>
         <run_address>0xf9b</run_address>
         <size>0x87</size>
         <input_file_ref idref="fl-d"/>
      </object_component>
      <object_component id="oc-1bd">
         <name>.debug_abbrev</name>
         <load_address>0x1022</load_address>
         <run_address>0x1022</run_address>
         <size>0x29</size>
         <input_file_ref idref="fl-d"/>
      </object_component>
      <object_component id="oc-1bf">
         <name>.debug_abbrev</name>
         <load_address>0x104b</load_address>
         <run_address>0x104b</run_address>
         <size>0x29</size>
         <input_file_ref idref="fl-d"/>
      </object_component>
      <object_component id="oc-1c1">
         <name>.debug_abbrev</name>
         <load_address>0x1074</load_address>
         <run_address>0x1074</run_address>
         <size>0x29</size>
         <input_file_ref idref="fl-d"/>
      </object_component>
      <object_component id="oc-130">
         <name>.debug_abbrev</name>
         <load_address>0x109d</load_address>
         <run_address>0x109d</run_address>
         <size>0x7a</size>
         <input_file_ref idref="fl-d"/>
      </object_component>
      <object_component id="oc-f0">
         <name>.debug_abbrev</name>
         <load_address>0x1117</load_address>
         <run_address>0x1117</run_address>
         <size>0x36</size>
         <input_file_ref idref="fl-e"/>
      </object_component>
      <object_component id="oc-210">
         <name>.debug_abbrev</name>
         <load_address>0x114d</load_address>
         <run_address>0x114d</run_address>
         <size>0x4f</size>
         <input_file_ref idref="fl-f"/>
      </object_component>
      <object_component id="oc-187">
         <name>.debug_abbrev</name>
         <load_address>0x119c</load_address>
         <run_address>0x119c</run_address>
         <size>0x5a</size>
         <input_file_ref idref="fl-f"/>
      </object_component>
      <object_component id="oc-a5">
         <name>.debug_abbrev</name>
         <load_address>0x11f6</load_address>
         <run_address>0x11f6</run_address>
         <size>0x53</size>
         <input_file_ref idref="fl-10"/>
      </object_component>
      <object_component id="oc-95">
         <name>.debug_abbrev</name>
         <load_address>0x1249</load_address>
         <run_address>0x1249</run_address>
         <size>0x63</size>
         <input_file_ref idref="fl-13"/>
      </object_component>
      <object_component id="oc-e1">
         <name>.debug_abbrev</name>
         <load_address>0x12ac</load_address>
         <run_address>0x12ac</run_address>
         <size>0x42</size>
         <input_file_ref idref="fl-13"/>
      </object_component>
      <object_component id="oc-143">
         <name>.debug_abbrev</name>
         <load_address>0x12ee</load_address>
         <run_address>0x12ee</run_address>
         <size>0xab</size>
         <input_file_ref idref="fl-14"/>
      </object_component>
      <object_component id="oc-a1">
         <name>.debug_abbrev</name>
         <load_address>0x1399</load_address>
         <run_address>0x1399</run_address>
         <size>0x27</size>
         <input_file_ref idref="fl-14"/>
      </object_component>
      <object_component id="oc-a7">
         <name>.debug_abbrev</name>
         <load_address>0x13c0</load_address>
         <run_address>0x13c0</run_address>
         <size>0xa4</size>
         <input_file_ref idref="fl-14"/>
      </object_component>
      <object_component id="oc-a6">
         <name>.debug_abbrev</name>
         <load_address>0x1464</load_address>
         <run_address>0x1464</run_address>
         <size>0x6f</size>
         <input_file_ref idref="fl-14"/>
      </object_component>
      <object_component id="oc-16f">
         <name>.debug_abbrev</name>
         <load_address>0x14d3</load_address>
         <run_address>0x14d3</run_address>
         <size>0x4b</size>
         <input_file_ref idref="fl-14"/>
      </object_component>
      <object_component id="oc-183">
         <name>.debug_abbrev</name>
         <load_address>0x151e</load_address>
         <run_address>0x151e</run_address>
         <size>0x77</size>
         <input_file_ref idref="fl-15"/>
      </object_component>
      <object_component id="oc-d9">
         <name>.debug_abbrev</name>
         <load_address>0x1595</load_address>
         <run_address>0x1595</run_address>
         <size>0x103</size>
         <input_file_ref idref="fl-15"/>
      </object_component>
      <object_component id="oc-225">
         <name>.debug_abbrev</name>
         <load_address>0x1698</load_address>
         <run_address>0x1698</run_address>
         <size>0x25</size>
         <input_file_ref idref="fl-cf"/>
      </object_component>
      <object_component id="oc-1ed">
         <name>.debug_abbrev</name>
         <load_address>0x16bd</load_address>
         <run_address>0x16bd</run_address>
         <size>0x71</size>
         <input_file_ref idref="fl-cf"/>
      </object_component>
      <object_component id="oc-222">
         <name>.debug_abbrev</name>
         <load_address>0x172e</load_address>
         <run_address>0x172e</run_address>
         <size>0x24</size>
         <input_file_ref idref="fl-cf"/>
      </object_component>
      <object_component id="oc-1f0">
         <name>.debug_abbrev</name>
         <load_address>0x1752</load_address>
         <run_address>0x1752</run_address>
         <size>0x24</size>
         <input_file_ref idref="fl-cf"/>
      </object_component>
      <object_component id="oc-1da">
         <name>.debug_abbrev</name>
         <load_address>0x1776</load_address>
         <run_address>0x1776</run_address>
         <size>0xc0</size>
         <input_file_ref idref="fl-d0"/>
      </object_component>
      <object_component id="oc-1a3">
         <name>.debug_abbrev</name>
         <load_address>0x1836</load_address>
         <run_address>0x1836</run_address>
         <size>0x7e</size>
         <input_file_ref idref="fl-d0"/>
      </object_component>
      <object_component id="oc-1de">
         <name>.debug_abbrev</name>
         <load_address>0x18b4</load_address>
         <run_address>0x18b4</run_address>
         <size>0x24</size>
         <input_file_ref idref="fl-d0"/>
      </object_component>
      <object_component id="oc-216">
         <name>.debug_abbrev</name>
         <load_address>0x18d8</load_address>
         <run_address>0x18d8</run_address>
         <size>0x24</size>
         <input_file_ref idref="fl-d0"/>
      </object_component>
      <object_component id="oc-1e3">
         <name>.debug_abbrev</name>
         <load_address>0x18fc</load_address>
         <run_address>0x18fc</run_address>
         <size>0x24</size>
         <input_file_ref idref="fl-d0"/>
      </object_component>
      <object_component id="oc-1e8">
         <name>.debug_abbrev</name>
         <load_address>0x1920</load_address>
         <run_address>0x1920</run_address>
         <size>0x4b</size>
         <input_file_ref idref="fl-d0"/>
      </object_component>
      <object_component id="oc-17f">
         <name>.debug_abbrev</name>
         <load_address>0x196b</load_address>
         <run_address>0x196b</run_address>
         <size>0x5d</size>
         <input_file_ref idref="fl-d2"/>
      </object_component>
      <object_component id="oc-c5">
         <name>.debug_abbrev</name>
         <load_address>0x19c8</load_address>
         <run_address>0x19c8</run_address>
         <size>0x6f</size>
         <input_file_ref idref="fl-d2"/>
      </object_component>
      <object_component id="oc-c8">
         <name>.debug_abbrev</name>
         <load_address>0x1a37</load_address>
         <run_address>0x1a37</run_address>
         <size>0x24</size>
         <input_file_ref idref="fl-d2"/>
      </object_component>
      <object_component id="oc-17c">
         <name>.debug_abbrev</name>
         <load_address>0x1a5b</load_address>
         <run_address>0x1a5b</run_address>
         <size>0x24</size>
         <input_file_ref idref="fl-d2"/>
      </object_component>
      <object_component id="oc-c3">
         <name>.debug_abbrev</name>
         <load_address>0x1a7f</load_address>
         <run_address>0x1a7f</run_address>
         <size>0x37</size>
         <input_file_ref idref="fl-d3"/>
      </object_component>
      <object_component id="oc-52">
         <name>.debug_abbrev</name>
         <load_address>0x1ab6</load_address>
         <run_address>0x1ab6</run_address>
         <size>0x74</size>
         <input_file_ref idref="fl-d3"/>
      </object_component>
      <object_component id="oc-55">
         <name>.debug_abbrev</name>
         <load_address>0x1b2a</load_address>
         <run_address>0x1b2a</run_address>
         <size>0x24</size>
         <input_file_ref idref="fl-d3"/>
      </object_component>
      <object_component id="oc-c0">
         <name>.debug_abbrev</name>
         <load_address>0x1b4e</load_address>
         <run_address>0x1b4e</run_address>
         <size>0x24</size>
         <input_file_ref idref="fl-d3"/>
      </object_component>
      <object_component id="oc-178">
         <name>.debug_abbrev</name>
         <load_address>0x1b72</load_address>
         <run_address>0x1b72</run_address>
         <size>0x37</size>
         <input_file_ref idref="fl-d4"/>
      </object_component>
      <object_component id="oc-42">
         <name>.debug_abbrev</name>
         <load_address>0x1ba9</load_address>
         <run_address>0x1ba9</run_address>
         <size>0x6f</size>
         <input_file_ref idref="fl-d4"/>
      </object_component>
      <object_component id="oc-45">
         <name>.debug_abbrev</name>
         <load_address>0x1c18</load_address>
         <run_address>0x1c18</run_address>
         <size>0x24</size>
         <input_file_ref idref="fl-d4"/>
      </object_component>
      <object_component id="oc-175">
         <name>.debug_abbrev</name>
         <load_address>0x1c3c</load_address>
         <run_address>0x1c3c</run_address>
         <size>0x35</size>
         <input_file_ref idref="fl-d4"/>
      </object_component>
      <object_component id="oc-b9">
         <name>.debug_abbrev</name>
         <load_address>0x1c71</load_address>
         <run_address>0x1c71</run_address>
         <size>0x24</size>
         <input_file_ref idref="fl-d4"/>
      </object_component>
      <object_component id="oc-1c5">
         <name>.debug_abbrev</name>
         <load_address>0x1c95</load_address>
         <run_address>0x1c95</run_address>
         <size>0x45</size>
         <input_file_ref idref="fl-d5"/>
      </object_component>
      <object_component id="oc-bd">
         <name>.debug_abbrev</name>
         <load_address>0x1cda</load_address>
         <run_address>0x1cda</run_address>
         <size>0x4c</size>
         <input_file_ref idref="fl-d7"/>
      </object_component>
      <object_component id="oc-254">
         <name>.debug_abbrev</name>
         <load_address>0x1d26</load_address>
         <run_address>0x1d26</run_address>
         <size>0xf</size>
      </object_component>
      <object_component id="oc-9a">
         <name>.debug_str</name>
         <load_address>0x0</load_address>
         <run_address>0x0</run_address>
         <size>0x459</size>
         <input_file_ref idref="fl-2"/>
      </object_component>
      <object_component id="oc-149">
         <name>.debug_str</name>
         <load_address>0x459</load_address>
         <run_address>0x459</run_address>
         <size>0x2ae</size>
         <input_file_ref idref="fl-2"/>
      </object_component>
      <object_component id="oc-a0">
         <name>.debug_str</name>
         <load_address>0x707</load_address>
         <run_address>0x707</run_address>
         <size>0x1a0</size>
         <input_file_ref idref="fl-2"/>
      </object_component>
      <object_component id="oc-b1">
         <name>.debug_str</name>
         <load_address>0x8a7</load_address>
         <run_address>0x8a7</run_address>
         <size>0xfd</size>
         <input_file_ref idref="fl-2"/>
      </object_component>
      <object_component id="oc-ac">
         <name>.debug_str</name>
         <load_address>0x9a4</load_address>
         <run_address>0x9a4</run_address>
         <size>0x224</size>
         <input_file_ref idref="fl-2"/>
      </object_component>
      <object_component id="oc-1d3">
         <name>.debug_str</name>
         <load_address>0xbc8</load_address>
         <run_address>0xbc8</run_address>
         <size>0x344</size>
         <input_file_ref idref="fl-2"/>
      </object_component>
      <object_component id="oc-142">
         <name>.debug_str</name>
         <load_address>0xf0c</load_address>
         <run_address>0xf0c</run_address>
         <size>0x146</size>
         <input_file_ref idref="fl-2"/>
      </object_component>
      <object_component id="oc-b6">
         <name>.debug_str</name>
         <load_address>0x1052</load_address>
[...]
         <value>0x3efc</value>
         <object_component_ref idref="oc-22"/>
      </symbol>
      <symbol id="sm-139">
         <name>esmGetStatusUpper</name>
         <value>0x29a0</value>
         <object_component_ref idref="oc-82"/>
      </symbol>
      <symbol id="sm-13a">
         <name>esmClearStatusBuffer</name>
         <value>0x28e0</value>
         <object_component_ref idref="oc-82"/>
      </symbol>
      <symbol id="sm-13b">
         <name>esmSetInterruptLevelUpper</name>
         <value>0x283c</value>
         <object_component_ref idref="oc-82"/>
      </symbol>
      <symbol id="sm-13c">
         <name>esmEnableInterrupt</name>
         <value>0x2740</value>
         <object_component_ref idref="oc-82"/>
      </symbol>
      <symbol id="sm-13d">
         <name>esmActivateNormalOperation</name>
         <value>0x2730</value>
         <object_component_ref idref="oc-82"/>
      </symbol>
      <symbol id="sm-13e">
         <name>esmEnableError</name>
         <value>0x2698</value>
         <object_component_ref idref="oc-82"/>
      </symbol>
      <symbol id="sm-13f">
         <name>esmTriggerErrorPinReset</name>
         <value>0x2720</value>
         <object_component_ref idref="oc-82"/>
      </symbol>
      <symbol id="sm-140">
         <name>esmDisableInterrupt</name>
         <value>0x2784</value>
         <object_component_ref idref="oc-82"/>
      </symbol>
      <symbol id="sm-141">
         <name>esmGetConfigValue</name>
         <value>0x2ae8</value>
         <object_component_ref idref="oc-82"/>
      </symbol>
      <symbol id="sm-16a">
         <name>sciNotification</name>
         <value>0x4458</value>
         <object_component_ref idref="oc-7c"/>
      </symbol>
      <symbol id="sm-16b">
         <name>epcFIFOFullNotification</name>
         <value>0x4470</value>
         <object_component_ref idref="oc-7c"/>
      </symbol>
      <symbol id="sm-16c">
         <name>esmGroup2Notification</name>
         <value>0x4420</value>
         <object_component_ref idref="oc-7c"/>
      </symbol>
      <symbol id="sm-16d">
         <name>epcCAMFullNotification</name>
         <value>0x446c</value>
         <object_component_ref idref="oc-7c"/>
      </symbol>
      <symbol id="sm-16e">
         <name>esmGroup1Notification</name>
         <value>0x440c</value>
         <object_component_ref idref="oc-7c"/>
      </symbol>
      <symbol id="sm-16f">
         <name>esmGroup3Notification</name>
         <value>0x4434</value>
         <object_component_ref idref="oc-7c"/>
      </symbol>
      <symbol id="sm-170">
         <name>dmaGroupANotification</name>
         <value>0x4444</value>
         <object_component_ref idref="oc-7c"/>
      </symbol>
      <symbol id="sm-1de">
         <name>muxInit</name>
         <value>0x20</value>
         <object_component_ref idref="oc-d3"/>
      </symbol>
      <symbol id="sm-23d">
         <name>sciIsTxReady</name>
         <value>0x1e58</value>
         <object_component_ref idref="oc-121"/>
      </symbol>
      <symbol id="sm-23e">
         <name>sci1GetConfigValue</name>
         <value>0x236c</value>
         <object_component_ref idref="oc-121"/>
      </symbol>
      <symbol id="sm-23f">
         <name>sciDisableLoopback</name>
         <value>0x21e0</value>
         <object_component_ref idref="oc-121"/>
      </symbol>
      <symbol id="sm-240">
         <name>sciIsRxReady</name>
         <value>0x2008</value>
         <object_component_ref idref="oc-121"/>
      </symbol>
      <symbol id="sm-241">
         <name>sciSetBaudrate</name>
         <value>0x1dbc</value>
         <object_component_ref idref="oc-121"/>
      </symbol>
      <symbol id="sm-242">
         <name>sciInit</name>
         <value>0x1cb0</value>
         <object_component_ref idref="oc-121"/>
      </symbol>
      <symbol id="sm-243">
         <name>sciEnableNotification</name>
         <value>0x21fc</value>
         <object_component_ref idref="oc-121"/>
      </symbol>
      <symbol id="sm-244">
         <name>sciReceive</name>
         <value>0x209c</value>
         <object_component_ref idref="oc-121"/>
      </symbol>
      <symbol id="sm-245">
         <name>sciExitResetState</name>
         <value>0x234c</value>
         <object_component_ref idref="oc-121"/>
      </symbol>
      <symbol id="sm-246">
         <name>sciSetFunctional</name>
         <value>0x1d9c</value>
         <object_component_ref idref="oc-121"/>
      </symbol>
      <symbol id="sm-247">
         <name>sciDisableNotification</name>
         <value>0x2294</value>
         <object_component_ref idref="oc-121"/>
      </symbol>
      <symbol id="sm-248">
         <name>sciSend</name>
         <value>0x1ea4</value>
         <object_component_ref idref="oc-121"/>
      </symbol>
      <symbol id="sm-249">
         <name>sciRxError</name>
         <value>0x2040</value>
         <object_component_ref idref="oc-121"/>
      </symbol>
      <symbol id="sm-24a">
         <name>sciReceiveByte</name>
         <value>0x2070</value>
         <object_component_ref idref="oc-121"/>
      </symbol>
      <symbol id="sm-24b">
         <name>sciSendByte</name>
         <value>0x1e74</value>
         <object_component_ref idref="oc-121"/>
      </symbol>
      <symbol id="sm-24c">
         <name>sciEnableLoopback</name>
         <value>0x21ac</value>
         <object_component_ref idref="oc-121"/>
      </symbol>
      <symbol id="sm-24d">
         <name>sciIsIdleDetected</name>
         <value>0x2024</value>
         <object_component_ref idref="oc-121"/>
      </symbol>
      <symbol id="sm-24e">
         <name>sciEnterResetState</name>
         <value>0x232c</value>
         <object_component_ref idref="oc-121"/>
      </symbol>
      <symbol id="sm-27a">
         <name>_iCacheInvalidate_</name>
         <value>0x36b8</value>
         <object_component_ref idref="oc-65"/>
      </symbol>
      <symbol id="sm-27b">
         <name>_disable_IRQ_interrupt_</name>
         <value>0x3548</value>
         <object_component_ref idref="oc-65"/>
      </symbol>
      <symbol id="sm-27c">
         <name>_coreGetInstructionFaultAddress_</name>
         <value>0x350c</value>
         <object_component_ref idref="oc-65"/>
      </symbol>
      <symbol id="sm-27d">
         <name>_coreGetDataFault_</name>
         <value>0x34d0</value>
         <object_component_ref idref="oc-65"/>
      </symbol>
      <symbol id="sm-27e">
         <name>_coreDisableEventBusExport_</name>
         <value>0x34b0</value>
         <object_component_ref idref="oc-65"/>
      </symbol>
      <symbol id="sm-27f">
         <name>_coreClearDataFaultAddress_</name>
         <value>0x3500</value>
         <object_component_ref idref="oc-65"/>
      </symbol>
      <symbol id="sm-280">
         <name>__TI_PINIT_Base</name>
         <value>0x36cc</value>
         <object_component_ref idref="oc-65"/>
      </symbol>
      <symbol id="sm-281">
         <name>_coreInitRegisters_</name>
         <value>0x3310</value>
         <object_component_ref idref="oc-65"/>
      </symbol>
      <symbol id="sm-282">
         <name>_coreClearInstructionFaultAddress_</name>
         <value>0x3514</value>
         <object_component_ref idref="oc-65"/>
      </symbol>
      <symbol id="sm-283">
         <name>_coreClearDataFault_</name>
         <value>0x34d8</value>
         <object_component_ref idref="oc-65"/>
      </symbol>
      <symbol id="sm-284">
         <name>_coreGetAuxiliaryDataFault_</name>
         <value>0x3520</value>
         <object_component_ref idref="oc-65"/>
      </symbol>
      <symbol id="sm-285">
         <name>_enable_interrupt_</name>
         <value>0x3558</value>
         <object_component_ref idref="oc-65"/>
      </symbol>
      <symbol id="sm-286">
         <name>_coreClearAuxiliaryInstructionFault_</name>
         <value>0x353c</value>
         <object_component_ref idref="oc-65"/>
      </symbol>
      <symbol id="sm-287">
         <name>_memInit_</name>
         <value>0x35e8</value>
         <object_component_ref idref="oc-65"/>
      </symbol>
      <symbol id="sm-288">
         <name>_dCacheInvalidate_</name>
         <value>0x36a4</value>
         <object_component_ref idref="oc-65"/>
      </symbol>
      <symbol id="sm-289">
         <name>_coreGetDataFaultAddress_</name>
         <value>0x34f8</value>
         <object_component_ref idref="oc-65"/>
      </symbol>
      <symbol id="sm-28a">
         <name>_coreClearInstructionFault_</name>
         <value>0x34ec</value>
         <object_component_ref idref="oc-65"/>
      </symbol>
      <symbol id="sm-28b">
         <name>_getCPSRValue_</name>
         <value>0x3468</value>
         <object_component_ref idref="oc-65"/>
      </symbol>
      <symbol id="sm-28c">
         <name>_cacheDisable_</name>
         <value>0x3680</value>
         <object_component_ref idref="oc-65"/>
      </symbol>
      <symbol id="sm-28d">
         <name>_enable_IRQ_interrupt_</name>
         <value>0x3550</value>
         <object_component_ref idref="oc-65"/>
      </symbol>
      <symbol id="sm-28e">
         <name>__TI_PINIT_Limit</name>
         <value>0x36d0</value>
         <object_component_ref idref="oc-65"/>
      </symbol>
      <symbol id="sm-28f">
         <name>_coreGetAuxiliaryInstructionFault_</name>
         <value>0x3534</value>
         <object_component_ref idref="oc-65"/>
      </symbol>
      <symbol id="sm-290">
         <name>_coreInitStackPointer_</name>
         <value>0x341c</value>
         <object_component_ref idref="oc-65"/>
      </symbol>
      <symbol id="sm-291">
         <name>_esmCcmErrorsClear_</name>
         <value>0x3560</value>
         <object_component_ref idref="oc-65"/>
      </symbol>
      <symbol id="sm-292">
         <name>_gotoCPUIdle_</name>
         <value>0x3470</value>
         <object_component_ref idref="oc-65"/>
      </symbol>
      <symbol id="sm-293">
         <name>_coreEnableIrqVicOffset_</name>
         <value>0x34c0</value>
         <object_component_ref idref="oc-65"/>
      </symbol>
      <symbol id="sm-294">
         <name>_coreGetInstructionFault_</name>
         <value>0x34e4</value>
         <object_component_ref idref="oc-65"/>
      </symbol>
      <symbol id="sm-295">
         <name>_cacheEnable_</name>
         <value>0x363c</value>
         <object_component_ref idref="oc-65"/>
      </symbol>
      <symbol id="sm-296">
         <name>_coreEnableVfp_</name>
         <value>0x3488</value>
         <object_component_ref idref="oc-65"/>
      </symbol>
      <symbol id="sm-297">
         <name>_coreClearAuxiliaryDataFault_</name>
         <value>0x3528</value>
         <object_component_ref idref="oc-65"/>
      </symbol>
      <symbol id="sm-298">
         <name>_coreEnableEventBusExport_</name>
         <value>0x34a0</value>
         <object_component_ref idref="oc-65"/>
      </symbol>
      <symbol id="sm-299">
         <name>_checkMemInitOn_</name>
         <value>0x361c</value>
         <object_component_ref idref="oc-65"/>
      </symbol>
      <symbol id="sm-2a7">
         <name>resetEntry</name>
         <value>0x0</value>
         <object_component_ref idref="oc-2b"/>
      </symbol>
      <symbol id="sm-2d4">
         <name>sciDisplayText</name>
         <value>0x41f4</value>
         <object_component_ref idref="oc-8e"/>
      </symbol>
      <symbol id="sm-2d5">
         <name>TEXT2</name>
         <value>0x8001550</value>
         <object_component_ref idref="oc-12a"/>
      </symbol>
      <symbol id="sm-2d6">
         <name>TEXT3</name>
         <value>0x800156c</value>
         <object_component_ref idref="oc-12d"/>
      </symbol>
      <symbol id="sm-2d7">
         <name>TEXT1</name>
         <value>0x8001562</value>
         <object_component_ref idref="oc-127"/>
      </symbol>
      <symbol id="sm-2d8">
         <name>main</name>
         <value>0x41b0</value>
         <object_component_ref idref="oc-8e"/>
      </symbol>
      <symbol id="sm-2d9">
         <name>wait</name>
         <value>0x4254</value>
         <object_component_ref idref="oc-8e"/>
      </symbol>
      <symbol id="sm-2f4">
         <name>_mpuSetRegionBaseAddress_</name>
         <value>0x3a04</value>
         <object_component_ref idref="oc-88"/>
      </symbol>
      <symbol id="sm-2f5">
         <name>_mpuInit_</name>
         <value>0x36d4</value>
         <object_component_ref idref="oc-88"/>
      </symbol>
      <symbol id="sm-2f6">
         <name>_mpuSetRegionSizeRegister_</name>
         <value>0x3a38</value>
         <object_component_ref idref="oc-88"/>
      </symbol>
      <symbol id="sm-2f7">
         <name>_mpuDisableBackgroundRegion_</name>
         <value>0x39cc</value>
         <object_component_ref idref="oc-88"/>
      </symbol>
      <symbol id="sm-2f8">
         <name>_mpuSetRegionTypeAndPermission_</name>
         <value>0x3a14</value>
         <object_component_ref idref="oc-88"/>
      </symbol>
      <symbol id="sm-2f9">
         <name>_mpuGetRegionPermission_</name>
         <value>0x3a2c</value>
         <object_component_ref idref="oc-88"/>
      </symbol>
      <symbol id="sm-2fa">
         <name>_mpuEnable_</name>
         <value>0x398c</value>
         <object_component_ref idref="oc-88"/>
      </symbol>
      <symbol id="sm-2fb">
         <name>_mpuGetNumberOfRegions_</name>
         <value>0x39dc</value>
         <object_component_ref idref="oc-88"/>
      </symbol>
      <symbol id="sm-2fc">
         <name>_mpuAreRegionsSeparate_</name>
         <value>0x39e8</value>
         <object_component_ref idref="oc-88"/>
      </symbol>
      <symbol id="sm-2fd">
         <name>_mpuEnableBackgroundRegion_</name>
         <value>0x39bc</value>
         <object_component_ref idref="oc-88"/>
      </symbol>
      <symbol id="sm-2fe">
         <name>_mpuGetRegionType_</name>
         <value>0x3a20</value>
         <object_component_ref idref="oc-88"/>
      </symbol>
      <symbol id="sm-2ff">
         <name>_mpuDisable_</name>
         <value>0x39a4</value>
         <object_component_ref idref="oc-88"/>
      </symbol>
      <symbol id="sm-300">
         <name>_mpuGetRegionBaseAddress_</name>
         <value>0x3a0c</value>
         <object_component_ref idref="oc-88"/>
      </symbol>
      <symbol id="sm-301">
         <name>_mpuSetRegion_</name>
         <value>0x39f4</value>
         <object_component_ref idref="oc-88"/>
      </symbol>
      <symbol id="sm-302">
         <name>_mpuGetRegion_</name>
         <value>0x39fc</value>
         <object_component_ref idref="oc-88"/>
      </symbol>
      <symbol id="sm-315">
         <name>phantomInterrupt</name>
         <value>0x4530</value>
         <object_component_ref idref="oc-30"/>
      </symbol>
      <symbol id="sm-334">
         <name>_c_int00</name>
         <value>0x42a4</value>
         <object_component_ref idref="oc-1c"/>
      </symbol>
      <symbol id="sm-335">
         <name>handlePLLLockFail</name>
         <value>0x452c</value>
         <object_component_ref idref="oc-76"/>
      </symbol>
      <symbol id="sm-3d8">
         <name>vimChannelMap</name>
         <value>0x144c</value>
         <object_component_ref idref="oc-3c"/>
      </symbol>
      <symbol id="sm-3d9">
         <name>vimInit</name>
         <value>0x1378</value>
         <object_component_ref idref="oc-3c"/>
      </symbol>
      <symbol id="sm-3da">
         <name>vimEnableInterrupt</name>
         <value>0x14f0</value>
         <object_component_ref idref="oc-3c"/>
      </symbol>
      <symbol id="sm-3db">
         <name>vimDisableInterrupt</name>
         <value>0x16b8</value>
         <object_component_ref idref="oc-3c"/>
      </symbol>
      <symbol id="sm-3dc">
         <name>vimGetConfigValue</name>
         <value>0x1764</value>
         <object_component_ref idref="oc-3c"/>
      </symbol>
      <symbol id="sm-3dd">
         <name>vimECCErrorHandler</name>
         <value>0x3a40</value>
         <object_component_ref idref="oc-36"/>
      </symbol>
      <symbol id="sm-42c">
         <name>systemGetConfigValue</name>
         <value>0xea0</value>
         <object_component_ref idref="oc-6a"/>
      </symbol>
      <symbol id="sm-42d">
         <name>trimLPO</name>
         <value>0xa40</value>
         <object_component_ref idref="oc-6a"/>
      </symbol>
      <symbol id="sm-42e">
         <name>systemInit</name>
         <value>0xcd4</value>
         <object_component_ref idref="oc-6a"/>
      </symbol>
      <symbol id="sm-42f">
         <name>customTrimLPO</name>
         <value>0x12d0</value>
         <object_component_ref idref="oc-6a"/>
      </symbol>
      <symbol id="sm-430">
         <name>periphInit</name>
         <value>0xaf4</value>
         <object_component_ref idref="oc-6a"/>
      </symbol>
      <symbol id="sm-431">
         <name>setupFlash</name>
         <value>0xab4</value>
         <object_component_ref idref="oc-6a"/>
      </symbol>
      <symbol id="sm-432">
         <name>setupPLL</name>
         <value>0x9e0</value>
         <object_component_ref idref="oc-6a"/>
      </symbol>
      <symbol id="sm-433">
         <name>getResetSource</name>
         <value>0xd78</value>
         <object_component_ref idref="oc-6a"/>
      </symbol>
      <symbol id="sm-434">
         <name>mapClocks</name>
         <value>0xba8</value>
         <object_component_ref idref="oc-6a"/>
      </symbol>
      <symbol id="sm-435">
         <name>systemPowerDown</name>
         <value>0xd48</value>
         <object_component_ref idref="oc-6a"/>
      </symbol>
      <symbol id="sm-459">
         <name>floorl</name>
         <value>0x4074</value>
         <object_component_ref idref="oc-1b2"/>
      </symbol>
      <symbol id="sm-45a">
         <name>floor</name>
         <value>0x4074</value>
         <object_component_ref idref="oc-1b2"/>
      </symbol>
      <symbol id="sm-482">
         <name>__TI_auto_init_nobinit_nopinit</name>
         <value>0x4480</value>
         <object_component_ref idref="oc-f1"/>
      </symbol>
      <symbol id="sm-49b">
         <name>__TI_zero_init_nomemset</name>
         <value>0x44e8</value>
         <object_component_ref idref="oc-59"/>
      </symbol>
      <symbol id="sm-4b2">
         <name>__TI_decompress_none</name>
         <value>0x4510</value>
         <object_component_ref idref="oc-15"/>
      </symbol>
      <symbol id="sm-4d5">
         <name>__TI_decompress_lzss</name>
         <value>0x437c</value>
         <object_component_ref idref="oc-f"/>
      </symbol>
      <symbol id="sm-4e0">
         <name>C$$EXIT</name>
         <value>0x4524</value>
         <object_component_ref idref="oc-132"/>
      </symbol>
      <symbol id="sm-4e1">
         <name>abort</name>
         <value>0x4524</value>
         <object_component_ref idref="oc-132"/>
      </symbol>
      <symbol id="sm-4fb">
         <name>memcpy</name>
         <value>0x3d7c</value>
         <object_component_ref idref="oc-4d"/>
      </symbol>
      <symbol id="sm-4fc">
         <name>__aeabi_memcpy</name>
         <value>0x3d7c</value>
         <object_component_ref idref="oc-4d"/>
      </symbol>
      <symbol id="sm-4fd">
         <name>__aeabi_memcpy8</name>
         <value>0x3d7c</value>
         <object_component_ref idref="oc-4d"/>
      </symbol>
      <symbol id="sm-4fe">
         <name>__aeabi_memcpy4</name>
         <value>0x3d7c</value>
         <object_component_ref idref="oc-4d"/>
      </symbol>
      <symbol id="sm-500">
         <name>__TI_static_base__</name>
         <value>0x0</value>
      </symbol>
      <symbol id="sm-503">
         <name>SHT$$INIT_ARRAY$$Base</name>
         <value>0x0</value>
      </symbol>
      <symbol id="sm-504">
         <name>SHT$$INIT_ARRAY$$Limit</name>
         <value>0x0</value>
      </symbol>
      <symbol id="sm-505">
         <name>_system_post_cinit</name>
         <value>0x0</value>
      </symbol>
   </symbol_table>
   <title>Link successful</title>
</link_info>
