******************************************************************************
                  TI ARM Linker PC v20.2.7                     
******************************************************************************
>> Linked Wed Oct  4 05:36:13 2023

OUTPUT FILE NAME:   <lc43_uart.out>
ENTRY POINT SYMBOL: "_c_int00"  address: 000042a4


MEMORY CONFIGURATION

         name            origin    length      used     unused   attr    fill
----------------------  --------  ---------  --------  --------  ----  --------
  VECTORS               00000000   00000020  00000020  00000000     X
  FLASH0                00000020   001fffe0  00004764  001fb87c  R  X
  FLASH1                00200000   00200000  00000000  00200000  R  X
  STACKS                08000000   00001500  00000000  00001500  RW  
  RAM                   08001500   0007eb00  00000072  0007ea8e  RW  


SEGMENT ALLOCATION MAP

run origin  load origin   length   init length attrs members
----------  ----------- ---------- ----------- ----- -------
00000000    00000000    00004534   00004534    r-x
  00000000    00000000    00000020   00000020    r-x .intvecs
  00000020    00000020    00004514   00004514    r-x .text
00004540    00004540    00000250   00000250    r--
  00004540    00004540    00000200   00000200    r-- .const
  00004740    00004740    00000050   00000050    r-- .cinit
08001500    08001500    00000072   00000000    rw-
  08001500    08001500    00000050   00000000    rw- .bss
  08001550    08001550    00000022   00000000    rw- .data


SECTION ALLOCATION MAP

 output                                  attributes/
section   page    origin      length       input sections
--------  ----  ----------  ----------   ----------------
.intvecs   0    00000000    00000020     
                  00000000    00000020     HL_sys_intvecs.obj (.intvecs)

.text      0    00000020    00004514     
                  00000020    000009c0     HL_pinmux.obj (.text)
                  000009e0    00000998     HL_system.obj (.text)
                  00001378    00000938     HL_sys_vim.obj (.text)
                  00001cb0    00000870     HL_sci.obj (.text)
                  00002520    0000078c     HL_esm.obj (.text)
                  00002cac    00000664     HL_errata_SSWF021_45.obj (.text)
                  00003310    000003c4     HL_sys_core.obj (.text)
                  000036d4    0000036c     HL_sys_mpu.obj (.text)
                  00003a40    0000033c     HL_sys_vim.obj (.text:retain)
                  00003d7c    00000180     rtsv7R4_A_be_v3D16_eabi.lib : memcpy32.asm.obj (.text)
                  00003efc    00000178     HL_esm.obj (.text:retain)
                  00004074    0000013c     rtsv7R4_A_be_v3D16_eabi.lib : s_floor.c.obj (.text:floor)
                  000041b0    000000f4     HL_sys_main.obj (.text)
                  000042a4    000000d8     HL_sys_startup.obj (.text:retain)
                  0000437c    00000090     rtsv7R4_A_be_v3D16_eabi.lib : copy_decompress_lzss.c.obj (.text:decompress:lzss:__TI_decompress_lzss)
                  0000440c    00000074     HL_notification.obj (.text)
                  00004480    00000068     rtsv7R4_A_be_v3D16_eabi.lib : autoinit.c.obj (.text:__TI_auto_init_nobinit_nopinit:__TI_auto_init_nobinit_nopinit)
                  000044e8    00000028                                 : copy_zero_init.c.obj (.text:decompress:ZI:__TI_zero_init_nomemset:__TI_zero_init_nomemset)
                  00004510    00000014                                 : copy_decompress_none.c.obj (.text:decompress:none:__TI_decompress_none)
                  00004524    00000008                                 : exit.c.obj (.text:abort:abort)
                  0000452c    00000004     HL_sys_startup.obj (.text)
                  00004530    00000004     HL_sys_phantom.obj (.text:retain)

.const     0    00004540    00000200     
                  00004540    00000200     HL_sys_vim.obj (.const:s_vim_init)

.cinit     0    00004740    00000050     
                  00004740    0000002a     (.cinit..data.load) [load image]
                  0000476a    00000002     --HOLE-- [fill = 0]
                  0000476c    0000000c     (__TI_handler_table)
                  00004778    00000008     (.cinit..bss.load) [load image, compression = zero_init]
                  00004780    00000010     (__TI_cinit_table)

.bss       0    08001500    00000050     UNINITIALIZED
                  08001500    00000050     HL_sci.obj (.bss:g_sciTransfer_t)

.data      0    08001550    00000022     UNINITIALIZED
                  08001550    00000012     HL_sys_main.obj (.data:TEXT2)
                  08001562    0000000a     HL_sys_main.obj (.data:TEXT1)
                  0800156c    00000006     HL_sys_main.obj (.data:TEXT3)

__llvm_prf_cnts 
*          0    08001500    00000000     UNINITIALIZED

MODULE SUMMARY

       Module                       code    ro data   rw data
       ------                       ----    -------   -------
    .\source\
       HL_sys_vim.obj               3188    512       0      
       HL_pinmux.obj                2496    0         0      
       HL_system.obj                2456    0         0      
       HL_esm.obj                   2308    0         0      
       HL_sci.obj                   2160    0         80     
       HL_errata_SSWF021_45.obj     1636    0         0      
       HL_sys_core.obj              964     0         0      
       HL_sys_mpu.obj               876     0         0      
       HL_sys_main.obj              244     0         34     
       HL_sys_startup.obj           220     0         0      
       HL_notification.obj          116     0         0      
       HL_sys_intvecs.obj           32      0         0      
       HL_sys_phantom.obj           4       0         0      
    +--+----------------------------+-------+---------+---------+
       Total:                       16700   512       114    
                                                             
    C:\ti\ccs1240\ccs\tools\compiler\ti-cgt-arm_20.2.7.LTS\lib\rtsv7R4_A_be_v3D16_eabi.lib
       memcpy32.asm.obj             384     0         0      
       s_floor.c.obj                316     0         0      
       copy_decompress_lzss.c.obj   144     0         0      
       autoinit.c.obj               104     0         0      
       copy_zero_init.c.obj         40      0         0      
       copy_decompress_none.c.obj   20      0         0      
       exit.c.obj                   8       0         0      
    +--+----------------------------+-------+---------+---------+
       Total:                       1016    0         0      
                                                             
       Linker Generated:            0       78        0      
    +--+----------------------------+-------+---------+---------+
       Grand Total:                 17716   590       114    


LINKER GENERATED COPY TABLES

__TI_cinit_table @ 00004780 records: 2, size/record: 8, table size: 16
	.data: load addr=00004740, load size=0000002a bytes, run addr=08001550, run size=00000022 bytes, compression=copy
	.bss: load addr=00004778, load size=00000008 bytes, run addr=08001500, run size=00000050 bytes, compression=zero_init


LINKER GENERATED HANDLER TABLE

__TI_handler_table @ 0000476c records: 3, size/record: 4, table size: 12
	index: 0, handler: __TI_zero_init
	index: 1, handler: __TI_decompress_lzss
	index: 2, handler: __TI_decompress_none


GLOBAL SYMBOLS: SORTED ALPHABETICALLY BY Name 

address   name                                
-------   ----                                
00004524  C$$EXIT                             
UNDEFED   SHT$$INIT_ARRAY$$Base               
UNDEFED   SHT$$INIT_ARRAY$$Limit              
08001562  TEXT1                               
08001550  TEXT2                               
0800156c  TEXT3                               
00004780  __TI_CINIT_Base                     
00004790  __TI_CINIT_Limit                    
0000476c  __TI_Handler_Table_Base             
00004778  __TI_Handler_Table_Limit            
000036cc  __TI_PINIT_Base                     
000036d0  __TI_PINIT_Limit                    
00004480  __TI_auto_init_nobinit_nopinit      
0000437c  __TI_decompress_lzss                
00004510  __TI_decompress_none                
ffffffff  __TI_pprof_out_hndl                 
ffffffff  __TI_prof_data_size                 
ffffffff  __TI_prof_data_start                
00000000  __TI_static_base__                  
000044e8  __TI_zero_init_nomemset             
00003d7c  __aeabi_memcpy                      
00003d7c  __aeabi_memcpy4                     
00003d7c  __aeabi_memcpy8                     
ffffffff  __binit__                           
ffffffff  __c_args__                          
08001500  __start___llvm_prf_cnts             
08001500  __stop___llvm_prf_cnts              
000042a4  _c_int00                            
00003680  _cacheDisable_                      
0000363c  _cacheEnable_                       
0000361c  _checkMemInitOn_                    
00003528  _coreClearAuxiliaryDataFault_       
0000353c  _coreClearAuxiliaryInstructionFault_
00003500  _coreClearDataFaultAddress_         
000034d8  _coreClearDataFault_                
00003514  _coreClearInstructionFaultAddress_  
000034ec  _coreClearInstructionFault_         
000034b0  _coreDisableEventBusExport_         
000034a0  _coreEnableEventBusExport_          
000034c0  _coreEnableIrqVicOffset_            
00003488  _coreEnableVfp_                     
00003520  _coreGetAuxiliaryDataFault_         
00003534  _coreGetAuxiliaryInstructionFault_  
000034f8  _coreGetDataFaultAddress_           
000034d0  _coreGetDataFault_                  
0000350c  _coreGetInstructionFaultAddress_    
000034e4  _coreGetInstructionFault_           
00003310  _coreInitRegisters_                 
0000341c  _coreInitStackPointer_              
000036a4  _dCacheInvalidate_                  
00003548  _disable_IRQ_interrupt_             
00003550  _enable_IRQ_interrupt_              
00003558  _enable_interrupt_                  
00002cac  _errata_SSWF021_45_both_plls        
00002ea0  _errata_SSWF021_45_pll1             
00003018  _errata_SSWF021_45_pll2             
00003560  _esmCcmErrorsClear_                 
00003468  _getCPSRValue_                      
00003470  _gotoCPUIdle_                       
000036b8  _iCacheInvalidate_                  
000035e8  _memInit_                           
000039e8  _mpuAreRegionsSeparate_             
000039cc  _mpuDisableBackgroundRegion_        
000039a4  _mpuDisable_                        
000039bc  _mpuEnableBackgroundRegion_         
0000398c  _mpuEnable_                         
000039dc  _mpuGetNumberOfRegions_             
00003a0c  _mpuGetRegionBaseAddress_           
00003a2c  _mpuGetRegionPermission_            
00003a20  _mpuGetRegionType_                  
000039fc  _mpuGetRegion_                      
000036d4  _mpuInit_                           
00003a04  _mpuSetRegionBaseAddress_           
00003a38  _mpuSetRegionSizeRegister_          
00003a14  _mpuSetRegionTypeAndPermission_     
000039f4  _mpuSetRegion_                      
UNDEFED   _system_post_cinit                  
00004524  abort                               
ffffffff  binit                               
000012d0  customTrimLPO                       
00004444  dmaGroupANotification               
0000446c  epcCAMFullNotification              
00004470  epcFIFOFullNotification             
00002730  esmActivateNormalOperation          
0000287c  esmClearStatus                      
000028e0  esmClearStatusBuffer                
000028bc  esmClearStatusUpper                 
000026dc  esmDisableError                     
00002704  esmDisableErrorUpper                
00002784  esmDisableInterrupt                 
000027ac  esmDisableInterruptUpper            
00002698  esmEnableError                      
000026c0  esmEnableErrorUpper                 
00002740  esmEnableInterrupt                  
00002768  esmEnableInterruptUpper             
00002a10  esmEnterSelfTest                    
0000267c  esmError                            
00002ae8  esmGetConfigValue                   
0000291c  esmGetStatus                        
000029e8  esmGetStatusBuffer                  
000029a0  esmGetStatusUpper                   
0000440c  esmGroup1Notification               
00004420  esmGroup2Notification               
00004434  esmGroup3Notification               
00003efc  esmHighInterrupt                    
00002520  esmInit                             
00002a98  esmSelfTestStatus                   
000028fc  esmSetCounterPreloadValue           
000027c8  esmSetInterruptLevel                
0000283c  esmSetInterruptLevelUpper           
00002720  esmTriggerErrorPinReset             
00004074  floor                               
00004074  floorl                              
00000d78  getResetSource                      
0000452c  handlePLLLockFail                   
000041b0  main                                
00000ba8  mapClocks                           
00003d7c  memcpy                              
00000020  muxInit                             
00000af4  periphInit                          
00004530  phantomInterrupt                    
00000000  resetEntry                          
0000236c  sci1GetConfigValue                  
000021e0  sciDisableLoopback                  
00002294  sciDisableNotification              
000041f4  sciDisplayText                      
000021ac  sciEnableLoopback                   
000021fc  sciEnableNotification               
0000232c  sciEnterResetState                  
0000234c  sciExitResetState                   
00001cb0  sciInit                             
00002024  sciIsIdleDetected                   
00002008  sciIsRxReady                        
00001e58  sciIsTxReady                        
00004458  sciNotification                     
0000209c  sciReceive                          
00002070  sciReceiveByte                      
00002040  sciRxError                          
00001ea4  sciSend                             
00001e74  sciSendByte                         
00001dbc  sciSetBaudrate                      
00001d9c  sciSetFunctional                    
00000ab4  setupFlash                          
000009e0  setupPLL                            
00000ea0  systemGetConfigValue                
00000cd4  systemInit                          
00000d48  systemPowerDown                     
00000a40  trimLPO                             
0000144c  vimChannelMap                       
000016b8  vimDisableInterrupt                 
00003a40  vimECCErrorHandler                  
000014f0  vimEnableInterrupt                  
00001764  vimGetConfigValue                   
00001378  vimInit                             
00004254  wait                                


GLOBAL SYMBOLS: SORTED BY Symbol Address 

address   name                                
-------   ----                                
00000000  __TI_static_base__                  
00000000  resetEntry                          
00000020  muxInit                             
000009e0  setupPLL                            
00000a40  trimLPO                             
00000ab4  setupFlash                          
00000af4  periphInit                          
00000ba8  mapClocks                           
00000cd4  systemInit                          
00000d48  systemPowerDown                     
00000d78  getResetSource                      
00000ea0  systemGetConfigValue                
000012d0  customTrimLPO                       
00001378  vimInit                             
0000144c  vimChannelMap                       
000014f0  vimEnableInterrupt                  
000016b8  vimDisableInterrupt                 
00001764  vimGetConfigValue                   
00001cb0  sciInit                             
00001d9c  sciSetFunctional                    
00001dbc  sciSetBaudrate                      
00001e58  sciIsTxReady                        
00001e74  sciSendByte                         
00001ea4  sciSend                             
00002008  sciIsRxReady                        
00002024  sciIsIdleDetected                   
00002040  sciRxError                          
00002070  sciReceiveByte                      
0000209c  sciReceive                          
000021ac  sciEnableLoopback                   
000021e0  sciDisableLoopback                  
000021fc  sciEnableNotification               
00002294  sciDisableNotification              
0000232c  sciEnterResetState                  
0000234c  sciExitResetState                   
0000236c  sci1GetConfigValue                  
00002520  esmInit                             
0000267c  esmError                            
00002698  esmEnableError                      
000026c0  esmEnableErrorUpper                 
000026dc  esmDisableError                     
00002704  esmDisableErrorUpper                
00002720  esmTriggerErrorPinReset             
00002730  esmActivateNormalOperation          
00002740  esmEnableInterrupt                  
00002768  esmEnableInterruptUpper             
00002784  esmDisableInterrupt                 
000027ac  esmDisableInterruptUpper            
000027c8  esmSetInterruptLevel                
0000283c  esmSetInterruptLevelUpper           
0000287c  esmClearStatus                      
000028bc  esmClearStatusUpper                 
000028e0  esmClearStatusBuffer                
000028fc  esmSetCounterPreloadValue           
0000291c  esmGetStatus                        
000029a0  esmGetStatusUpper                   
000029e8  esmGetStatusBuffer                  
00002a10  esmEnterSelfTest                    
00002a98  esmSelfTestStatus                   
00002ae8  esmGetConfigValue                   
00002cac  _errata_SSWF021_45_both_plls        
00002ea0  _errata_SSWF021_45_pll1             
00003018  _errata_SSWF021_45_pll2             
00003310  _coreInitRegisters_                 
0000341c  _coreInitStackPointer_              
00003468  _getCPSRValue_                      
00003470  _gotoCPUIdle_                       
00003488  _coreEnableVfp_                     
000034a0  _coreEnableEventBusExport_          
000034b0  _coreDisableEventBusExport_         
000034c0  _coreEnableIrqVicOffset_            
000034d0  _coreGetDataFault_                  
000034d8  _coreClearDataFault_                
000034e4  _coreGetInstructionFault_           
000034ec  _coreClearInstructionFault_         
000034f8  _coreGetDataFaultAddress_           
00003500  _coreClearDataFaultAddress_         
0000350c  _coreGetInstructionFaultAddress_    
00003514  _coreClearInstructionFaultAddress_  
00003520  _coreGetAuxiliaryDataFault_         
00003528  _coreClearAuxiliaryDataFault_       
00003534  _coreGetAuxiliaryInstructionFault_  
0000353c  _coreClearAuxiliaryInstructionFault_
00003548  _disable_IRQ_interrupt_             
00003550  _enable_IRQ_interrupt_              
00003558  _enable_interrupt_                  
00003560  _esmCcmErrorsClear_                 
000035e8  _memInit_                           
0000361c  _checkMemInitOn_                    
0000363c  _cacheEnable_                       
00003680  _cacheDisable_                      
000036a4  _dCacheInvalidate_                  
000036b8  _iCacheInvalidate_                  
000036cc  __TI_PINIT_Base                     
000036d0  __TI_PINIT_Limit                    
000036d4  _mpuInit_                           
0000398c  _mpuEnable_                         
000039a4  _mpuDisable_                        
000039bc  _mpuEnableBackgroundRegion_         
000039cc  _mpuDisableBackgroundRegion_        
000039dc  _mpuGetNumberOfRegions_             
000039e8  _mpuAreRegionsSeparate_             
000039f4  _mpuSetRegion_                      
000039fc  _mpuGetRegion_                      
00003a04  _mpuSetRegionBaseAddress_           
00003a0c  _mpuGetRegionBaseAddress_           
00003a14  _mpuSetRegionTypeAndPermission_     
00003a20  _mpuGetRegionType_                  
00003a2c  _mpuGetRegionPermission_            
00003a38  _mpuSetRegionSizeRegister_          
00003a40  vimECCErrorHandler                  
00003d7c  __aeabi_memcpy                      
00003d7c  __aeabi_memcpy4                     
00003d7c  __aeabi_memcpy8                     
00003d7c  memcpy                              
00003efc  esmHighInterrupt                    
00004074  floor                               
00004074  floorl                              
000041b0  main                                
000041f4  sciDisplayText                      
00004254  wait                                
000042a4  _c_int00                            
0000437c  __TI_decompress_lzss                
0000440c  esmGroup1Notification               
00004420  esmGroup2Notification               
00004434  esmGroup3Notification               
00004444  dmaGroupANotification               
00004458  sciNotification                     
0000446c  epcCAMFullNotification              
00004470  epcFIFOFullNotification             
00004480  __TI_auto_init_nobinit_nopinit      
000044e8  __TI_zero_init_nomemset             
00004510  __TI_decompress_none                
00004524  C$$EXIT                             
00004524  abort                               
0000452c  handlePLLLockFail                   
00004530  phantomInterrupt                    
0000476c  __TI_Handler_Table_Base             
00004778  __TI_Handler_Table_Limit            
00004780  __TI_CINIT_Base                     
00004790  __TI_CINIT_Limit                    
08001500  __start___llvm_prf_cnts             
08001500  __stop___llvm_prf_cnts              
08001550  TEXT2                               
08001562  TEXT1                               
0800156c  TEXT3                               
ffffffff  __TI_pprof_out_hndl                 
ffffffff  __TI_prof_data_size                 
ffffffff  __TI_prof_data_start                
ffffffff  __binit__                           
ffffffff  __c_args__                          
ffffffff  binit                               
UNDEFED   SHT$$INIT_ARRAY$$Base               
UNDEFED   SHT$$INIT_ARRAY$$Limit              
UNDEFED   _system_post_cinit                  

[155 symbols]
