<?xml version="1.0" encoding="ISO-8859-1" ?>
<link_info>
   <banner>TI ARM Linker PC v20.2.7.LTS</banner>
   <copyright>Copyright (c) 1996-2018 Texas Instruments Incorporated</copyright>
   <link_time>0x652d4746</link_time>
   <link_errors>0x0</link_errors>
   <output_file>lc43_adc.out</output_file>
   <entry_point>
      <name>_c_int00</name>
      <address>0x783c</address>
   </entry_point>
   <input_file_list>
      <input_file id="fl-2">
         <path>.\source\</path>
         <kind>object</kind>
         <file>HL_adc.obj</file>
         <name>HL_adc.obj</name>
      </input_file>
      <input_file id="fl-3">
         <path>.\source\</path>
         <kind>object</kind>
         <file>HL_epc.obj</file>
         <name>HL_epc.obj</name>
      </input_file>
      <input_file id="fl-4">
         <path>.\source\</path>
         <kind>object</kind>
         <file>HL_errata.obj</file>
         <name>HL_errata.obj</name>
      </input_file>
      <input_file id="fl-5">
         <path>.\source\</path>
         <kind>object</kind>
         <file>HL_errata_SSWF021_45.obj</file>
         <name>HL_errata_SSWF021_45.obj</name>
      </input_file>
      <input_file id="fl-6">
         <path>.\source\</path>
         <kind>object</kind>
         <file>HL_esm.obj</file>
         <name>HL_esm.obj</name>
      </input_file>
      <input_file id="fl-7">
         <path>.\source\</path>
         <kind>object</kind>
         <file>HL_gio.obj</file>
         <name>HL_gio.obj</name>
      </input_file>
      <input_file id="fl-8">
         <path>.\source\</path>
         <kind>object</kind>
         <file>HL_nmpu.obj</file>
         <name>HL_nmpu.obj</name>
      </input_file>
      <input_file id="fl-9">
         <path>.\source\</path>
         <kind>object</kind>
         <file>HL_notification.obj</file>
         <name>HL_notification.obj</name>
      </input_file>
      <input_file id="fl-a">
         <path>.\source\</path>
         <kind>object</kind>
         <file>HL_pinmux.obj</file>
         <name>HL_pinmux.obj</name>
      </input_file>
      <input_file id="fl-b">
         <path>.\source\</path>
         <kind>object</kind>
         <file>HL_sci.obj</file>
         <name>HL_sci.obj</name>
      </input_file>
      <input_file id="fl-c">
         <path>.\source\</path>
         <kind>object</kind>
         <file>HL_sys_core.obj</file>
         <name>HL_sys_core.obj</name>
      </input_file>
      <input_file id="fl-d">
         <path>.\source\</path>
         <kind>object</kind>
         <file>HL_sys_dma.obj</file>
         <name>HL_sys_dma.obj</name>
      </input_file>
      <input_file id="fl-e">
         <path>.\source\</path>
         <kind>object</kind>
         <file>HL_sys_intvecs.obj</file>
         <name>HL_sys_intvecs.obj</name>
      </input_file>
      <input_file id="fl-f">
         <path>.\source\</path>
         <kind>object</kind>
         <file>HL_sys_main.obj</file>
         <name>HL_sys_main.obj</name>
      </input_file>
      <input_file id="fl-10">
         <path>.\source\</path>
         <kind>object</kind>
         <file>HL_sys_mpu.obj</file>
         <name>HL_sys_mpu.obj</name>
      </input_file>
      <input_file id="fl-11">
         <path>.\source\</path>
         <kind>object</kind>
         <file>HL_sys_pcr.obj</file>
         <name>HL_sys_pcr.obj</name>
      </input_file>
      <input_file id="fl-12">
         <path>.\source\</path>
         <kind>object</kind>
         <file>HL_sys_phantom.obj</file>
         <name>HL_sys_phantom.obj</name>
      </input_file>
      <input_file id="fl-13">
         <path>.\source\</path>
         <kind>object</kind>
         <file>HL_sys_pmm.obj</file>
         <name>HL_sys_pmm.obj</name>
      </input_file>
      <input_file id="fl-14">
         <path>.\source\</path>
         <kind>object</kind>
         <file>HL_sys_pmu.obj</file>
         <name>HL_sys_pmu.obj</name>
      </input_file>
      <input_file id="fl-15">
         <path>.\source\</path>
         <kind>object</kind>
         <file>HL_sys_startup.obj</file>
         <name>HL_sys_startup.obj</name>
      </input_file>
      <input_file id="fl-16">
         <path>.\source\</path>
         <kind>object</kind>
         <file>HL_sys_vim.obj</file>
         <name>HL_sys_vim.obj</name>
      </input_file>
      <input_file id="fl-17">
         <path>.\source\</path>
         <kind>object</kind>
         <file>HL_system.obj</file>
         <name>HL_system.obj</name>
      </input_file>
      <input_file id="fl-1b">
         <kind>object</kind>
         <file>&lt;internal&gt;</file>
         <name>&lt;internal&gt;</name>
      </input_file>
      <input_file id="fl-d1">
         <path>C:\ti\ccs1240\ccs\tools\compiler\ti-cgt-arm_20.2.7.LTS\lib\</path>
         <kind>archive</kind>
         <file>rtsv7R4_A_be_v3D16_eabi.lib</file>
         <name>printf.c.obj</name>
      </input_file>
      <input_file id="fl-d2">
         <path>C:\ti\ccs1240\ccs\tools\compiler\ti-cgt-arm_20.2.7.LTS\lib\</path>
         <kind>archive</kind>
         <file>rtsv7R4_A_be_v3D16_eabi.lib</file>
         <name>_printfi.c.obj</name>
      </input_file>
      <input_file id="fl-d3">
         <path>C:\ti\ccs1240\ccs\tools\compiler\ti-cgt-arm_20.2.7.LTS\lib\</path>
         <kind>archive</kind>
         <file>rtsv7R4_A_be_v3D16_eabi.lib</file>
         <name>fputc.c.obj</name>
      </input_file>
      <input_file id="fl-d4">
         <path>C:\ti\ccs1240\ccs\tools\compiler\ti-cgt-arm_20.2.7.LTS\lib\</path>
         <kind>archive</kind>
         <file>rtsv7R4_A_be_v3D16_eabi.lib</file>
         <name>fputs.c.obj</name>
      </input_file>
      <input_file id="fl-d5">
         <path>C:\ti\ccs1240\ccs\tools\compiler\ti-cgt-arm_20.2.7.LTS\lib\</path>
         <kind>archive</kind>
         <file>rtsv7R4_A_be_v3D16_eabi.lib</file>
         <name>_io_perm.c.obj</name>
      </input_file>
      <input_file id="fl-d6">
         <path>C:\ti\ccs1240\ccs\tools\compiler\ti-cgt-arm_20.2.7.LTS\lib\</path>
         <kind>archive</kind>
         <file>rtsv7R4_A_be_v3D16_eabi.lib</file>
         <name>setvbuf.c.obj</name>
      </input_file>
      <input_file id="fl-d7">
         <path>C:\ti\ccs1240\ccs\tools\compiler\ti-cgt-arm_20.2.7.LTS\lib\</path>
         <kind>archive</kind>
         <file>rtsv7R4_A_be_v3D16_eabi.lib</file>
         <name>s_floor.c.obj</name>
      </input_file>
      <input_file id="fl-d8">
         <path>C:\ti\ccs1240\ccs\tools\compiler\ti-cgt-arm_20.2.7.LTS\lib\</path>
         <kind>archive</kind>
         <file>rtsv7R4_A_be_v3D16_eabi.lib</file>
         <name>s_frexp.c.obj</name>
      </input_file>
      <input_file id="fl-d9">
         <path>C:\ti\ccs1240\ccs\tools\compiler\ti-cgt-arm_20.2.7.LTS\lib\</path>
         <kind>archive</kind>
         <file>rtsv7R4_A_be_v3D16_eabi.lib</file>
         <name>s_scalbn.c.obj</name>
      </input_file>
      <input_file id="fl-da">
         <path>C:\ti\ccs1240\ccs\tools\compiler\ti-cgt-arm_20.2.7.LTS\lib\</path>
         <kind>archive</kind>
         <file>rtsv7R4_A_be_v3D16_eabi.lib</file>
         <name>wcslen.c.obj</name>
      </input_file>
      <input_file id="fl-db">
         <path>C:\ti\ccs1240\ccs\tools\compiler\ti-cgt-arm_20.2.7.LTS\lib\</path>
         <kind>archive</kind>
         <file>rtsv7R4_A_be_v3D16_eabi.lib</file>
         <name>memcpy32.asm.obj</name>
      </input_file>
      <input_file id="fl-dc">
         <path>C:\ti\ccs1240\ccs\tools\compiler\ti-cgt-arm_20.2.7.LTS\lib\</path>
         <kind>archive</kind>
         <file>rtsv7R4_A_be_v3D16_eabi.lib</file>
         <name>ull_div32.asm.obj</name>
      </input_file>
      <input_file id="fl-dd">
         <path>C:\ti\ccs1240\ccs\tools\compiler\ti-cgt-arm_20.2.7.LTS\lib\</path>
         <kind>archive</kind>
         <file>rtsv7R4_A_be_v3D16_eabi.lib</file>
         <name>memset32.asm.obj</name>
      </input_file>
      <input_file id="fl-de">
         <path>C:\ti\ccs1240\ccs\tools\compiler\ti-cgt-arm_20.2.7.LTS\lib\</path>
         <kind>archive</kind>
         <file>rtsv7R4_A_be_v3D16_eabi.lib</file>
         <name>u_div32.asm.obj</name>
      </input_file>
      <input_file id="fl-df">
         <path>C:\ti\ccs1240\ccs\tools\compiler\ti-cgt-arm_20.2.7.LTS\lib\</path>
         <kind>archive</kind>
         <file>rtsv7R4_A_be_v3D16_eabi.lib</file>
         <name>autoinit.c.obj</name>
      </input_file>
      <input_file id="fl-e0">
         <path>C:\ti\ccs1240\ccs\tools\compiler\ti-cgt-arm_20.2.7.LTS\lib\</path>
         <kind>archive</kind>
         <file>rtsv7R4_A_be_v3D16_eabi.lib</file>
         <name>cpy_tbl.c.obj</name>
      </input_file>
      <input_file id="fl-e1">
         <path>C:\ti\ccs1240\ccs\tools\compiler\ti-cgt-arm_20.2.7.LTS\lib\</path>
         <kind>archive</kind>
         <file>rtsv7R4_A_be_v3D16_eabi.lib</file>
         <name>copy_zero_init.c.obj</name>
      </input_file>
      <input_file id="fl-e2">
         <path>C:\ti\ccs1240\ccs\tools\compiler\ti-cgt-arm_20.2.7.LTS\lib\</path>
         <kind>archive</kind>
         <file>rtsv7R4_A_be_v3D16_eabi.lib</file>
         <name>copy_decompress_none.c.obj</name>
      </input_file>
      <input_file id="fl-e3">
         <path>C:\ti\ccs1240\ccs\tools\compiler\ti-cgt-arm_20.2.7.LTS\lib\</path>
         <kind>archive</kind>
         <file>rtsv7R4_A_be_v3D16_eabi.lib</file>
         <name>copy_decompress_lzss.c.obj</name>
      </input_file>
      <input_file id="fl-e4">
         <path>C:\ti\ccs1240\ccs\tools\compiler\ti-cgt-arm_20.2.7.LTS\lib\</path>
         <kind>archive</kind>
         <file>rtsv7R4_A_be_v3D16_eabi.lib</file>
         <name>exit.c.obj</name>
      </input_file>
      <input_file id="fl-e5">
         <path>C:\ti\ccs1240\ccs\tools\compiler\ti-cgt-arm_20.2.7.LTS\lib\</path>
         <kind>archive</kind>
         <file>rtsv7R4_A_be_v3D16_eabi.lib</file>
         <name>_lock.c.obj</name>
      </input_file>
      <input_file id="fl-e6">
         <path>C:\ti\ccs1240\ccs\tools\compiler\ti-cgt-arm_20.2.7.LTS\lib\</path>
         <kind>archive</kind>
         <file>rtsv7R4_A_be_v3D16_eabi.lib</file>
         <name>_ltoa.c.obj</name>
      </input_file>
      <input_file id="fl-e7">
         <path>C:\ti\ccs1240\ccs\tools\compiler\ti-cgt-arm_20.2.7.LTS\lib\</path>
         <kind>archive</kind>
         <file>rtsv7R4_A_be_v3D16_eabi.lib</file>
         <name>atoi.c.obj</name>
      </input_file>
      <input_file id="fl-e8">
         <path>C:\ti\ccs1240\ccs\tools\compiler\ti-cgt-arm_20.2.7.LTS\lib\</path>
         <kind>archive</kind>
         <file>rtsv7R4_A_be_v3D16_eabi.lib</file>
         <name>ctype.c.obj</name>
      </input_file>
      <input_file id="fl-e9">
         <path>C:\ti\ccs1240\ccs\tools\compiler\ti-cgt-arm_20.2.7.LTS\lib\</path>
         <kind>archive</kind>
         <file>rtsv7R4_A_be_v3D16_eabi.lib</file>
         <name>defs.c.obj</name>
      </input_file>
      <input_file id="fl-ea">
         <path>C:\ti\ccs1240\ccs\tools\compiler\ti-cgt-arm_20.2.7.LTS\lib\</path>
         <kind>archive</kind>
         <file>rtsv7R4_A_be_v3D16_eabi.lib</file>
         <name>memccpy.c.obj</name>
      </input_file>
      <input_file id="fl-eb">
         <path>C:\ti\ccs1240\ccs\tools\compiler\ti-cgt-arm_20.2.7.LTS\lib\</path>
         <kind>archive</kind>
         <file>rtsv7R4_A_be_v3D16_eabi.lib</file>
         <name>memchr.c.obj</name>
      </input_file>
      <input_file id="fl-ec">
         <path>C:\ti\ccs1240\ccs\tools\compiler\ti-cgt-arm_20.2.7.LTS\lib\</path>
         <kind>archive</kind>
         <file>rtsv7R4_A_be_v3D16_eabi.lib</file>
         <name>memory.c.obj</name>
      </input_file>
      <input_file id="fl-ed">
         <path>C:\ti\ccs1240\ccs\tools\compiler\ti-cgt-arm_20.2.7.LTS\lib\</path>
         <kind>archive</kind>
         <file>rtsv7R4_A_be_v3D16_eabi.lib</file>
         <name>strchr.c.obj</name>
      </input_file>
      <input_file id="fl-ee">
         <path>C:\ti\ccs1240\ccs\tools\compiler\ti-cgt-arm_20.2.7.LTS\lib\</path>
         <kind>archive</kind>
         <file>rtsv7R4_A_be_v3D16_eabi.lib</file>
         <name>strlen.c.obj</name>
      </input_file>
      <input_file id="fl-ef">
         <path>C:\ti\ccs1240\ccs\tools\compiler\ti-cgt-arm_20.2.7.LTS\lib\</path>
         <kind>archive</kind>
         <file>rtsv7R4_A_be_v3D16_eabi.lib</file>
         <name>write.c.obj</name>
      </input_file>
      <input_file id="fl-f0">
         <path>C:\ti\ccs1240\ccs\tools\compiler\ti-cgt-arm_20.2.7.LTS\lib\</path>
         <kind>archive</kind>
         <file>rtsv7R4_A_be_v3D16_eabi.lib</file>
         <name>host_device.c.obj</name>
      </input_file>
      <input_file id="fl-f1">
         <path>C:\ti\ccs1240\ccs\tools\compiler\ti-cgt-arm_20.2.7.LTS\lib\</path>
         <kind>archive</kind>
         <file>rtsv7R4_A_be_v3D16_eabi.lib</file>
         <name>errno.c.obj</name>
      </input_file>
      <input_file id="fl-f2">
         <path>C:\ti\ccs1240\ccs\tools\compiler\ti-cgt-arm_20.2.7.LTS\lib\</path>
         <kind>archive</kind>
         <file>rtsv7R4_A_be_v3D16_eabi.lib</file>
         <name>fflush.c.obj</name>
      </input_file>
      <input_file id="fl-f3">
         <path>C:\ti\ccs1240\ccs\tools\compiler\ti-cgt-arm_20.2.7.LTS\lib\</path>
         <kind>archive</kind>
         <file>rtsv7R4_A_be_v3D16_eabi.lib</file>
         <name>fopen.c.obj</name>
      </input_file>
      <input_file id="fl-f4">
         <path>C:\ti\ccs1240\ccs\tools\compiler\ti-cgt-arm_20.2.7.LTS\lib\</path>
         <kind>archive</kind>
         <file>rtsv7R4_A_be_v3D16_eabi.lib</file>
         <name>fseek.c.obj</name>
      </input_file>
      <input_file id="fl-f5">
         <path>C:\ti\ccs1240\ccs\tools\compiler\ti-cgt-arm_20.2.7.LTS\lib\</path>
         <kind>archive</kind>
         <file>rtsv7R4_A_be_v3D16_eabi.lib</file>
         <name>s_copysign.c.obj</name>
      </input_file>
      <input_file id="fl-f6">
         <path>C:\ti\ccs1240\ccs\tools\compiler\ti-cgt-arm_20.2.7.LTS\lib\</path>
         <kind>archive</kind>
         <file>rtsv7R4_A_be_v3D16_eabi.lib</file>
         <name>div0.asm.obj</name>
      </input_file>
      <input_file id="fl-f7">
         <path>C:\ti\ccs1240\ccs\tools\compiler\ti-cgt-arm_20.2.7.LTS\lib\</path>
         <kind>archive</kind>
         <file>rtsv7R4_A_be_v3D16_eabi.lib</file>
         <name>i_div32.asm.obj</name>
      </input_file>
      <input_file id="fl-f8">
         <path>C:\ti\ccs1240\ccs\tools\compiler\ti-cgt-arm_20.2.7.LTS\lib\</path>
         <kind>archive</kind>
         <file>rtsv7R4_A_be_v3D16_eabi.lib</file>
         <name>hostclose.c.obj</name>
      </input_file>
      <input_file id="fl-f9">
         <path>C:\ti\ccs1240\ccs\tools\compiler\ti-cgt-arm_20.2.7.LTS\lib\</path>
         <kind>archive</kind>
         <file>rtsv7R4_A_be_v3D16_eabi.lib</file>
         <name>hostlseek.c.obj</name>
      </input_file>
      <input_file id="fl-fa">
         <path>C:\ti\ccs1240\ccs\tools\compiler\ti-cgt-arm_20.2.7.LTS\lib\</path>
         <kind>archive</kind>
         <file>rtsv7R4_A_be_v3D16_eabi.lib</file>
         <name>hostopen.c.obj</name>
      </input_file>
      <input_file id="fl-fb">
         <path>C:\ti\ccs1240\ccs\tools\compiler\ti-cgt-arm_20.2.7.LTS\lib\</path>
         <kind>archive</kind>
         <file>rtsv7R4_A_be_v3D16_eabi.lib</file>
         <name>hostread.c.obj</name>
      </input_file>
      <input_file id="fl-fc">
         <path>C:\ti\ccs1240\ccs\tools\compiler\ti-cgt-arm_20.2.7.LTS\lib\</path>
         <kind>archive</kind>
         <file>rtsv7R4_A_be_v3D16_eabi.lib</file>
         <name>hostrename.c.obj</name>
      </input_file>
      <input_file id="fl-fd">
         <path>C:\ti\ccs1240\ccs\tools\compiler\ti-cgt-arm_20.2.7.LTS\lib\</path>
         <kind>archive</kind>
         <file>rtsv7R4_A_be_v3D16_eabi.lib</file>
         <name>hostunlink.c.obj</name>
      </input_file>
      <input_file id="fl-fe">
         <path>C:\ti\ccs1240\ccs\tools\compiler\ti-cgt-arm_20.2.7.LTS\lib\</path>
         <kind>archive</kind>
         <file>rtsv7R4_A_be_v3D16_eabi.lib</file>
         <name>hostwrite.c.obj</name>
      </input_file>
      <input_file id="fl-ff">
         <path>C:\ti\ccs1240\ccs\tools\compiler\ti-cgt-arm_20.2.7.LTS\lib\</path>
         <kind>archive</kind>
         <file>rtsv7R4_A_be_v3D16_eabi.lib</file>
         <name>trgmsg.c.obj</name>
      </input_file>
      <input_file id="fl-100">
         <path>C:\ti\ccs1240\ccs\tools\compiler\ti-cgt-arm_20.2.7.LTS\lib\</path>
         <kind>archive</kind>
         <file>rtsv7R4_A_be_v3D16_eabi.lib</file>
         <name>open.c.obj</name>
      </input_file>
      <input_file id="fl-101">
         <path>C:\ti\ccs1240\ccs\tools\compiler\ti-cgt-arm_20.2.7.LTS\lib\</path>
         <kind>archive</kind>
         <file>rtsv7R4_A_be_v3D16_eabi.lib</file>
         <name>lseek.c.obj</name>
      </input_file>
      <input_file id="fl-102">
         <path>C:\ti\ccs1240\ccs\tools\compiler\ti-cgt-arm_20.2.7.LTS\lib\</path>
         <kind>archive</kind>
         <file>rtsv7R4_A_be_v3D16_eabi.lib</file>
         <name>fclose.c.obj</name>
      </input_file>
      <input_file id="fl-103">
         <path>C:\ti\ccs1240\ccs\tools\compiler\ti-cgt-arm_20.2.7.LTS\lib\</path>
         <kind>archive</kind>
         <file>rtsv7R4_A_be_v3D16_eabi.lib</file>
         <name>getdevice.c.obj</name>
      </input_file>
      <input_file id="fl-104">
         <path>C:\ti\ccs1240\ccs\tools\compiler\ti-cgt-arm_20.2.7.LTS\lib\</path>
         <kind>archive</kind>
         <file>rtsv7R4_A_be_v3D16_eabi.lib</file>
         <name>strcmp.c.obj</name>
      </input_file>
      <input_file id="fl-105">
         <path>C:\ti\ccs1240\ccs\tools\compiler\ti-cgt-arm_20.2.7.LTS\lib\</path>
         <kind>archive</kind>
         <file>rtsv7R4_A_be_v3D16_eabi.lib</file>
         <name>strcpy.c.obj</name>
      </input_file>
      <input_file id="fl-106">
         <path>C:\ti\ccs1240\ccs\tools\compiler\ti-cgt-arm_20.2.7.LTS\lib\</path>
         <kind>archive</kind>
         <file>rtsv7R4_A_be_v3D16_eabi.lib</file>
         <name>strncpy.c.obj</name>
      </input_file>
      <input_file id="fl-107">
         <path>C:\ti\ccs1240\ccs\tools\compiler\ti-cgt-arm_20.2.7.LTS\lib\</path>
         <kind>archive</kind>
         <file>rtsv7R4_A_be_v3D16_eabi.lib</file>
         <name>remove.c.obj</name>
      </input_file>
      <input_file id="fl-108">
         <path>C:\ti\ccs1240\ccs\tools\compiler\ti-cgt-arm_20.2.7.LTS\lib\</path>
         <kind>archive</kind>
         <file>rtsv7R4_A_be_v3D16_eabi.lib</file>
         <name>close.c.obj</name>
      </input_file>
      <input_file id="fl-109">
         <path>C:\ti\ccs1240\ccs\tools\compiler\ti-cgt-arm_20.2.7.LTS\lib\</path>
         <kind>archive</kind>
         <file>rtsv7R4_A_be_v3D16_eabi.lib</file>
         <name>unlink.c.obj</name>
      </input_file>
   </input_file_list>
   <object_component_list>
      <object_component id="oc-2b">
         <name>.intvecs</name>
         <load_address>0x0</load_address>
         <run_address>0x0</run_address>
         <size>0x20</size>
         <input_file_ref idref="fl-e"/>
      </object_component>
      <object_component id="oc-1f3">
         <name>.text:__TI_printfi</name>
         <load_address>0x20</load_address>
         <run_address>0x20</run_address>
         <size>0xfac</size>
         <input_file_ref idref="fl-d2"/>
      </object_component>
      <object_component id="oc-134">
         <name>.text</name>
         <load_address>0xfcc</load_address>
         <run_address>0xfcc</run_address>
         <size>0xaec</size>
         <input_file_ref idref="fl-2"/>
      </object_component>
      <object_component id="oc-da">
         <name>.text</name>
         <load_address>0x1ab8</load_address>
         <run_address>0x1ab8</run_address>
         <size>0x9c0</size>
         <input_file_ref idref="fl-a"/>
      </object_component>
      <object_component id="oc-6d">
         <name>.text</name>
         <load_address>0x2478</load_address>
         <run_address>0x2478</run_address>
         <size>0x998</size>
         <input_file_ref idref="fl-17"/>
      </object_component>
      <object_component id="oc-37">
         <name>.text</name>
         <load_address>0x2e10</load_address>
         <run_address>0x2e10</run_address>
         <size>0x938</size>
         <input_file_ref idref="fl-16"/>
      </object_component>
      <object_component id="oc-12e">
         <name>.text</name>
         <load_address>0x3748</load_address>
         <run_address>0x3748</run_address>
         <size>0x870</size>
         <input_file_ref idref="fl-b"/>
      </object_component>
      <object_component id="oc-85">
         <name>.text</name>
         <load_address>0x3fb8</load_address>
         <run_address>0x3fb8</run_address>
         <size>0x78c</size>
         <input_file_ref idref="fl-6"/>
      </object_component>
      <object_component id="oc-73">
         <name>.text</name>
         <load_address>0x4744</load_address>
         <run_address>0x4744</run_address>
         <size>0x664</size>
         <input_file_ref idref="fl-5"/>
      </object_component>
      <object_component id="oc-128">
         <name>.text</name>
         <load_address>0x4da8</load_address>
         <run_address>0x4da8</run_address>
         <size>0x484</size>
         <input_file_ref idref="fl-7"/>
      </object_component>
      <object_component id="oc-68">
         <name>.text</name>
         <load_address>0x522c</load_address>
         <run_address>0x522c</run_address>
         <size>0x3c4</size>
         <input_file_ref idref="fl-c"/>
      </object_component>
      <object_component id="oc-91">
         <name>.text</name>
         <load_address>0x55f0</load_address>
         <run_address>0x55f0</run_address>
         <size>0x3b8</size>
         <input_file_ref idref="fl-f"/>
      </object_component>
      <object_component id="oc-8b">
         <name>.text</name>
         <load_address>0x59a8</load_address>
         <run_address>0x59a8</run_address>
         <size>0x36c</size>
         <input_file_ref idref="fl-10"/>
      </object_component>
      <object_component id="oc-36">
         <name>.text:retain</name>
         <load_address>0x5d14</load_address>
         <run_address>0x5d14</run_address>
         <size>0x33c</size>
         <input_file_ref idref="fl-16"/>
      </object_component>
      <object_component id="oc-289">
         <name>.text:_pconv_a</name>
         <load_address>0x6050</load_address>
         <run_address>0x6050</run_address>
         <size>0x2dc</size>
         <input_file_ref idref="fl-d2"/>
      </object_component>
      <object_component id="oc-2f4">
         <name>.text</name>
         <load_address>0x632c</load_address>
         <run_address>0x632c</run_address>
         <size>0x2b4</size>
         <input_file_ref idref="fl-dc"/>
      </object_component>
      <object_component id="oc-277">
         <name>.text:_pconv_g</name>
         <load_address>0x65e0</load_address>
         <run_address>0x65e0</run_address>
         <size>0x248</size>
         <input_file_ref idref="fl-d2"/>
      </object_component>
      <object_component id="oc-2bb">
         <name>.text:fputs</name>
         <load_address>0x6828</load_address>
         <run_address>0x6828</run_address>
         <size>0x1a4</size>
         <input_file_ref idref="fl-d4"/>
      </object_component>
      <object_component id="oc-426">
         <name>.text:aligned_alloc</name>
         <load_address>0x69cc</load_address>
         <run_address>0x69cc</run_address>
         <size>0x198</size>
         <input_file_ref idref="fl-ec"/>
      </object_component>
      <object_component id="oc-50">
         <name>.text</name>
         <load_address>0x6b64</load_address>
         <run_address>0x6b64</run_address>
         <size>0x180</size>
         <input_file_ref idref="fl-db"/>
      </object_component>
      <object_component id="oc-22">
         <name>.text:retain</name>
         <load_address>0x6ce4</load_address>
         <run_address>0x6ce4</run_address>
         <size>0x178</size>
         <input_file_ref idref="fl-6"/>
      </object_component>
      <object_component id="oc-3e4">
         <name>.text:free</name>
         <load_address>0x6e5c</load_address>
         <run_address>0x6e5c</run_address>
         <size>0x174</size>
         <input_file_ref idref="fl-ec"/>
      </object_component>
      <object_component id="oc-283">
         <name>.text:_pconv_e</name>
         <load_address>0x6fd0</load_address>
         <run_address>0x6fd0</run_address>
         <size>0x15c</size>
         <input_file_ref idref="fl-d2"/>
      </object_component>
      <object_component id="oc-3b5">
         <name>.text:setvbuf</name>
         <load_address>0x712c</load_address>
         <run_address>0x712c</run_address>
         <size>0x158</size>
         <input_file_ref idref="fl-d6"/>
      </object_component>
      <object_component id="oc-312">
         <name>.text:fcvt</name>
         <load_address>0x7284</load_address>
         <run_address>0x7284</run_address>
         <size>0x144</size>
         <input_file_ref idref="fl-d2"/>
      </object_component>
      <object_component id="oc-1e1">
         <name>.text:floor</name>
         <load_address>0x73c8</load_address>
         <run_address>0x73c8</run_address>
         <size>0x13c</size>
         <input_file_ref idref="fl-d7"/>
      </object_component>
      <object_component id="oc-326">
         <name>.text:scalbn</name>
         <load_address>0x7504</load_address>
         <run_address>0x7504</run_address>
         <size>0x120</size>
         <input_file_ref idref="fl-d9"/>
      </object_component>
      <object_component id="oc-271">
         <name>.text:_ltostr</name>
         <load_address>0x7624</load_address>
         <run_address>0x7624</run_address>
         <size>0x115</size>
         <input_file_ref idref="fl-d2"/>
      </object_component>
      <object_component id="oc-2c2">
         <name>.text:fputc</name>
         <load_address>0x773c</load_address>
         <run_address>0x773c</run_address>
         <size>0x100</size>
         <input_file_ref idref="fl-d3"/>
      </object_component>
      <object_component id="oc-1c">
         <name>.text:retain</name>
         <load_address>0x783c</load_address>
         <run_address>0x783c</run_address>
         <size>0xd8</size>
         <input_file_ref idref="fl-15"/>
      </object_component>
      <object_component id="oc-30b">
         <name>.text:_mcpy</name>
         <load_address>0x7914</load_address>
         <run_address>0x7914</run_address>
         <size>0xc8</size>
         <input_file_ref idref="fl-d2"/>
      </object_component>
      <object_component id="oc-42d">
         <name>.text:__TI_closefile</name>
         <load_address>0x79dc</load_address>
         <run_address>0x79dc</run_address>
         <size>0xb8</size>
         <input_file_ref idref="fl-102"/>
      </object_component>
      <object_component id="oc-d3">
         <name>.text</name>
         <load_address>0x7a94</load_address>
         <run_address>0x7a94</run_address>
         <size>0xb0</size>
         <input_file_ref idref="fl-dd"/>
      </object_component>
      <object_component id="oc-46e">
         <name>.text:split</name>
         <load_address>0x7b44</load_address>
         <run_address>0x7b44</run_address>
         <size>0xb0</size>
         <input_file_ref idref="fl-ec"/>
      </object_component>
      <object_component id="oc-451">
         <name>.text:HOSTlseek</name>
         <load_address>0x7bf4</load_address>
         <run_address>0x7bf4</run_address>
         <size>0xac</size>
         <input_file_ref idref="fl-f9"/>
      </object_component>
      <object_component id="oc-3af">
         <name>.text:fseek</name>
         <load_address>0x7ca0</load_address>
         <run_address>0x7ca0</run_address>
         <size>0xa8</size>
         <input_file_ref idref="fl-f4"/>
      </object_component>
      <object_component id="oc-45d">
         <name>.text:HOSTrename</name>
         <load_address>0x7d48</load_address>
         <run_address>0x7d48</run_address>
         <size>0xa4</size>
         <input_file_ref idref="fl-fc"/>
      </object_component>
      <object_component id="oc-357">
         <name>.text:__TI_wrt_ok</name>
         <load_address>0x7dec</load_address>
         <run_address>0x7dec</run_address>
         <size>0xa0</size>
         <input_file_ref idref="fl-d5"/>
      </object_component>
      <object_component id="oc-7f">
         <name>.text</name>
         <load_address>0x7e8c</load_address>
         <run_address>0x7e8c</run_address>
         <size>0x9c</size>
         <input_file_ref idref="fl-9"/>
      </object_component>
      <object_component id="oc-13a">
         <name>.text:printf</name>
         <load_address>0x7f28</load_address>
         <run_address>0x7f28</run_address>
         <size>0x9c</size>
         <input_file_ref idref="fl-d1"/>
      </object_component>
      <object_component id="oc-439">
         <name>.text:HOSTopen</name>
         <load_address>0x7fc4</load_address>
         <run_address>0x7fc4</run_address>
         <size>0x98</size>
         <input_file_ref idref="fl-fa"/>
      </object_component>
      <object_component id="oc-305">
         <name>.text:_ecpy</name>
         <load_address>0x805c</load_address>
         <run_address>0x805c</run_address>
         <size>0x98</size>
         <input_file_ref idref="fl-d2"/>
      </object_component>
      <object_component id="oc-475">
         <name>.text:close</name>
         <load_address>0x80f4</load_address>
         <run_address>0x80f4</run_address>
         <size>0x98</size>
         <input_file_ref idref="fl-108"/>
      </object_component>
      <object_component id="oc-445">
         <name>.text:HOSTread</name>
         <load_address>0x818c</load_address>
         <run_address>0x818c</run_address>
         <size>0x90</size>
         <input_file_ref idref="fl-fb"/>
      </object_component>
      <object_component id="oc-44b">
         <name>.text:HOSTwrite</name>
         <load_address>0x821c</load_address>
         <run_address>0x821c</run_address>
         <size>0x90</size>
         <input_file_ref idref="fl-fe"/>
      </object_component>
      <object_component id="oc-f">
         <name>.text:decompress:lzss:__TI_decompress_lzss</name>
         <load_address>0x82ac</load_address>
         <run_address>0x82ac</run_address>
         <size>0x90</size>
         <input_file_ref idref="fl-e3"/>
      </object_component>
      <object_component id="oc-320">
         <name>.text:frexp</name>
         <load_address>0x833c</load_address>
         <run_address>0x833c</run_address>
         <size>0x8c</size>
         <input_file_ref idref="fl-d8"/>
      </object_component>
      <object_component id="oc-363">
         <name>.text:__TI_doflush</name>
         <load_address>0x83c8</load_address>
         <run_address>0x83c8</run_address>
         <size>0x84</size>
         <input_file_ref idref="fl-f2"/>
      </object_component>
      <object_component id="oc-26b">
         <name>.text:atoi</name>
         <load_address>0x844c</load_address>
         <run_address>0x844c</run_address>
         <size>0x84</size>
         <input_file_ref idref="fl-e7"/>
      </object_component>
      <object_component id="oc-2ff">
         <name>.text:__TI_ltoa</name>
         <load_address>0x84d0</load_address>
         <run_address>0x84d0</run_address>
         <size>0x80</size>
         <input_file_ref idref="fl-e6"/>
      </object_component>
      <object_component id="oc-154">
         <name>.text:exit</name>
         <load_address>0x8550</load_address>
         <run_address>0x8550</run_address>
         <size>0x7c</size>
         <input_file_ref idref="fl-e4"/>
      </object_component>
      <object_component id="oc-43f">
         <name>.text:HOSTclose</name>
         <load_address>0x85cc</load_address>
         <run_address>0x85cc</run_address>
         <size>0x74</size>
         <input_file_ref idref="fl-f8"/>
      </object_component>
      <object_component id="oc-27d">
         <name>.text:_pconv_f</name>
         <load_address>0x8640</load_address>
         <run_address>0x8640</run_address>
         <size>0x74</size>
         <input_file_ref idref="fl-d2"/>
      </object_component>
      <object_component id="oc-457">
         <name>.text:HOSTunlink</name>
         <load_address>0x86b4</load_address>
         <run_address>0x86b4</run_address>
         <size>0x70</size>
         <input_file_ref idref="fl-fd"/>
      </object_component>
      <object_component id="oc-4ad">
         <name>.text:getdevice</name>
         <load_address>0x8724</load_address>
         <run_address>0x8724</run_address>
         <size>0x6c</size>
         <input_file_ref idref="fl-103"/>
      </object_component>
      <object_component id="oc-f8">
         <name>.text:__TI_auto_init_nobinit_nopinit:__TI_auto_init_nobinit_nopinit</name>
         <load_address>0x8790</load_address>
         <run_address>0x8790</run_address>
         <size>0x68</size>
         <input_file_ref idref="fl-df"/>
      </object_component>
      <object_component id="oc-318">
         <name>.text:_fcpy</name>
         <load_address>0x87f8</load_address>
         <run_address>0x87f8</run_address>
         <size>0x64</size>
         <input_file_ref idref="fl-d2"/>
      </object_component>
      <object_component id="oc-3f0">
         <name>.text:__TI_cleanup</name>
         <load_address>0x885c</load_address>
         <run_address>0x885c</run_address>
         <size>0x54</size>
         <input_file_ref idref="fl-f3"/>
      </object_component>
      <object_component id="oc-48c">
         <name>.text:__TI_readmsg</name>
         <load_address>0x88b0</load_address>
         <run_address>0x88b0</run_address>
         <size>0x54</size>
         <input_file_ref idref="fl-ff"/>
      </object_component>
      <object_component id="oc-486">
         <name>.text:__TI_writemsg</name>
         <load_address>0x8904</load_address>
         <run_address>0x8904</run_address>
         <size>0x54</size>
         <input_file_ref idref="fl-ff"/>
      </object_component>
      <object_component id="oc-4d5">
         <name>.text:finddevice</name>
         <load_address>0x8958</load_address>
         <run_address>0x8958</run_address>
         <size>0x54</size>
         <input_file_ref idref="fl-103"/>
      </object_component>
      <object_component id="oc-381">
         <name>.text</name>
         <load_address>0x89ac</load_address>
         <run_address>0x89ac</run_address>
         <size>0x54</size>
         <input_file_ref idref="fl-f7"/>
      </object_component>
      <object_component id="oc-2f9">
         <name>.text</name>
         <load_address>0x8a00</load_address>
         <run_address>0x8a00</run_address>
         <size>0x50</size>
         <input_file_ref idref="fl-de"/>
      </object_component>
      <object_component id="oc-4cf">
         <name>.text:strncpy</name>
         <load_address>0x8a50</load_address>
         <run_address>0x8a50</run_address>
         <size>0x48</size>
         <input_file_ref idref="fl-106"/>
      </object_component>
      <object_component id="oc-47b">
         <name>.text:unlink</name>
         <load_address>0x8a98</load_address>
         <run_address>0x8a98</run_address>
         <size>0x48</size>
         <input_file_ref idref="fl-109"/>
      </object_component>
      <object_component id="oc-3dc">
         <name>.text:lseek</name>
         <load_address>0x8ae0</load_address>
         <run_address>0x8ae0</run_address>
         <size>0x44</size>
         <input_file_ref idref="fl-101"/>
      </object_component>
      <object_component id="oc-369">
         <name>.text:write</name>
         <load_address>0x8b24</load_address>
         <run_address>0x8b24</run_address>
         <size>0x44</size>
         <input_file_ref idref="fl-ef"/>
      </object_component>
      <object_component id="oc-41f">
         <name>.text:free_list_insert</name>
         <load_address>0x8b68</load_address>
         <run_address>0x8b68</run_address>
         <size>0x40</size>
         <input_file_ref idref="fl-ec"/>
      </object_component>
      <object_component id="oc-419">
         <name>.text:free_list_remove</name>
         <load_address>0x8ba8</load_address>
         <run_address>0x8ba8</run_address>
         <size>0x30</size>
         <input_file_ref idref="fl-ec"/>
      </object_component>
      <object_component id="oc-28f">
         <name>.text:memccpy</name>
         <load_address>0x8bd8</load_address>
         <run_address>0x8bd8</run_address>
         <size>0x30</size>
         <input_file_ref idref="fl-ea"/>
      </object_component>
      <object_component id="oc-35d">
         <name>.text:memchr</name>
         <load_address>0x8c08</load_address>
         <run_address>0x8c08</run_address>
         <size>0x2c</size>
         <input_file_ref idref="fl-eb"/>
      </object_component>
      <object_component id="oc-5c">
         <name>.text:decompress:ZI:__TI_zero_init_nomemset:__TI_zero_init_nomemset</name>
         <load_address>0x8c34</load_address>
         <run_address>0x8c34</run_address>
         <size>0x28</size>
         <input_file_ref idref="fl-e1"/>
      </object_component>
      <object_component id="oc-32c">
         <name>.text:strchr</name>
         <load_address>0x8c5c</load_address>
         <run_address>0x8c5c</run_address>
         <size>0x28</size>
         <input_file_ref idref="fl-ed"/>
      </object_component>
      <object_component id="oc-4ec">
         <name>.text:strcmp</name>
         <load_address>0x8c84</load_address>
         <run_address>0x8c84</run_address>
         <size>0x28</size>
         <input_file_ref idref="fl-104"/>
      </object_component>
      <object_component id="oc-295">
         <name>.text:wcslen</name>
         <load_address>0x8cac</load_address>
         <run_address>0x8cac</run_address>
         <size>0x24</size>
         <input_file_ref idref="fl-da"/>
      </object_component>
      <object_component id="oc-265">
         <name>.text:strlen</name>
         <load_address>0x8cd0</load_address>
         <run_address>0x8cd0</run_address>
         <size>0x20</size>
         <input_file_ref idref="fl-ee"/>
      </object_component>
      <object_component id="oc-393">
         <name>.text:copysign</name>
         <load_address>0x8cf0</load_address>
         <run_address>0x8cf0</run_address>
         <size>0x1c</size>
         <input_file_ref idref="fl-f5"/>
      </object_component>
      <object_component id="oc-4a0">
         <name>.text:strcpy</name>
         <load_address>0x8d0c</load_address>
         <run_address>0x8d0c</run_address>
         <size>0x18</size>
         <input_file_ref idref="fl-105"/>
      </object_component>
      <object_component id="oc-15">
         <name>.text:decompress:none:__TI_decompress_none</name>
         <load_address>0x8d24</load_address>
         <run_address>0x8d24</run_address>
         <size>0x14</size>
         <input_file_ref idref="fl-e2"/>
      </object_component>
      <object_component id="oc-29b">
         <name>.text:__aeabi_errno_addr</name>
         <load_address>0x8d38</load_address>
         <run_address>0x8d38</run_address>
         <size>0xc</size>
         <input_file_ref idref="fl-f1"/>
      </object_component>
      <object_component id="oc-3ea">
         <name>.text:malloc</name>
         <load_address>0x8d44</load_address>
         <run_address>0x8d44</run_address>
         <size>0xc</size>
         <input_file_ref idref="fl-ec"/>
      </object_component>
      <object_component id="oc-14e">
         <name>.text:abort:abort</name>
         <load_address>0x8d50</load_address>
         <run_address>0x8d50</run_address>
         <size>0x8</size>
         <input_file_ref idref="fl-e4"/>
      </object_component>
      <object_component id="oc-79">
         <name>.text</name>
         <load_address>0x8d58</load_address>
         <run_address>0x8d58</run_address>
         <size>0x4</size>
         <input_file_ref idref="fl-15"/>
      </object_component>
      <object_component id="oc-2ad">
         <name>.text:_nop</name>
         <load_address>0x8d5c</load_address>
         <run_address>0x8d5c</run_address>
         <size>0x4</size>
         <input_file_ref idref="fl-e5"/>
      </object_component>
      <object_component id="oc-205">
         <name>.text:_outc</name>
         <load_address>0x8d60</load_address>
         <run_address>0x8d60</run_address>
         <size>0x4</size>
         <input_file_ref idref="fl-d1"/>
      </object_component>
      <object_component id="oc-1ff">
         <name>.text:_outs</name>
         <load_address>0x8d64</load_address>
         <run_address>0x8d64</run_address>
         <size>0x4</size>
         <input_file_ref idref="fl-d1"/>
      </object_component>
      <object_component id="oc-30">
         <name>.text:retain</name>
         <load_address>0x8d68</load_address>
         <run_address>0x8d68</run_address>
         <size>0x4</size>
         <input_file_ref idref="fl-12"/>
      </object_component>
      <object_component id="oc-37a">
         <name>.text</name>
         <load_address>0x8d6c</load_address>
         <run_address>0x8d6c</run_address>
         <size>0x4</size>
         <input_file_ref idref="fl-f6"/>
      </object_component>
      <object_component id="oc-28">
         <name>.const:s_vim_init</name>
         <load_address>0x8d80</load_address>
         <run_address>0x8d80</run_address>
         <size>0x200</size>
         <input_file_ref idref="fl-16"/>
      </object_component>
      <object_component id="oc-2ef">
         <name>.const:.string:_ctypes_</name>
         <load_address>0x8f80</load_address>
         <run_address>0x8f80</run_address>
         <size>0x101</size>
         <input_file_ref idref="fl-e8"/>
      </object_component>
      <object_component id="oc-1ec">
         <name>.const:s_adcFiFoSize</name>
         <load_address>0x9084</load_address>
         <run_address>0x9084</run_address>
         <size>0x18</size>
         <input_file_ref idref="fl-2"/>
      </object_component>
      <object_component id="oc-1ef">
         <name>.const:s_adcSelect</name>
         <load_address>0x909c</load_address>
         <run_address>0x909c</run_address>
         <size>0x18</size>
         <input_file_ref idref="fl-2"/>
      </object_component>
      <object_component id="oc-522">
         <name>.cinit..data.load</name>
         <load_address>0x90c0</load_address>
         <run_address>0x90c0</run_address>
         <size>0x83</size>
      </object_component>
      <object_component id="oc-51f">
         <name>__TI_handler_table</name>
         <load_address>0x9144</load_address>
         <run_address>0x9144</run_address>
         <size>0xc</size>
      </object_component>
      <object_component id="oc-521">
         <name>.cinit..bss.load</name>
         <load_address>0x9150</load_address>
         <run_address>0x9150</run_address>
         <size>0x8</size>
      </object_component>
      <object_component id="oc-520">
         <name>__TI_cinit_table</name>
         <load_address>0x9158</load_address>
         <run_address>0x9158</run_address>
         <size>0x10</size>
      </object_component>
      <object_component id="oc-1e7">
         <name>.bss:g_sciTransfer_t</name>
         <uninitialized>true</uninitialized>
         <run_address>0x8001ec0</run_address>
         <size>0x50</size>
         <input_file_ref idref="fl-b"/>
      </object_component>
      <object_component id="oc-4b7">
         <name>.bss:_CIOBUF_</name>
         <uninitialized>true</uninitialized>
         <run_address>0x8001d00</run_address>
         <size>0x120</size>
         <input_file_ref idref="fl-ff"/>
      </object_component>
      <object_component id="oc-143">
         <name>.common:adc_data</name>
         <uninitialized>true</uninitialized>
         <run_address>0x8001f10</run_address>
         <size>0x10</size>
      </object_component>
      <object_component id="oc-14c">
         <name>.common:i</name>
         <uninitialized>true</uninitialized>
         <run_address>0x8001f28</run_address>
         <size>0x4</size>
      </object_component>
      <object_component id="oc-481">
         <name>.common:__TI_tmpnams</name>
         <uninitialized>true</uninitialized>
         <run_address>0x8001e20</run_address>
         <size>0xa0</size>
      </object_component>
      <object_component id="oc-492">
         <name>.common:parmbuf</name>
         <uninitialized>true</uninitialized>
         <run_address>0x8001f20</run_address>
         <size>0x8</size>
      </object_component>
      <object_component id="oc-146">
         <name>.data:TEXT1</name>
         <load_address>0x800210c</load_address>
         <run_address>0x800210c</run_address>
         <size>0xc</size>
         <input_file_ref idref="fl-f"/>
      </object_component>
      <object_component id="oc-149">
         <name>.data:TEXT2</name>
         <load_address>0x8002118</load_address>
         <run_address>0x8002118</run_address>
         <size>0x9</size>
         <input_file_ref idref="fl-f"/>
      </object_component>
      <object_component id="oc-140">
         <name>.data</name>
         <load_address>0x8002100</load_address>
         <run_address>0x8002100</run_address>
         <size>0xc</size>
         <input_file_ref idref="fl-f"/>
      </object_component>
      <object_component id="oc-220">
         <name>.data:$O1$$</name>
         <load_address>0x80020f4</load_address>
         <run_address>0x80020f4</run_address>
         <size>0xc</size>
         <input_file_ref idref="fl-e4"/>
      </object_component>
      <object_component id="oc-1f9">
         <name>.data:$O1$$</name>
         <load_address>0x8002124</load_address>
         <run_address>0x8002124</run_address>
         <size>0x8</size>
         <input_file_ref idref="fl-e5"/>
      </object_component>
      <object_component id="oc-1fc">
         <name>.data:_ftable</name>
         <load_address>0x8001f2c</load_address>
         <run_address>0x8001f2c</run_address>
         <size>0xf0</size>
         <input_file_ref idref="fl-e9"/>
      </object_component>
      <object_component id="oc-433">
         <name>.data</name>
         <load_address>0x80020e4</load_address>
         <run_address>0x80020e4</run_address>
         <size>0x10</size>
         <input_file_ref idref="fl-e9"/>
      </object_component>
      <object_component id="oc-469">
         <name>.data:$O1$$</name>
         <load_address>0x800212c</load_address>
         <run_address>0x800212c</run_address>
         <size>0x8</size>
         <input_file_ref idref="fl-ec"/>
      </object_component>
      <object_component id="oc-403">
         <name>.data:_device</name>
         <load_address>0x800201c</load_address>
         <run_address>0x800201c</run_address>
         <size>0x78</size>
         <input_file_ref idref="fl-f0"/>
      </object_component>
      <object_component id="oc-3c1">
         <name>.data:_stream</name>
         <load_address>0x8002094</load_address>
         <run_address>0x8002094</run_address>
         <size>0x50</size>
         <input_file_ref idref="fl-f0"/>
      </object_component>
      <object_component id="oc-33c">
         <name>.data</name>
         <load_address>0x8002134</load_address>
         <run_address>0x8002134</run_address>
         <size>0x4</size>
         <input_file_ref idref="fl-f1"/>
      </object_component>
      <object_component id="oc-42">
         <name>.sysmem</name>
         <uninitialized>true</uninitialized>
         <run_address>0x8001500</run_address>
         <size>0x10</size>
         <input_file_ref idref="fl-ec"/>
      </object_component>
      <object_component id="oc-524">
         <name>.sysmem</name>
         <uninitialized>true</uninitialized>
         <run_address>0x8001500</run_address>
         <size>0x0</size>
      </object_component>
      <object_component id="oc-18e">
         <name>.debug_info</name>
         <load_address>0x0</load_address>
         <run_address>0x0</run_address>
         <size>0x324</size>
         <input_file_ref idref="fl-2"/>
      </object_component>
      <object_component id="oc-1f0">
         <name>.debug_info</name>
         <load_address>0x324</load_address>
         <run_address>0x324</run_address>
         <size>0xdb</size>
         <input_file_ref idref="fl-2"/>
      </object_component>
      <object_component id="oc-1ed">
         <name>.debug_info</name>
         <load_address>0x3ff</load_address>
         <run_address>0x3ff</run_address>
         <size>0xe0</size>
         <input_file_ref idref="fl-2"/>
      </object_component>
      <object_component id="oc-135">
         <name>.debug_info</name>
         <load_address>0x4df</load_address>
         <run_address>0x4df</run_address>
         <size>0xbac</size>
         <input_file_ref idref="fl-2"/>
      </object_component>
      <object_component id="oc-1ba">
         <name>.debug_info</name>
         <load_address>0x108b</load_address>
         <run_address>0x108b</run_address>
         <size>0x791</size>
         <input_file_ref idref="fl-2"/>
      </object_component>
      <object_component id="oc-161">
         <name>.debug_info</name>
         <load_address>0x181c</load_address>
         <run_address>0x181c</run_address>
         <size>0x26b</size>
         <input_file_ref idref="fl-2"/>
      </object_component>
      <object_component id="oc-9f">
         <name>.debug_info</name>
         <load_address>0x1a87</load_address>
         <run_address>0x1a87</run_address>
         <size>0x157</size>
         <input_file_ref idref="fl-2"/>
      </object_component>
      <object_component id="oc-af">
         <name>.debug_info</name>
         <load_address>0x1bde</load_address>
         <run_address>0x1bde</run_address>
         <size>0x8b</size>
         <input_file_ref idref="fl-2"/>
      </object_component>
      <object_component id="oc-aa">
         <name>.debug_info</name>
         <load_address>0x1c69</load_address>
         <run_address>0x1c69</run_address>
         <size>0x18c</size>
         <input_file_ref idref="fl-2"/>
      </object_component>
      <object_component id="oc-226">
         <name>.debug_info</name>
         <load_address>0x1df5</load_address>
         <run_address>0x1df5</run_address>
         <size>0x2a4</size>
         <input_file_ref idref="fl-2"/>
      </object_component>
      <object_component id="oc-15a">
         <name>.debug_info</name>
         <load_address>0x2099</load_address>
         <run_address>0x2099</run_address>
         <size>0xbb</size>
         <input_file_ref idref="fl-2"/>
      </object_component>
      <object_component id="oc-b4">
         <name>.debug_info</name>
         <load_address>0x2154</load_address>
         <run_address>0x2154</run_address>
         <size>0x86</size>
         <input_file_ref idref="fl-2"/>
      </object_component>
      <object_component id="oc-216">
         <name>.debug_info</name>
         <load_address>0x21da</load_address>
         <run_address>0x21da</run_address>
         <size>0x38f</size>
         <input_file_ref idref="fl-2"/>
      </object_component>
      <object_component id="oc-184">
         <name>.debug_info</name>
         <load_address>0x2569</load_address>
         <run_address>0x2569</run_address>
         <size>0x36d</size>
         <input_file_ref idref="fl-2"/>
      </object_component>
      <object_component id="oc-22b">
         <name>.debug_info</name>
         <load_address>0x28d6</load_address>
         <run_address>0x28d6</run_address>
         <size>0x37d</size>
         <input_file_ref idref="fl-3"/>
      </object_component>
      <object_component id="oc-99">
         <name>.debug_info</name>
         <load_address>0x2c53</load_address>
         <run_address>0x2c53</run_address>
         <size>0x429</size>
         <input_file_ref idref="fl-3"/>
      </object_component>
      <object_component id="oc-166">
         <name>.debug_info</name>
         <load_address>0x307c</load_address>
         <run_address>0x307c</run_address>
         <size>0x102</size>
         <input_file_ref idref="fl-3"/>
      </object_component>
      <object_component id="oc-1c4">
         <name>.debug_info</name>
         <load_address>0x317e</load_address>
         <run_address>0x317e</run_address>
         <size>0x142</size>
         <input_file_ref idref="fl-3"/>
      </object_component>
      <object_component id="oc-16b">
         <name>.debug_info</name>
         <load_address>0x32c0</load_address>
         <run_address>0x32c0</run_address>
         <size>0x285</size>
         <input_file_ref idref="fl-3"/>
      </object_component>
      <object_component id="oc-170">
         <name>.debug_info</name>
         <load_address>0x3545</load_address>
         <run_address>0x3545</run_address>
         <size>0x44a</size>
         <input_file_ref idref="fl-3"/>
      </object_component>
      <object_component id="oc-175">
         <name>.debug_info</name>
         <load_address>0x398f</load_address>
         <run_address>0x398f</run_address>
         <size>0x1f9</size>
         <input_file_ref idref="fl-3"/>
      </object_component>
      <object_component id="oc-17a">
         <name>.debug_info</name>
         <load_address>0x3b88</load_address>
         <run_address>0x3b88</run_address>
         <size>0x152</size>
         <input_file_ref idref="fl-3"/>
      </object_component>
      <object_component id="oc-17f">
         <name>.debug_info</name>
         <load_address>0x3cda</load_address>
         <run_address>0x3cda</run_address>
         <size>0x70a</size>
         <input_file_ref idref="fl-3"/>
      </object_component>
      <object_component id="oc-1b7">
         <name>.debug_info</name>
         <load_address>0x43e4</load_address>
         <run_address>0x43e4</run_address>
         <size>0x2b7</size>
         <input_file_ref idref="fl-5"/>
      </object_component>
      <object_component id="oc-74">
         <name>.debug_info</name>
         <load_address>0x469b</load_address>
         <run_address>0x469b</run_address>
         <size>0x656</size>
         <input_file_ref idref="fl-5"/>
      </object_component>
      <object_component id="oc-4b">
         <name>.debug_info</name>
         <load_address>0x4cf1</load_address>
         <run_address>0x4cf1</run_address>
         <size>0x84</size>
         <input_file_ref idref="fl-5"/>
      </object_component>
      <object_component id="oc-e3">
         <name>.debug_info</name>
         <load_address>0x4d75</load_address>
         <run_address>0x4d75</run_address>
         <size>0x9e7</size>
         <input_file_ref idref="fl-5"/>
      </object_component>
      <object_component id="oc-f6">
         <name>.debug_info</name>
         <load_address>0x575c</load_address>
         <run_address>0x575c</run_address>
         <size>0x349</size>
         <input_file_ref idref="fl-6"/>
      </object_component>
      <object_component id="oc-88">
         <name>.debug_info</name>
         <load_address>0x5aa5</load_address>
         <run_address>0x5aa5</run_address>
         <size>0x10be</size>
         <input_file_ref idref="fl-6"/>
      </object_component>
      <object_component id="oc-24">
         <name>.debug_info</name>
         <load_address>0x6b63</load_address>
         <run_address>0x6b63</run_address>
         <size>0x1a6</size>
         <input_file_ref idref="fl-6"/>
      </object_component>
      <object_component id="oc-f1">
         <name>.debug_info</name>
         <load_address>0x6d09</load_address>
         <run_address>0x6d09</run_address>
         <size>0x168</size>
         <input_file_ref idref="fl-6"/>
      </object_component>
      <object_component id="oc-1e0">
         <name>.debug_info</name>
         <load_address>0x6e71</load_address>
         <run_address>0x6e71</run_address>
         <size>0x2ae</size>
         <input_file_ref idref="fl-7"/>
      </object_component>
      <object_component id="oc-12a">
         <name>.debug_info</name>
         <load_address>0x711f</load_address>
         <run_address>0x711f</run_address>
         <size>0x718</size>
         <input_file_ref idref="fl-7"/>
      </object_component>
      <object_component id="oc-247">
         <name>.debug_info</name>
         <load_address>0x7837</load_address>
         <run_address>0x7837</run_address>
         <size>0x12a</size>
         <input_file_ref idref="fl-7"/>
      </object_component>
      <object_component id="oc-ea">
         <name>.debug_info</name>
         <load_address>0x7961</load_address>
         <run_address>0x7961</run_address>
         <size>0x3ae</size>
         <input_file_ref idref="fl-9"/>
      </object_component>
      <object_component id="oc-80">
         <name>.debug_info</name>
         <load_address>0x7d0f</load_address>
         <run_address>0x7d0f</run_address>
         <size>0x788</size>
         <input_file_ref idref="fl-9"/>
      </object_component>
      <object_component id="oc-1bf">
         <name>.debug_info</name>
         <load_address>0x8497</load_address>
         <run_address>0x8497</run_address>
         <size>0xadd</size>
         <input_file_ref idref="fl-9"/>
      </object_component>
      <object_component id="oc-eb">
         <name>.debug_info</name>
         <load_address>0x8f74</load_address>
         <run_address>0x8f74</run_address>
         <size>0x6eb</size>
         <input_file_ref idref="fl-9"/>
      </object_component>
      <object_component id="oc-1c9">
         <name>.debug_info</name>
         <load_address>0x965f</load_address>
         <run_address>0x965f</run_address>
         <size>0x243</size>
         <input_file_ref idref="fl-9"/>
      </object_component>
      <object_component id="oc-25c">
         <name>.debug_info</name>
         <load_address>0x98a2</load_address>
         <run_address>0x98a2</run_address>
         <size>0x18e</size>
         <input_file_ref idref="fl-9"/>
      </object_component>
      <object_component id="oc-22f">
         <name>.debug_info</name>
         <load_address>0x9a30</load_address>
         <run_address>0x9a30</run_address>
         <size>0x2b0</size>
         <input_file_ref idref="fl-a"/>
      </object_component>
      <object_component id="oc-dc">
         <name>.debug_info</name>
         <load_address>0x9ce0</load_address>
         <run_address>0x9ce0</run_address>
         <size>0x11a</size>
         <input_file_ref idref="fl-a"/>
      </object_component>
      <object_component id="oc-1b2">
         <name>.debug_info</name>
         <load_address>0x9dfa</load_address>
         <run_address>0x9dfa</run_address>
         <size>0x199</size>
         <input_file_ref idref="fl-a"/>
      </object_component>
      <object_component id="oc-1eb">
         <name>.debug_info</name>
         <load_address>0x9f93</load_address>
         <run_address>0x9f93</run_address>
         <size>0x2fb</size>
         <input_file_ref idref="fl-b"/>
      </object_component>
      <object_component id="oc-1e8">
         <name>.debug_info</name>
         <load_address>0xa28e</load_address>
         <run_address>0xa28e</run_address>
         <size>0xe3</size>
         <input_file_ref idref="fl-b"/>
      </object_component>
      <object_component id="oc-12f">
         <name>.debug_info</name>
         <load_address>0xa371</load_address>
         <run_address>0xa371</run_address>
         <size>0xc9b</size>
         <input_file_ref idref="fl-b"/>
      </object_component>
      <object_component id="oc-257">
         <name>.debug_info</name>
         <load_address>0xb00c</load_address>
         <run_address>0xb00c</run_address>
         <size>0x91</size>
         <input_file_ref idref="fl-b"/>
      </object_component>
      <object_component id="oc-6a">
         <name>.debug_info</name>
         <load_address>0xb09d</load_address>
         <run_address>0xb09d</run_address>
         <size>0x80d</size>
         <input_file_ref idref="fl-c"/>
      </object_component>
      <object_component id="oc-2c">
         <name>.debug_info</name>
         <load_address>0xb8aa</load_address>
         <run_address>0xb8aa</run_address>
         <size>0x103</size>
         <input_file_ref idref="fl-e"/>
      </object_component>
      <object_component id="oc-144">
         <name>.debug_info</name>
         <load_address>0xb9ad</load_address>
         <run_address>0xb9ad</run_address>
         <size>0x50d</size>
         <input_file_ref idref="fl-f"/>
      </object_component>
      <object_component id="oc-147">
         <name>.debug_info</name>
         <load_address>0xbeba</load_address>
         <run_address>0xbeba</run_address>
         <size>0xd5</size>
         <input_file_ref idref="fl-f"/>
      </object_component>
      <object_component id="oc-14a">
         <name>.debug_info</name>
         <load_address>0xbf8f</load_address>
         <run_address>0xbf8f</run_address>
         <size>0xd5</size>
         <input_file_ref idref="fl-f"/>
      </object_component>
      <object_component id="oc-141">
         <name>.debug_info</name>
         <load_address>0xc064</load_address>
         <run_address>0xc064</run_address>
         <size>0x10b</size>
         <input_file_ref idref="fl-f"/>
      </object_component>
      <object_component id="oc-92">
         <name>.debug_info</name>
         <load_address>0xc16f</load_address>
         <run_address>0xc16f</run_address>
         <size>0x489</size>
         <input_file_ref idref="fl-f"/>
      </object_component>
      <object_component id="oc-20d">
         <name>.debug_info</name>
         <load_address>0xc5f8</load_address>
         <run_address>0xc5f8</run_address>
         <size>0x2c</size>
         <input_file_ref idref="fl-f"/>
      </object_component>
      <object_component id="oc-8d">
         <name>.debug_info</name>
         <load_address>0xc624</load_address>
         <run_address>0xc624</run_address>
         <size>0x43a</size>
         <input_file_ref idref="fl-10"/>
      </object_component>
      <object_component id="oc-22e">
         <name>.debug_info</name>
         <load_address>0xca5e</load_address>
         <run_address>0xca5e</run_address>
         <size>0x2f1</size>
         <input_file_ref idref="fl-11"/>
      </object_component>
      <object_component id="oc-1ad">
         <name>.debug_info</name>
         <load_address>0xcd4f</load_address>
         <run_address>0xcd4f</run_address>
         <size>0x457</size>
         <input_file_ref idref="fl-11"/>
      </object_component>
      <object_component id="oc-33">
         <name>.debug_info</name>
         <load_address>0xd1a6</load_address>
         <run_address>0xd1a6</run_address>
         <size>0x13b</size>
         <input_file_ref idref="fl-12"/>
      </object_component>
      <object_component id="oc-1e">
         <name>.debug_info</name>
         <load_address>0xd2e1</load_address>
         <run_address>0xd2e1</run_address>
         <size>0x2db</size>
         <input_file_ref idref="fl-15"/>
      </object_component>
      <object_component id="oc-7a">
         <name>.debug_info</name>
         <load_address>0xd5bc</load_address>
         <run_address>0xd5bc</run_address>
         <size>0x134</size>
         <input_file_ref idref="fl-15"/>
      </object_component>
      <object_component id="oc-a6">
         <name>.debug_info</name>
         <load_address>0xd6f0</load_address>
         <run_address>0xd6f0</run_address>
         <size>0x44c</size>
         <input_file_ref idref="fl-16"/>
      </object_component>
      <object_component id="oc-29">
         <name>.debug_info</name>
         <load_address>0xdb3c</load_address>
         <run_address>0xdb3c</run_address>
         <size>0xdd</size>
         <input_file_ref idref="fl-16"/>
      </object_component>
      <object_component id="oc-39">
         <name>.debug_info</name>
         <load_address>0xdc19</load_address>
         <run_address>0xdc19</run_address>
         <size>0x48d</size>
         <input_file_ref idref="fl-16"/>
      </object_component>
      <object_component id="oc-3e">
         <name>.debug_info</name>
         <load_address>0xe0a6</load_address>
         <run_address>0xe0a6</run_address>
         <size>0x1f8</size>
         <input_file_ref idref="fl-16"/>
      </object_component>
      <object_component id="oc-189">
         <name>.debug_info</name>
         <load_address>0xe29e</load_address>
         <run_address>0xe29e</run_address>
         <size>0x4f</size>
         <input_file_ref idref="fl-16"/>
      </object_component>
      <object_component id="oc-e1">
         <name>.debug_info</name>
         <load_address>0xe2ed</load_address>
         <run_address>0xe2ed</run_address>
         <size>0x3df</size>
         <input_file_ref idref="fl-17"/>
      </object_component>
      <object_component id="oc-6f">
         <name>.debug_info</name>
         <load_address>0xe6cc</load_address>
         <run_address>0xe6cc</run_address>
         <size>0x63a</size>
         <input_file_ref idref="fl-17"/>
      </object_component>
      <object_component id="oc-20c">
         <name>.debug_info</name>
         <load_address>0xed06</load_address>
         <run_address>0xed06</run_address>
         <size>0x3b3</size>
         <input_file_ref idref="fl-d1"/>
      </object_component>
      <object_component id="oc-206">
         <name>.debug_info</name>
         <load_address>0xf0b9</load_address>
         <run_address>0xf0b9</run_address>
         <size>0x125</size>
         <input_file_ref idref="fl-d1"/>
      </object_component>
      <object_component id="oc-202">
         <name>.debug_info</name>
         <load_address>0xf1de</load_address>
         <run_address>0xf1de</run_address>
         <size>0x134</size>
         <input_file_ref idref="fl-d1"/>
      </object_component>
      <object_component id="oc-13c">
         <name>.debug_info</name>
         <load_address>0xf312</load_address>
         <run_address>0xf312</run_address>
         <size>0x17a</size>
         <input_file_ref idref="fl-d1"/>
      </object_component>
      <object_component id="oc-2cb">
         <name>.debug_info</name>
         <load_address>0xf48c</load_address>
         <run_address>0xf48c</run_address>
         <size>0xb2</size>
         <input_file_ref idref="fl-d1"/>
      </object_component>
      <object_component id="oc-2a2">
         <name>.debug_info</name>
         <load_address>0xf53e</load_address>
         <run_address>0xf53e</run_address>
         <size>0x55e</size>
         <input_file_ref idref="fl-d2"/>
      </object_component>
      <object_component id="oc-272">
         <name>.debug_info</name>
         <load_address>0xfa9c</load_address>
         <run_address>0xfa9c</run_address>
         <size>0x1ec</size>
         <input_file_ref idref="fl-d2"/>
      </object_component>
      <object_component id="oc-306">
         <name>.debug_info</name>
         <load_address>0xfc88</load_address>
         <run_address>0xfc88</run_address>
         <size>0x181</size>
         <input_file_ref idref="fl-d2"/>
      </object_component>
      <object_component id="oc-30c">
         <name>.debug_info</name>
         <load_address>0xfe09</load_address>
         <run_address>0xfe09</run_address>
         <size>0x1e9</size>
         <input_file_ref idref="fl-d2"/>
      </object_component>
      <object_component id="oc-279">
         <name>.debug_info</name>
         <load_address>0xfff2</load_address>
         <run_address>0xfff2</run_address>
         <size>0x2a7</size>
         <input_file_ref idref="fl-d2"/>
      </object_component>
      <object_component id="oc-313">
         <name>.debug_info</name>
         <load_address>0x10299</load_address>
         <run_address>0x10299</run_address>
         <size>0x1f7</size>
         <input_file_ref idref="fl-d2"/>
      </object_component>
      <object_component id="oc-31a">
         <name>.debug_info</name>
         <load_address>0x10490</load_address>
         <run_address>0x10490</run_address>
         <size>0x1e3</size>
         <input_file_ref idref="fl-d2"/>
      </object_component>
      <object_component id="oc-27e">
         <name>.debug_info</name>
         <load_address>0x10673</load_address>
         <run_address>0x10673</run_address>
         <size>0x1e3</size>
         <input_file_ref idref="fl-d2"/>
      </object_component>
      <object_component id="oc-284">
         <name>.debug_info</name>
         <load_address>0x10856</load_address>
         <run_address>0x10856</run_address>
         <size>0x20e</size>
         <input_file_ref idref="fl-d2"/>
      </object_component>
      <object_component id="oc-28a">
         <name>.debug_info</name>
         <load_address>0x10a64</load_address>
         <run_address>0x10a64</run_address>
         <size>0x32c</size>
         <input_file_ref idref="fl-d2"/>
      </object_component>
      <object_component id="oc-1f5">
         <name>.debug_info</name>
         <load_address>0x10d90</load_address>
         <run_address>0x10d90</run_address>
         <size>0x5a0</size>
         <input_file_ref idref="fl-d2"/>
      </object_component>
      <object_component id="oc-2a3">
         <name>.debug_info</name>
         <load_address>0x11330</load_address>
         <run_address>0x11330</run_address>
         <size>0x86</size>
         <input_file_ref idref="fl-d2"/>
      </object_component>
      <object_component id="oc-343">
         <name>.debug_info</name>
         <load_address>0x113b6</load_address>
         <run_address>0x113b6</run_address>
         <size>0x39</size>
         <input_file_ref idref="fl-d2"/>
      </object_component>
      <object_component id="oc-3aa">
         <name>.debug_info</name>
         <load_address>0x113ef</load_address>
         <run_address>0x113ef</run_address>
         <size>0xb6</size>
         <input_file_ref idref="fl-d2"/>
      </object_component>
      <object_component id="oc-34d">
         <name>.debug_info</name>
         <load_address>0x114a5</load_address>
         <run_address>0x114a5</run_address>
         <size>0x46</size>
         <input_file_ref idref="fl-d2"/>
      </object_component>
      <object_component id="oc-2a8">
         <name>.debug_info</name>
         <load_address>0x114eb</load_address>
         <run_address>0x114eb</run_address>
         <size>0x46</size>
         <input_file_ref idref="fl-d2"/>
      </object_component>
      <object_component id="oc-348">
         <name>.debug_info</name>
         <load_address>0x11531</load_address>
         <run_address>0x11531</run_address>
         <size>0x2c</size>
         <input_file_ref idref="fl-d2"/>
      </object_component>
      <object_component id="oc-372">
         <name>.debug_info</name>
         <load_address>0x1155d</load_address>
         <run_address>0x1155d</run_address>
         <size>0x351</size>
         <input_file_ref idref="fl-d3"/>
      </object_component>
      <object_component id="oc-2c6">
         <name>.debug_info</name>
         <load_address>0x118ae</load_address>
         <run_address>0x118ae</run_address>
         <size>0x1bf</size>
         <input_file_ref idref="fl-d3"/>
      </object_component>
      <object_component id="oc-370">
         <name>.debug_info</name>
         <load_address>0x11a6d</load_address>
         <run_address>0x11a6d</run_address>
         <size>0x3ca</size>
         <input_file_ref idref="fl-d4"/>
      </object_component>
      <object_component id="oc-2bf">
         <name>.debug_info</name>
         <load_address>0x11e37</load_address>
         <run_address>0x11e37</run_address>
         <size>0x2a9</size>
         <input_file_ref idref="fl-d4"/>
      </object_component>
      <object_component id="oc-1a2">
         <name>.debug_info</name>
         <load_address>0x120e0</load_address>
         <run_address>0x120e0</run_address>
         <size>0x2c</size>
         <input_file_ref idref="fl-d4"/>
      </object_component>
      <object_component id="oc-3bc">
         <name>.debug_info</name>
         <load_address>0x1210c</load_address>
         <run_address>0x1210c</run_address>
         <size>0x2ce</size>
         <input_file_ref idref="fl-d5"/>
      </object_component>
      <object_component id="oc-358">
         <name>.debug_info</name>
         <load_address>0x123da</load_address>
         <run_address>0x123da</run_address>
         <size>0x16a</size>
         <input_file_ref idref="fl-d5"/>
      </object_component>
      <object_component id="oc-3f8">
         <name>.debug_info</name>
         <load_address>0x12544</load_address>
         <run_address>0x12544</run_address>
         <size>0xbf</size>
         <input_file_ref idref="fl-d5"/>
      </object_component>
      <object_component id="oc-3f7">
         <name>.debug_info</name>
         <load_address>0x12603</load_address>
         <run_address>0x12603</run_address>
         <size>0x342</size>
         <input_file_ref idref="fl-d6"/>
      </object_component>
      <object_component id="oc-3b6">
         <name>.debug_info</name>
         <load_address>0x12945</load_address>
         <run_address>0x12945</run_address>
         <size>0x1d9</size>
         <input_file_ref idref="fl-d6"/>
      </object_component>
      <object_component id="oc-252">
         <name>.debug_info</name>
         <load_address>0x12b1e</load_address>
         <run_address>0x12b1e</run_address>
         <size>0x25d</size>
         <input_file_ref idref="fl-d7"/>
      </object_component>
      <object_component id="oc-1e2">
         <name>.debug_info</name>
         <load_address>0x12d7b</load_address>
         <run_address>0x12d7b</run_address>
         <size>0x16e</size>
         <input_file_ref idref="fl-d7"/>
      </object_component>
      <object_component id="oc-2e6">
         <name>.debug_info</name>
         <load_address>0x12ee9</load_address>
         <run_address>0x12ee9</run_address>
         <size>0x46</size>
         <input_file_ref idref="fl-d7"/>
      </object_component>
      <object_component id="oc-24d">
         <name>.debug_info</name>
         <load_address>0x12f2f</load_address>
         <run_address>0x12f2f</run_address>
         <size>0x39</size>
         <input_file_ref idref="fl-d7"/>
      </object_component>
      <object_component id="oc-38d">
         <name>.debug_info</name>
         <load_address>0x12f68</load_address>
         <run_address>0x12f68</run_address>
         <size>0x268</size>
         <input_file_ref idref="fl-d8"/>
      </object_component>
      <object_component id="oc-322">
         <name>.debug_info</name>
         <load_address>0x131d0</load_address>
         <run_address>0x131d0</run_address>
         <size>0x15c</size>
         <input_file_ref idref="fl-d8"/>
      </object_component>
      <object_component id="oc-3d2">
         <name>.debug_info</name>
         <load_address>0x1332c</load_address>
         <run_address>0x1332c</run_address>
         <size>0x39</size>
         <input_file_ref idref="fl-d8"/>
      </object_component>
      <object_component id="oc-38e">
         <name>.debug_info</name>
         <load_address>0x13365</load_address>
         <run_address>0x13365</run_address>
         <size>0x2c</size>
         <input_file_ref idref="fl-d8"/>
      </object_component>
      <object_component id="oc-39a">
         <name>.debug_info</name>
         <load_address>0x13391</load_address>
         <run_address>0x13391</run_address>
         <size>0x2cb</size>
         <input_file_ref idref="fl-d9"/>
      </object_component>
      <object_component id="oc-32a">
         <name>.debug_info</name>
         <load_address>0x1365c</load_address>
         <run_address>0x1365c</run_address>
         <size>0x17b</size>
         <input_file_ref idref="fl-d9"/>
      </object_component>
      <object_component id="oc-33b">
         <name>.debug_info</name>
         <load_address>0x137d7</load_address>
         <run_address>0x137d7</run_address>
         <size>0x25d</size>
         <input_file_ref idref="fl-da"/>
      </object_component>
      <object_component id="oc-299">
         <name>.debug_info</name>
         <load_address>0x13a34</load_address>
         <run_address>0x13a34</run_address>
         <size>0x128</size>
         <input_file_ref idref="fl-da"/>
      </object_component>
      <object_component id="oc-39f">
         <name>.debug_info</name>
         <load_address>0x13b5c</load_address>
         <run_address>0x13b5c</run_address>
         <size>0x46</size>
         <input_file_ref idref="fl-da"/>
      </object_component>
      <object_component id="oc-336">
         <name>.debug_info</name>
         <load_address>0x13ba2</load_address>
         <run_address>0x13ba2</run_address>
         <size>0x39</size>
         <input_file_ref idref="fl-da"/>
      </object_component>
      <object_component id="oc-53">
         <name>.debug_info</name>
         <load_address>0x13bdb</load_address>
         <run_address>0x13bdb</run_address>
         <size>0x152</size>
         <input_file_ref idref="fl-db"/>
      </object_component>
      <object_component id="oc-2f5">
         <name>.debug_info</name>
         <load_address>0x13d2d</load_address>
         <run_address>0x13d2d</run_address>
         <size>0x118</size>
         <input_file_ref idref="fl-dc"/>
      </object_component>
      <object_component id="oc-d4">
         <name>.debug_info</name>
         <load_address>0x13e45</load_address>
         <run_address>0x13e45</run_address>
         <size>0x11a</size>
         <input_file_ref idref="fl-dd"/>
      </object_component>
      <object_component id="oc-2fa">
         <name>.debug_info</name>
         <load_address>0x13f5f</load_address>
         <run_address>0x13f5f</run_address>
         <size>0x11f</size>
         <input_file_ref idref="fl-de"/>
      </object_component>
      <object_component id="oc-1d1">
         <name>.debug_info</name>
         <load_address>0x1407e</load_address>
         <run_address>0x1407e</run_address>
         <size>0x481</size>
         <input_file_ref idref="fl-df"/>
      </object_component>
      <object_component id="oc-f9">
         <name>.debug_info</name>
         <load_address>0x144ff</load_address>
         <run_address>0x144ff</run_address>
         <size>0x174</size>
         <input_file_ref idref="fl-df"/>
      </object_component>
      <object_component id="oc-234">
         <name>.debug_info</name>
         <load_address>0x14673</load_address>
         <run_address>0x14673</run_address>
         <size>0x39</size>
         <input_file_ref idref="fl-df"/>
      </object_component>
      <object_component id="oc-2da">
         <name>.debug_info</name>
         <load_address>0x146ac</load_address>
         <run_address>0x146ac</run_address>
         <size>0x39</size>
         <input_file_ref idref="fl-df"/>
      </object_component>
      <object_component id="oc-239">
         <name>.debug_info</name>
         <load_address>0x146e5</load_address>
         <run_address>0x146e5</run_address>
         <size>0x39</size>
         <input_file_ref idref="fl-df"/>
      </object_component>
      <object_component id="oc-23e">
         <name>.debug_info</name>
         <load_address>0x1471e</load_address>
         <run_address>0x1471e</run_address>
         <size>0xcd</size>
         <input_file_ref idref="fl-df"/>
      </object_component>
      <object_component id="oc-d2">
         <name>.debug_info</name>
         <load_address>0x147eb</load_address>
         <run_address>0x147eb</run_address>
         <size>0x29d</size>
         <input_file_ref idref="fl-e1"/>
      </object_component>
      <object_component id="oc-60">
         <name>.debug_info</name>
         <load_address>0x14a88</load_address>
         <run_address>0x14a88</run_address>
         <size>0x1a0</size>
         <input_file_ref idref="fl-e1"/>
      </object_component>
      <object_component id="oc-cd">
         <name>.debug_info</name>
[...]
         <value>0x5d00</value>
         <object_component_ref idref="oc-8b"/>
      </symbol>
      <symbol id="sm-3db">
         <name>_mpuEnable_</name>
         <value>0x5c60</value>
         <object_component_ref idref="oc-8b"/>
      </symbol>
      <symbol id="sm-3dc">
         <name>_mpuGetNumberOfRegions_</name>
         <value>0x5cb0</value>
         <object_component_ref idref="oc-8b"/>
      </symbol>
      <symbol id="sm-3dd">
         <name>_mpuAreRegionsSeparate_</name>
         <value>0x5cbc</value>
         <object_component_ref idref="oc-8b"/>
      </symbol>
      <symbol id="sm-3de">
         <name>_mpuEnableBackgroundRegion_</name>
         <value>0x5c90</value>
         <object_component_ref idref="oc-8b"/>
      </symbol>
      <symbol id="sm-3df">
         <name>_mpuGetRegionType_</name>
         <value>0x5cf4</value>
         <object_component_ref idref="oc-8b"/>
      </symbol>
      <symbol id="sm-3e0">
         <name>_mpuDisable_</name>
         <value>0x5c78</value>
         <object_component_ref idref="oc-8b"/>
      </symbol>
      <symbol id="sm-3e1">
         <name>_mpuGetRegionBaseAddress_</name>
         <value>0x5ce0</value>
         <object_component_ref idref="oc-8b"/>
      </symbol>
      <symbol id="sm-3e2">
         <name>_mpuSetRegion_</name>
         <value>0x5cc8</value>
         <object_component_ref idref="oc-8b"/>
      </symbol>
      <symbol id="sm-3e3">
         <name>_mpuGetRegion_</name>
         <value>0x5cd0</value>
         <object_component_ref idref="oc-8b"/>
      </symbol>
      <symbol id="sm-3f6">
         <name>phantomInterrupt</name>
         <value>0x8d68</value>
         <object_component_ref idref="oc-30"/>
      </symbol>
      <symbol id="sm-415">
         <name>_c_int00</name>
         <value>0x783c</value>
         <object_component_ref idref="oc-1c"/>
      </symbol>
      <symbol id="sm-416">
         <name>handlePLLLockFail</name>
         <value>0x8d58</value>
         <object_component_ref idref="oc-79"/>
      </symbol>
      <symbol id="sm-4b9">
         <name>vimChannelMap</name>
         <value>0x2ee4</value>
         <object_component_ref idref="oc-37"/>
      </symbol>
      <symbol id="sm-4ba">
         <name>vimInit</name>
         <value>0x2e10</value>
         <object_component_ref idref="oc-37"/>
      </symbol>
      <symbol id="sm-4bb">
         <name>vimEnableInterrupt</name>
         <value>0x2f88</value>
         <object_component_ref idref="oc-37"/>
      </symbol>
      <symbol id="sm-4bc">
         <name>vimDisableInterrupt</name>
         <value>0x3150</value>
         <object_component_ref idref="oc-37"/>
      </symbol>
      <symbol id="sm-4bd">
         <name>vimGetConfigValue</name>
         <value>0x31fc</value>
         <object_component_ref idref="oc-37"/>
      </symbol>
      <symbol id="sm-4be">
         <name>vimECCErrorHandler</name>
         <value>0x5d14</value>
         <object_component_ref idref="oc-36"/>
      </symbol>
      <symbol id="sm-50d">
         <name>systemGetConfigValue</name>
         <value>0x2938</value>
         <object_component_ref idref="oc-6d"/>
      </symbol>
      <symbol id="sm-50e">
         <name>trimLPO</name>
         <value>0x24d8</value>
         <object_component_ref idref="oc-6d"/>
      </symbol>
      <symbol id="sm-50f">
         <name>systemInit</name>
         <value>0x276c</value>
         <object_component_ref idref="oc-6d"/>
      </symbol>
      <symbol id="sm-510">
         <name>customTrimLPO</name>
         <value>0x2d68</value>
         <object_component_ref idref="oc-6d"/>
      </symbol>
      <symbol id="sm-511">
         <name>periphInit</name>
         <value>0x258c</value>
         <object_component_ref idref="oc-6d"/>
      </symbol>
      <symbol id="sm-512">
         <name>setupFlash</name>
         <value>0x254c</value>
         <object_component_ref idref="oc-6d"/>
      </symbol>
      <symbol id="sm-513">
         <name>setupPLL</name>
         <value>0x2478</value>
         <object_component_ref idref="oc-6d"/>
      </symbol>
      <symbol id="sm-514">
         <name>getResetSource</name>
         <value>0x2810</value>
         <object_component_ref idref="oc-6d"/>
      </symbol>
      <symbol id="sm-515">
         <name>mapClocks</name>
         <value>0x2640</value>
         <object_component_ref idref="oc-6d"/>
      </symbol>
      <symbol id="sm-516">
         <name>systemPowerDown</name>
         <value>0x27e0</value>
         <object_component_ref idref="oc-6d"/>
      </symbol>
      <symbol id="sm-542">
         <name>printf</name>
         <value>0x7f28</value>
         <object_component_ref idref="oc-13a"/>
      </symbol>
      <symbol id="sm-690">
         <name>__TI_printfi</name>
         <value>0x20</value>
         <object_component_ref idref="oc-1f3"/>
      </symbol>
      <symbol id="sm-6a6">
         <name>putc</name>
         <value>0x773c</value>
         <object_component_ref idref="oc-2c2"/>
      </symbol>
      <symbol id="sm-6a7">
         <name>fputc</name>
         <value>0x773c</value>
         <object_component_ref idref="oc-2c2"/>
      </symbol>
      <symbol id="sm-6c8">
         <name>fputs</name>
         <value>0x6828</value>
         <object_component_ref idref="oc-2bb"/>
      </symbol>
      <symbol id="sm-6df">
         <name>__TI_wrt_ok</name>
         <value>0x7dec</value>
         <object_component_ref idref="oc-357"/>
      </symbol>
      <symbol id="sm-6f9">
         <name>setvbuf</name>
         <value>0x712c</value>
         <object_component_ref idref="oc-3b5"/>
      </symbol>
      <symbol id="sm-71d">
         <name>floorl</name>
         <value>0x73c8</value>
         <object_component_ref idref="oc-1e1"/>
      </symbol>
      <symbol id="sm-71e">
         <name>floor</name>
         <value>0x73c8</value>
         <object_component_ref idref="oc-1e1"/>
      </symbol>
      <symbol id="sm-73b">
         <name>frexpl</name>
         <value>0x833c</value>
         <object_component_ref idref="oc-320"/>
      </symbol>
      <symbol id="sm-73c">
         <name>frexp</name>
         <value>0x833c</value>
         <object_component_ref idref="oc-320"/>
      </symbol>
      <symbol id="sm-756">
         <name>scalbn</name>
         <value>0x7504</value>
         <object_component_ref idref="oc-326"/>
      </symbol>
      <symbol id="sm-757">
         <name>scalbnl</name>
         <value>0x7504</value>
         <object_component_ref idref="oc-326"/>
      </symbol>
      <symbol id="sm-758">
         <name>ldexpl</name>
         <value>0x7504</value>
         <object_component_ref idref="oc-326"/>
      </symbol>
      <symbol id="sm-759">
         <name>ldexp</name>
         <value>0x7504</value>
         <object_component_ref idref="oc-326"/>
      </symbol>
      <symbol id="sm-771">
         <name>wcslen</name>
         <value>0x8cac</value>
         <object_component_ref idref="oc-295"/>
      </symbol>
      <symbol id="sm-78a">
         <name>memcpy</name>
         <value>0x6b64</value>
         <object_component_ref idref="oc-50"/>
      </symbol>
      <symbol id="sm-78b">
         <name>__aeabi_memcpy</name>
         <value>0x6b64</value>
         <object_component_ref idref="oc-50"/>
      </symbol>
      <symbol id="sm-78c">
         <name>__aeabi_memcpy8</name>
         <value>0x6b64</value>
         <object_component_ref idref="oc-50"/>
      </symbol>
      <symbol id="sm-78d">
         <name>__aeabi_memcpy4</name>
         <value>0x6b64</value>
         <object_component_ref idref="oc-50"/>
      </symbol>
      <symbol id="sm-7a8">
         <name>__aeabi_uldivmod</name>
         <value>0x632c</value>
         <object_component_ref idref="oc-2f4"/>
      </symbol>
      <symbol id="sm-7b7">
         <name>__aeabi_memset</name>
         <value>0x7a98</value>
         <object_component_ref idref="oc-d3"/>
      </symbol>
      <symbol id="sm-7b8">
         <name>memset</name>
         <value>0x7aa4</value>
         <object_component_ref idref="oc-d3"/>
      </symbol>
      <symbol id="sm-7b9">
         <name>__aeabi_memset8</name>
         <value>0x7a98</value>
         <object_component_ref idref="oc-d3"/>
      </symbol>
      <symbol id="sm-7ba">
         <name>__aeabi_memset4</name>
         <value>0x7a98</value>
         <object_component_ref idref="oc-d3"/>
      </symbol>
      <symbol id="sm-7bb">
         <name>__aeabi_memclr8</name>
         <value>0x7a94</value>
         <object_component_ref idref="oc-d3"/>
      </symbol>
      <symbol id="sm-7bc">
         <name>__aeabi_memclr4</name>
         <value>0x7a94</value>
         <object_component_ref idref="oc-d3"/>
      </symbol>
      <symbol id="sm-7bd">
         <name>__aeabi_memclr</name>
         <value>0x7a94</value>
         <object_component_ref idref="oc-d3"/>
      </symbol>
      <symbol id="sm-7c9">
         <name>__aeabi_uidivmod</name>
         <value>0x8a00</value>
         <object_component_ref idref="oc-2f9"/>
      </symbol>
      <symbol id="sm-7ca">
         <name>__aeabi_uidiv</name>
         <value>0x8a00</value>
         <object_component_ref idref="oc-2f9"/>
      </symbol>
      <symbol id="sm-7f2">
         <name>__TI_auto_init_nobinit_nopinit</name>
         <value>0x8790</value>
         <object_component_ref idref="oc-f8"/>
      </symbol>
      <symbol id="sm-806">
         <name>__TI_zero_init_nomemset</name>
         <value>0x8c34</value>
         <object_component_ref idref="oc-5c"/>
      </symbol>
      <symbol id="sm-81d">
         <name>__TI_decompress_none</name>
         <value>0x8d24</value>
         <object_component_ref idref="oc-15"/>
      </symbol>
      <symbol id="sm-840">
         <name>__TI_decompress_lzss</name>
         <value>0x82ac</value>
         <object_component_ref idref="oc-f"/>
      </symbol>
      <symbol id="sm-866">
         <name>C$$EXIT</name>
         <value>0x8d50</value>
         <object_component_ref idref="oc-14e"/>
      </symbol>
      <symbol id="sm-867">
         <name>abort</name>
         <value>0x8d50</value>
         <object_component_ref idref="oc-14e"/>
      </symbol>
      <symbol id="sm-868">
         <name>__TI_dtors_ptr</name>
         <value>0x80020f8</value>
         <object_component_ref idref="oc-220"/>
      </symbol>
      <symbol id="sm-869">
         <name>__TI_cleanup_ptr</name>
         <value>0x80020f4</value>
         <object_component_ref idref="oc-220"/>
      </symbol>
      <symbol id="sm-86a">
         <name>__TI_enable_exit_profile_output</name>
         <value>0x80020fc</value>
         <object_component_ref idref="oc-220"/>
      </symbol>
      <symbol id="sm-86b">
         <name>exit</name>
         <value>0x8550</value>
         <object_component_ref idref="oc-154"/>
      </symbol>
      <symbol id="sm-880">
         <name>_nop</name>
         <value>0x8d5c</value>
         <object_component_ref idref="oc-2ad"/>
      </symbol>
      <symbol id="sm-881">
         <name>_lock</name>
         <value>0x8002124</value>
         <object_component_ref idref="oc-1f9"/>
      </symbol>
      <symbol id="sm-882">
         <name>_unlock</name>
         <value>0x8002128</value>
         <object_component_ref idref="oc-1f9"/>
      </symbol>
      <symbol id="sm-890">
         <name>__TI_ltoa</name>
         <value>0x84d0</value>
         <object_component_ref idref="oc-2ff"/>
      </symbol>
      <symbol id="sm-8a3">
         <name>atoi</name>
         <value>0x844c</value>
         <object_component_ref idref="oc-26b"/>
      </symbol>
      <symbol id="sm-8ae">
         <name>_ctypes_</name>
         <value>0x8f80</value>
         <object_component_ref idref="oc-2ef"/>
      </symbol>
      <symbol id="sm-8c3">
         <name>__TI_tmpnams</name>
         <value>0x8001e20</value>
      </symbol>
      <symbol id="sm-8c4">
         <name>__aeabi_stdout</name>
         <value>0x80020ec</value>
         <object_component_ref idref="oc-433"/>
      </symbol>
      <symbol id="sm-8c5">
         <name>__aeabi_stderr</name>
         <value>0x80020f0</value>
         <object_component_ref idref="oc-433"/>
      </symbol>
      <symbol id="sm-8c6">
         <name>__aeabi_stdin</name>
         <value>0x80020e8</value>
         <object_component_ref idref="oc-433"/>
      </symbol>
      <symbol id="sm-8c7">
         <name>_ftable</name>
         <value>0x8001f2c</value>
         <object_component_ref idref="oc-1fc"/>
      </symbol>
      <symbol id="sm-8c8">
         <name>__TI_ft_end</name>
         <value>0x80020e4</value>
         <object_component_ref idref="oc-433"/>
      </symbol>
      <symbol id="sm-8d7">
         <name>memccpy</name>
         <value>0x8bd8</value>
         <object_component_ref idref="oc-28f"/>
      </symbol>
      <symbol id="sm-8e6">
         <name>memchr</name>
         <value>0x8c08</value>
         <object_component_ref idref="oc-35d"/>
      </symbol>
      <symbol id="sm-965">
         <name>_sys_memory</name>
         <value>0x8001500</value>
         <object_component_ref idref="oc-42"/>
      </symbol>
      <symbol id="sm-966">
         <name>free</name>
         <value>0x6e5c</value>
         <object_component_ref idref="oc-3e4"/>
      </symbol>
      <symbol id="sm-967">
         <name>memalign</name>
         <value>0x69cc</value>
         <object_component_ref idref="oc-426"/>
      </symbol>
      <symbol id="sm-968">
         <name>malloc</name>
         <value>0x8d44</value>
         <object_component_ref idref="oc-3ea"/>
      </symbol>
      <symbol id="sm-969">
         <name>aligned_alloc</name>
         <value>0x69cc</value>
         <object_component_ref idref="oc-426"/>
      </symbol>
      <symbol id="sm-977">
         <name>strchr</name>
         <value>0x8c5c</value>
         <object_component_ref idref="oc-32c"/>
      </symbol>
      <symbol id="sm-985">
         <name>strlen</name>
         <value>0x8cd0</value>
         <object_component_ref idref="oc-265"/>
      </symbol>
      <symbol id="sm-99f">
         <name>write</name>
         <value>0x8b24</value>
         <object_component_ref idref="oc-369"/>
      </symbol>
      <symbol id="sm-9b0">
         <name>_stream</name>
         <value>0x8002094</value>
         <object_component_ref idref="oc-3c1"/>
      </symbol>
      <symbol id="sm-9b1">
         <name>_device</name>
         <value>0x800201c</value>
         <object_component_ref idref="oc-403"/>
      </symbol>
      <symbol id="sm-9c7">
         <name>__aeabi_errno_addr</name>
         <value>0x8d38</value>
         <object_component_ref idref="oc-29b"/>
      </symbol>
      <symbol id="sm-9c8">
         <name>errno</name>
         <value>0x8002134</value>
         <object_component_ref idref="oc-33c"/>
      </symbol>
      <symbol id="sm-9d8">
         <name>__TI_doflush</name>
         <value>0x83c8</value>
         <object_component_ref idref="oc-363"/>
      </symbol>
      <symbol id="sm-9e7">
         <name>__TI_cleanup</name>
         <value>0x885c</value>
         <object_component_ref idref="oc-3f0"/>
      </symbol>
      <symbol id="sm-9f9">
         <name>fseek</name>
         <value>0x7ca0</value>
         <object_component_ref idref="oc-3af"/>
      </symbol>
      <symbol id="sm-a03">
         <name>copysign</name>
         <value>0x8cf0</value>
         <object_component_ref idref="oc-393"/>
      </symbol>
      <symbol id="sm-a04">
         <name>copysignl</name>
         <value>0x8cf0</value>
         <object_component_ref idref="oc-393"/>
      </symbol>
      <symbol id="sm-a0e">
         <name>__aeabi_idiv0</name>
         <value>0x8d6c</value>
         <object_component_ref idref="oc-37a"/>
      </symbol>
      <symbol id="sm-a0f">
         <name>__aeabi_ldiv0</name>
         <value>0x8d6c</value>
         <object_component_ref idref="oc-37a"/>
      </symbol>
      <symbol id="sm-a1b">
         <name>__aeabi_idivmod</name>
         <value>0x89ac</value>
         <object_component_ref idref="oc-381"/>
      </symbol>
      <symbol id="sm-a1c">
         <name>__aeabi_idiv</name>
         <value>0x89ac</value>
         <object_component_ref idref="oc-381"/>
      </symbol>
      <symbol id="sm-a2d">
         <name>HOSTclose</name>
         <value>0x85cc</value>
         <object_component_ref idref="oc-43f"/>
      </symbol>
      <symbol id="sm-a3e">
         <name>HOSTlseek</name>
         <value>0x7bf4</value>
         <object_component_ref idref="oc-451"/>
      </symbol>
      <symbol id="sm-a50">
         <name>parmbuf</name>
         <value>0x8001f20</value>
      </symbol>
      <symbol id="sm-a51">
         <name>HOSTopen</name>
         <value>0x7fc4</value>
         <object_component_ref idref="oc-439"/>
      </symbol>
      <symbol id="sm-a62">
         <name>HOSTread</name>
         <value>0x818c</value>
         <object_component_ref idref="oc-445"/>
      </symbol>
      <symbol id="sm-a73">
         <name>HOSTrename</name>
         <value>0x7d48</value>
         <object_component_ref idref="oc-45d"/>
      </symbol>
      <symbol id="sm-a84">
         <name>HOSTunlink</name>
         <value>0x86b4</value>
         <object_component_ref idref="oc-457"/>
      </symbol>
      <symbol id="sm-a95">
         <name>HOSTwrite</name>
         <value>0x821c</value>
         <object_component_ref idref="oc-44b"/>
      </symbol>
      <symbol id="sm-ab8">
         <name>__TI_readmsg</name>
         <value>0x88b0</value>
         <object_component_ref idref="oc-48c"/>
      </symbol>
      <symbol id="sm-ab9">
         <name>C$$IO$$</name>
         <value>0x894c</value>
         <object_component_ref idref="oc-486"/>
      </symbol>
      <symbol id="sm-aba">
         <name>__CIOBUF_</name>
         <value>0x8001d00</value>
         <object_component_ref idref="oc-4b7"/>
      </symbol>
      <symbol id="sm-abb">
         <name>__TI_writemsg</name>
         <value>0x8904</value>
         <object_component_ref idref="oc-486"/>
      </symbol>
      <symbol id="sm-acc">
         <name>lseek</name>
         <value>0x8ae0</value>
         <object_component_ref idref="oc-3dc"/>
      </symbol>
      <symbol id="sm-ae1">
         <name>__TI_closefile</name>
         <value>0x79dc</value>
         <object_component_ref idref="oc-42d"/>
      </symbol>
      <symbol id="sm-b03">
         <name>finddevice</name>
         <value>0x8958</value>
         <object_component_ref idref="oc-4d5"/>
      </symbol>
      <symbol id="sm-b04">
         <name>getdevice</name>
         <value>0x8724</value>
         <object_component_ref idref="oc-4ad"/>
      </symbol>
      <symbol id="sm-b12">
         <name>strcmp</name>
         <value>0x8c84</value>
         <object_component_ref idref="oc-4ec"/>
      </symbol>
      <symbol id="sm-b20">
         <name>strcpy</name>
         <value>0x8d0c</value>
         <object_component_ref idref="oc-4a0"/>
      </symbol>
      <symbol id="sm-b2f">
         <name>strncpy</name>
         <value>0x8a50</value>
         <object_component_ref idref="oc-4cf"/>
      </symbol>
      <symbol id="sm-b44">
         <name>close</name>
         <value>0x80f4</value>
         <object_component_ref idref="oc-475"/>
      </symbol>
      <symbol id="sm-b54">
         <name>unlink</name>
         <value>0x8a98</value>
         <object_component_ref idref="oc-47b"/>
      </symbol>
      <symbol id="sm-b55">
         <name>__TI_static_base__</name>
         <value>0x0</value>
      </symbol>
      <symbol id="sm-b58">
         <name>SHT$$INIT_ARRAY$$Base</name>
         <value>0x0</value>
      </symbol>
      <symbol id="sm-b59">
         <name>SHT$$INIT_ARRAY$$Limit</name>
         <value>0x0</value>
      </symbol>
      <symbol id="sm-b5a">
         <name>_system_post_cinit</name>
         <value>0x0</value>
      </symbol>
      <symbol id="sm-b5b">
         <name>remove</name>
         <value>0x8a98</value>
      </symbol>
   </symbol_table>
   <title>Link successful</title>
</link_info>
