******************************************************************************
                  TI ARM Linker PC v20.2.7                     
******************************************************************************
>> Linked Tue Oct  3 10:15:34 2023

OUTPUT FILE NAME:   <lc43_test.out>
ENTRY POINT SYMBOL: "_c_int00"  address: 00003c88


MEMORY CONFIGURATION

         name            origin    length      used     unused   attr    fill
----------------------  --------  ---------  --------  --------  ----  --------
  VECTORS               00000000   00000020  00000020  00000000     X
  FLASH0                00000020   001fffe0  000041dc  001fbe04  R  X
  FLASH1                00200000   00200000  00000000  00200000  R  X
  STACKS                08000000   00001500  00000000  00001500  RW  
  RAM                   08001500   0007eb00  00000008  0007eaf8  RW  


SEGMENT ALLOCATION MAP

run origin  load origin   length   init length attrs members
----------  ----------- ---------- ----------- ----- -------
00000000    00000000    00003fe4   00003fe4    r-x
  00000000    00000000    00000020   00000020    r-x .intvecs
  00000020    00000020    00003fc4   00003fc4    r-x .text
00004000    00004000    00000218   00000218    r--
  00004000    00004000    00000200   00000200    r-- .const
  00004200    00004200    00000018   00000018    r-- .cinit
08001500    08001500    00000008   00000000    rw-
  08001500    08001500    00000008   00000000    rw- .data


SECTION ALLOCATION MAP

 output                                  attributes/
section   page    origin      length       input sections
--------  ----  ----------  ----------   ----------------
.intvecs   0    00000000    00000020     
                  00000000    00000020     HL_sys_intvecs.obj (.intvecs)

.text      0    00000020    00003fc4     
                  00000020    000009c0     HL_pinmux.obj (.text)
                  000009e0    00000998     HL_system.obj (.text)
                  00001378    00000938     HL_sys_vim.obj (.text)
                  00001cb0    0000078c     HL_esm.obj (.text)
                  0000243c    00000664     HL_errata_SSWF021_45.obj (.text)
                  00002aa0    00000484     HL_gio.obj (.text)
                  00002f24    000003c4     HL_sys_core.obj (.text)
                  000032e8    0000036c     HL_sys_mpu.obj (.text)
                  00003654    0000033c     HL_sys_vim.obj (.text:retain)
                  00003990    00000180     rtsv7R4_A_be_v3D16_eabi.lib : memcpy32.asm.obj (.text)
                  00003b10    00000178     HL_esm.obj (.text:retain)
                  00003c88    000000d8     HL_sys_startup.obj (.text:retain)
                  00003d60    000000c8     HL_notification.obj (.text)
                  00003e28    000000a0     HL_sys_main.obj (.text)
                  00003ec8    00000090     rtsv7R4_A_be_v3D16_eabi.lib : copy_decompress_lzss.c.obj (.text:decompress:lzss:__TI_decompress_lzss)
                  00003f58    00000068                                 : autoinit.c.obj (.text:__TI_auto_init_nobinit_nopinit:__TI_auto_init_nobinit_nopinit)
                  00003fc0    00000014                                 : copy_decompress_none.c.obj (.text:decompress:none:__TI_decompress_none)
                  00003fd4    00000008                                 : exit.c.obj (.text:abort:abort)
                  00003fdc    00000004     HL_sys_startup.obj (.text)
                  00003fe0    00000004     HL_sys_phantom.obj (.text:retain)

.const     0    00004000    00000200     
                  00004000    00000200     HL_sys_vim.obj (.const:s_vim_init)

.cinit     0    00004200    00000018     
                  00004200    00000008     (__TI_handler_table)
                  00004208    00000007     (.cinit..data.load) [load image, compression = lzss]
                  0000420f    00000001     --HOLE-- [fill = 0]
                  00004210    00000008     (__TI_cinit_table)

.data      0    08001500    00000008     UNINITIALIZED
                  08001500    00000008     HL_sys_main.obj (.data)

__llvm_prf_cnts 
*          0    08001500    00000000     UNINITIALIZED

MODULE SUMMARY

       Module                       code    ro data   rw data
       ------                       ----    -------   -------
    .\source\
       HL_sys_vim.obj               3188    512       0      
       HL_pinmux.obj                2496    0         0      
       HL_system.obj                2456    0         0      
       HL_esm.obj                   2308    0         0      
       HL_errata_SSWF021_45.obj     1636    0         0      
       HL_gio.obj                   1156    0         0      
       HL_sys_core.obj              964     0         0      
       HL_sys_mpu.obj               876     0         0      
       HL_sys_startup.obj           220     0         0      
       HL_notification.obj          200     0         0      
       HL_sys_main.obj              160     0         8      
       HL_sys_intvecs.obj           32      0         0      
       HL_sys_phantom.obj           4       0         0      
    +--+----------------------------+-------+---------+---------+
       Total:                       15696   512       8      
                                                             
    C:\ti\ccs1240\ccs\tools\compiler\ti-cgt-arm_20.2.7.LTS\lib\rtsv7R4_A_be_v3D16_eabi.lib
       memcpy32.asm.obj             384     0         0      
       copy_decompress_lzss.c.obj   144     0         0      
       autoinit.c.obj               104     0         0      
       copy_decompress_none.c.obj   20      0         0      
       exit.c.obj                   8       0         0      
    +--+----------------------------+-------+---------+---------+
       Total:                       660     0         0      
                                                             
       Linker Generated:            0       23        0      
    +--+----------------------------+-------+---------+---------+
       Grand Total:                 16356   535       8      


LINKER GENERATED COPY TABLES

__TI_cinit_table @ 00004210 records: 1, size/record: 8, table size: 8
	.data: load addr=00004208, load size=00000007 bytes, run addr=08001500, run size=00000008 bytes, compression=lzss


LINKER GENERATED HANDLER TABLE

__TI_handler_table @ 00004200 records: 2, size/record: 4, table size: 8
	index: 0, handler: __TI_decompress_lzss
	index: 1, handler: __TI_decompress_none


GLOBAL SYMBOLS: SORTED ALPHABETICALLY BY Name 

address   name                                
-------   ----                                
00003fd4  C$$EXIT                             
UNDEFED   SHT$$INIT_ARRAY$$Base               
UNDEFED   SHT$$INIT_ARRAY$$Limit              
00004210  __TI_CINIT_Base                     
00004218  __TI_CINIT_Limit                    
00004200  __TI_Handler_Table_Base             
00004208  __TI_Handler_Table_Limit            
000032e0  __TI_PINIT_Base                     
000032e4  __TI_PINIT_Limit                    
00003f58  __TI_auto_init_nobinit_nopinit      
00003ec8  __TI_decompress_lzss                
00003fc0  __TI_decompress_none                
ffffffff  __TI_pprof_out_hndl                 
ffffffff  __TI_prof_data_size                 
ffffffff  __TI_prof_data_start                
00000000  __TI_static_base__                  
00003990  __aeabi_memcpy                      
00003990  __aeabi_memcpy4                     
00003990  __aeabi_memcpy8                     
ffffffff  __binit__                           
ffffffff  __c_args__                          
08001500  __start___llvm_prf_cnts             
08001500  __stop___llvm_prf_cnts              
00003c88  _c_int00                            
00003294  _cacheDisable_                      
00003250  _cacheEnable_                       
00003230  _checkMemInitOn_                    
0000313c  _coreClearAuxiliaryDataFault_       
00003150  _coreClearAuxiliaryInstructionFault_
00003114  _coreClearDataFaultAddress_         
000030ec  _coreClearDataFault_                
00003128  _coreClearInstructionFaultAddress_  
00003100  _coreClearInstructionFault_         
000030c4  _coreDisableEventBusExport_         
000030b4  _coreEnableEventBusExport_          
000030d4  _coreEnableIrqVicOffset_            
0000309c  _coreEnableVfp_                     
00003134  _coreGetAuxiliaryDataFault_         
00003148  _coreGetAuxiliaryInstructionFault_  
0000310c  _coreGetDataFaultAddress_           
000030e4  _coreGetDataFault_                  
00003120  _coreGetInstructionFaultAddress_    
000030f8  _coreGetInstructionFault_           
00002f24  _coreInitRegisters_                 
00003030  _coreInitStackPointer_              
000032b8  _dCacheInvalidate_                  
0000315c  _disable_IRQ_interrupt_             
00003164  _enable_IRQ_interrupt_              
0000316c  _enable_interrupt_                  
0000243c  _errata_SSWF021_45_both_plls        
00002630  _errata_SSWF021_45_pll1             
000027a8  _errata_SSWF021_45_pll2             
00003174  _esmCcmErrorsClear_                 
0000307c  _getCPSRValue_                      
00003084  _gotoCPUIdle_                       
000032cc  _iCacheInvalidate_                  
000031fc  _memInit_                           
000035fc  _mpuAreRegionsSeparate_             
000035e0  _mpuDisableBackgroundRegion_        
000035b8  _mpuDisable_                        
000035d0  _mpuEnableBackgroundRegion_         
000035a0  _mpuEnable_                         
000035f0  _mpuGetNumberOfRegions_             
00003620  _mpuGetRegionBaseAddress_           
00003640  _mpuGetRegionPermission_            
00003634  _mpuGetRegionType_                  
00003610  _mpuGetRegion_                      
000032e8  _mpuInit_                           
00003618  _mpuSetRegionBaseAddress_           
0000364c  _mpuSetRegionSizeRegister_          
00003628  _mpuSetRegionTypeAndPermission_     
00003608  _mpuSetRegion_                      
UNDEFED   _system_post_cinit                  
00003fd4  abort                               
00003dac  adcNotification                     
ffffffff  binit                               
08001500  count1                              
08001504  count2                              
000012d0  customTrimLPO                       
00003d98  dmaGroupANotification               
00003dec  edgeNotification                    
00003e14  epcCAMFullNotification              
00003e18  epcFIFOFullNotification             
00001ec0  esmActivateNormalOperation          
0000200c  esmClearStatus                      
00002070  esmClearStatusBuffer                
0000204c  esmClearStatusUpper                 
00001e6c  esmDisableError                     
00001e94  esmDisableErrorUpper                
00001f14  esmDisableInterrupt                 
00001f3c  esmDisableInterruptUpper            
00001e28  esmEnableError                      
00001e50  esmEnableErrorUpper                 
00001ed0  esmEnableInterrupt                  
00001ef8  esmEnableInterruptUpper             
000021a0  esmEnterSelfTest                    
00001e0c  esmError                            
00002278  esmGetConfigValue                   
000020ac  esmGetStatus                        
00002178  esmGetStatusBuffer                  
00002130  esmGetStatusUpper                   
00003d60  esmGroup1Notification               
00003d74  esmGroup2Notification               
00003d88  esmGroup3Notification               
00003b10  esmHighInterrupt                    
00001cb0  esmInit                             
00002228  esmSelfTestStatus                   
0000208c  esmSetCounterPreloadValue           
00001f58  esmSetInterruptLevel                
00001fcc  esmSetInterruptLevelUpper           
00001eb0  esmTriggerErrorPinReset             
00000d78  getResetSource                      
00002d00  gioDisableNotification              
00002c98  gioEnableNotification               
00002c00  gioGetBit                           
00002d68  gioGetConfigValue                   
00002c28  gioGetPort                          
00002aa0  gioInit                             
00003dc0  gioNotification                     
00002b90  gioSetBit                           
00002b70  gioSetDirection                     
00002be0  gioSetPort                          
00002c40  gioToggleBit                        
00003fdc  handlePLLLockFail                   
00003e00  hetNotification                     
00003e28  main                                
00000ba8  mapClocks                           
00003990  memcpy                              
00000020  muxInit                             
00000af4  periphInit                          
00003fe0  phantomInterrupt                    
00003dd4  pwmNotification                     
00000000  resetEntry                          
00000ab4  setupFlash                          
000009e0  setupPLL                            
00000ea0  systemGetConfigValue                
00000cd4  systemInit                          
00000d48  systemPowerDown                     
00000a40  trimLPO                             
0000144c  vimChannelMap                       
000016b8  vimDisableInterrupt                 
00003654  vimECCErrorHandler                  
000014f0  vimEnableInterrupt                  
00001764  vimGetConfigValue                   
00001378  vimInit                             


GLOBAL SYMBOLS: SORTED BY Symbol Address 

address   name                                
-------   ----                                
00000000  __TI_static_base__                  
00000000  resetEntry                          
00000020  muxInit                             
000009e0  setupPLL                            
00000a40  trimLPO                             
00000ab4  setupFlash                          
00000af4  periphInit                          
00000ba8  mapClocks                           
00000cd4  systemInit                          
00000d48  systemPowerDown                     
00000d78  getResetSource                      
00000ea0  systemGetConfigValue                
000012d0  customTrimLPO                       
00001378  vimInit                             
0000144c  vimChannelMap                       
000014f0  vimEnableInterrupt                  
000016b8  vimDisableInterrupt                 
00001764  vimGetConfigValue                   
00001cb0  esmInit                             
00001e0c  esmError                            
00001e28  esmEnableError                      
00001e50  esmEnableErrorUpper                 
00001e6c  esmDisableError                     
00001e94  esmDisableErrorUpper                
00001eb0  esmTriggerErrorPinReset             
00001ec0  esmActivateNormalOperation          
00001ed0  esmEnableInterrupt                  
00001ef8  esmEnableInterruptUpper             
00001f14  esmDisableInterrupt                 
00001f3c  esmDisableInterruptUpper            
00001f58  esmSetInterruptLevel                
00001fcc  esmSetInterruptLevelUpper           
0000200c  esmClearStatus                      
0000204c  esmClearStatusUpper                 
00002070  esmClearStatusBuffer                
0000208c  esmSetCounterPreloadValue           
000020ac  esmGetStatus                        
00002130  esmGetStatusUpper                   
00002178  esmGetStatusBuffer                  
000021a0  esmEnterSelfTest                    
00002228  esmSelfTestStatus                   
00002278  esmGetConfigValue                   
0000243c  _errata_SSWF021_45_both_plls        
00002630  _errata_SSWF021_45_pll1             
000027a8  _errata_SSWF021_45_pll2             
00002aa0  gioInit                             
00002b70  gioSetDirection                     
00002b90  gioSetBit                           
00002be0  gioSetPort                          
00002c00  gioGetBit                           
00002c28  gioGetPort                          
00002c40  gioToggleBit                        
00002c98  gioEnableNotification               
00002d00  gioDisableNotification              
00002d68  gioGetConfigValue                   
00002f24  _coreInitRegisters_                 
00003030  _coreInitStackPointer_              
0000307c  _getCPSRValue_                      
00003084  _gotoCPUIdle_                       
0000309c  _coreEnableVfp_                     
000030b4  _coreEnableEventBusExport_          
000030c4  _coreDisableEventBusExport_         
000030d4  _coreEnableIrqVicOffset_            
000030e4  _coreGetDataFault_                  
000030ec  _coreClearDataFault_                
000030f8  _coreGetInstructionFault_           
00003100  _coreClearInstructionFault_         
0000310c  _coreGetDataFaultAddress_           
00003114  _coreClearDataFaultAddress_         
00003120  _coreGetInstructionFaultAddress_    
00003128  _coreClearInstructionFaultAddress_  
00003134  _coreGetAuxiliaryDataFault_         
0000313c  _coreClearAuxiliaryDataFault_       
00003148  _coreGetAuxiliaryInstructionFault_  
00003150  _coreClearAuxiliaryInstructionFault_
0000315c  _disable_IRQ_interrupt_             
00003164  _enable_IRQ_interrupt_              
0000316c  _enable_interrupt_                  
00003174  _esmCcmErrorsClear_                 
000031fc  _memInit_                           
00003230  _checkMemInitOn_                    
00003250  _cacheEnable_                       
00003294  _cacheDisable_                      
000032b8  _dCacheInvalidate_                  
000032cc  _iCacheInvalidate_                  
000032e0  __TI_PINIT_Base                     
000032e4  __TI_PINIT_Limit                    
000032e8  _mpuInit_                           
000035a0  _mpuEnable_                         
000035b8  _mpuDisable_                        
000035d0  _mpuEnableBackgroundRegion_         
000035e0  _mpuDisableBackgroundRegion_        
000035f0  _mpuGetNumberOfRegions_             
000035fc  _mpuAreRegionsSeparate_             
00003608  _mpuSetRegion_                      
00003610  _mpuGetRegion_                      
00003618  _mpuSetRegionBaseAddress_           
00003620  _mpuGetRegionBaseAddress_           
00003628  _mpuSetRegionTypeAndPermission_     
00003634  _mpuGetRegionType_                  
00003640  _mpuGetRegionPermission_            
0000364c  _mpuSetRegionSizeRegister_          
00003654  vimECCErrorHandler                  
00003990  __aeabi_memcpy                      
00003990  __aeabi_memcpy4                     
00003990  __aeabi_memcpy8                     
00003990  memcpy                              
00003b10  esmHighInterrupt                    
00003c88  _c_int00                            
00003d60  esmGroup1Notification               
00003d74  esmGroup2Notification               
00003d88  esmGroup3Notification               
00003d98  dmaGroupANotification               
00003dac  adcNotification                     
00003dc0  gioNotification                     
00003dd4  pwmNotification                     
00003dec  edgeNotification                    
00003e00  hetNotification                     
00003e14  epcCAMFullNotification              
00003e18  epcFIFOFullNotification             
00003e28  main                                
00003ec8  __TI_decompress_lzss                
00003f58  __TI_auto_init_nobinit_nopinit      
00003fc0  __TI_decompress_none                
00003fd4  C$$EXIT                             
00003fd4  abort                               
00003fdc  handlePLLLockFail                   
00003fe0  phantomInterrupt                    
00004200  __TI_Handler_Table_Base             
00004208  __TI_Handler_Table_Limit            
00004210  __TI_CINIT_Base                     
00004218  __TI_CINIT_Limit                    
08001500  __start___llvm_prf_cnts             
08001500  __stop___llvm_prf_cnts              
08001500  count1                              
08001504  count2                              
ffffffff  __TI_pprof_out_hndl                 
ffffffff  __TI_prof_data_size                 
ffffffff  __TI_prof_data_start                
ffffffff  __binit__                           
ffffffff  __c_args__                          
ffffffff  binit                               
UNDEFED   SHT$$INIT_ARRAY$$Base               
UNDEFED   SHT$$INIT_ARRAY$$Limit              
UNDEFED   _system_post_cinit                  

[145 symbols]
