<?xml version="1.0" encoding="ISO-8859-1" ?>
<link_info>
   <banner>TI ARM Linker PC v20.2.7.LTS</banner>
   <copyright>Copyright (c) 1996-2018 Texas Instruments Incorporated</copyright>
   <link_time>0x651c17fa</link_time>
   <link_errors>0x0</link_errors>
   <output_file>lc43_freertos.out</output_file>
   <entry_point>
      <name>_c_int00</name>
      <address>0xce74</address>
   </entry_point>
   <input_file_list>
      <input_file id="fl-2">
         <path>.\source\</path>
         <kind>object</kind>
         <file>HL_epc.obj</file>
         <name>HL_epc.obj</name>
      </input_file>
      <input_file id="fl-3">
         <path>.\source\</path>
         <kind>object</kind>
         <file>HL_errata.obj</file>
         <name>HL_errata.obj</name>
      </input_file>
      <input_file id="fl-4">
         <path>.\source\</path>
         <kind>object</kind>
         <file>HL_errata_SSWF021_45.obj</file>
         <name>HL_errata_SSWF021_45.obj</name>
      </input_file>
      <input_file id="fl-5">
         <path>.\source\</path>
         <kind>object</kind>
         <file>HL_esm.obj</file>
         <name>HL_esm.obj</name>
      </input_file>
      <input_file id="fl-6">
         <path>.\source\</path>
         <kind>object</kind>
         <file>HL_gio.obj</file>
         <name>HL_gio.obj</name>
      </input_file>
      <input_file id="fl-7">
         <path>.\source\</path>
         <kind>object</kind>
         <file>HL_nmpu.obj</file>
         <name>HL_nmpu.obj</name>
      </input_file>
      <input_file id="fl-8">
         <path>.\source\</path>
         <kind>object</kind>
         <file>HL_notification.obj</file>
         <name>HL_notification.obj</name>
      </input_file>
      <input_file id="fl-9">
         <path>.\source\</path>
         <kind>object</kind>
         <file>HL_pinmux.obj</file>
         <name>HL_pinmux.obj</name>
      </input_file>
      <input_file id="fl-a">
         <path>.\source\</path>
         <kind>object</kind>
         <file>HL_sys_core.obj</file>
         <name>HL_sys_core.obj</name>
      </input_file>
      <input_file id="fl-b">
         <path>.\source\</path>
         <kind>object</kind>
         <file>HL_sys_dma.obj</file>
         <name>HL_sys_dma.obj</name>
      </input_file>
      <input_file id="fl-c">
         <path>.\source\</path>
         <kind>object</kind>
         <file>HL_sys_intvecs.obj</file>
         <name>HL_sys_intvecs.obj</name>
      </input_file>
      <input_file id="fl-d">
         <path>.\source\</path>
         <kind>object</kind>
         <file>HL_sys_main.obj</file>
         <name>HL_sys_main.obj</name>
      </input_file>
      <input_file id="fl-e">
         <path>.\source\</path>
         <kind>object</kind>
         <file>HL_sys_mpu.obj</file>
         <name>HL_sys_mpu.obj</name>
      </input_file>
      <input_file id="fl-f">
         <path>.\source\</path>
         <kind>object</kind>
         <file>HL_sys_pcr.obj</file>
         <name>HL_sys_pcr.obj</name>
      </input_file>
      <input_file id="fl-10">
         <path>.\source\</path>
         <kind>object</kind>
         <file>HL_sys_phantom.obj</file>
         <name>HL_sys_phantom.obj</name>
      </input_file>
      <input_file id="fl-11">
         <path>.\source\</path>
         <kind>object</kind>
         <file>HL_sys_pmm.obj</file>
         <name>HL_sys_pmm.obj</name>
      </input_file>
      <input_file id="fl-12">
         <path>.\source\</path>
         <kind>object</kind>
         <file>HL_sys_pmu.obj</file>
         <name>HL_sys_pmu.obj</name>
      </input_file>
      <input_file id="fl-13">
         <path>.\source\</path>
         <kind>object</kind>
         <file>HL_sys_startup.obj</file>
         <name>HL_sys_startup.obj</name>
      </input_file>
      <input_file id="fl-14">
         <path>.\source\</path>
         <kind>object</kind>
         <file>HL_sys_vim.obj</file>
         <name>HL_sys_vim.obj</name>
      </input_file>
      <input_file id="fl-15">
         <path>.\source\</path>
         <kind>object</kind>
         <file>HL_system.obj</file>
         <name>HL_system.obj</name>
      </input_file>
      <input_file id="fl-16">
         <path>.\source\</path>
         <kind>object</kind>
         <file>os_croutine.obj</file>
         <name>os_croutine.obj</name>
      </input_file>
      <input_file id="fl-17">
         <path>.\source\</path>
         <kind>object</kind>
         <file>os_event_groups.obj</file>
         <name>os_event_groups.obj</name>
      </input_file>
      <input_file id="fl-18">
         <path>.\source\</path>
         <kind>object</kind>
         <file>os_heap.obj</file>
         <name>os_heap.obj</name>
      </input_file>
      <input_file id="fl-19">
         <path>.\source\</path>
         <kind>object</kind>
         <file>os_list.obj</file>
         <name>os_list.obj</name>
      </input_file>
      <input_file id="fl-1a">
         <path>.\source\</path>
         <kind>object</kind>
         <file>os_mpu_wrappers.obj</file>
         <name>os_mpu_wrappers.obj</name>
      </input_file>
      <input_file id="fl-1b">
         <path>.\source\</path>
         <kind>object</kind>
         <file>os_port.obj</file>
         <name>os_port.obj</name>
      </input_file>
      <input_file id="fl-1c">
         <path>.\source\</path>
         <kind>object</kind>
         <file>os_portasm.obj</file>
         <name>os_portasm.obj</name>
      </input_file>
      <input_file id="fl-1d">
         <path>.\source\</path>
         <kind>object</kind>
         <file>os_queue.obj</file>
         <name>os_queue.obj</name>
      </input_file>
      <input_file id="fl-1e">
         <path>.\source\</path>
         <kind>object</kind>
         <file>os_tasks.obj</file>
         <name>os_tasks.obj</name>
      </input_file>
      <input_file id="fl-1f">
         <path>.\source\</path>
         <kind>object</kind>
         <file>os_timer.obj</file>
         <name>os_timer.obj</name>
      </input_file>
      <input_file id="fl-23">
         <kind>object</kind>
         <file>&lt;internal&gt;</file>
         <name>&lt;internal&gt;</name>
      </input_file>
      <input_file id="fl-d9">
         <path>C:\ti\ccs1240\ccs\tools\compiler\ti-cgt-arm_20.2.7.LTS\lib\</path>
         <kind>archive</kind>
         <file>rtsv7R4_A_be_v3D16_eabi.lib</file>
         <name>memcpy32.asm.obj</name>
      </input_file>
      <input_file id="fl-da">
         <path>C:\ti\ccs1240\ccs\tools\compiler\ti-cgt-arm_20.2.7.LTS\lib\</path>
         <kind>archive</kind>
         <file>rtsv7R4_A_be_v3D16_eabi.lib</file>
         <name>memset32.asm.obj</name>
      </input_file>
      <input_file id="fl-db">
         <path>C:\ti\ccs1240\ccs\tools\compiler\ti-cgt-arm_20.2.7.LTS\lib\</path>
         <kind>archive</kind>
         <file>rtsv7R4_A_be_v3D16_eabi.lib</file>
         <name>autoinit.c.obj</name>
      </input_file>
      <input_file id="fl-dc">
         <path>C:\ti\ccs1240\ccs\tools\compiler\ti-cgt-arm_20.2.7.LTS\lib\</path>
         <kind>archive</kind>
         <file>rtsv7R4_A_be_v3D16_eabi.lib</file>
         <name>cpy_tbl.c.obj</name>
      </input_file>
      <input_file id="fl-dd">
         <path>C:\ti\ccs1240\ccs\tools\compiler\ti-cgt-arm_20.2.7.LTS\lib\</path>
         <kind>archive</kind>
         <file>rtsv7R4_A_be_v3D16_eabi.lib</file>
         <name>copy_zero_init.c.obj</name>
      </input_file>
      <input_file id="fl-de">
         <path>C:\ti\ccs1240\ccs\tools\compiler\ti-cgt-arm_20.2.7.LTS\lib\</path>
         <kind>archive</kind>
         <file>rtsv7R4_A_be_v3D16_eabi.lib</file>
         <name>copy_decompress_none.c.obj</name>
      </input_file>
      <input_file id="fl-df">
         <path>C:\ti\ccs1240\ccs\tools\compiler\ti-cgt-arm_20.2.7.LTS\lib\</path>
         <kind>archive</kind>
         <file>rtsv7R4_A_be_v3D16_eabi.lib</file>
         <name>copy_decompress_lzss.c.obj</name>
      </input_file>
      <input_file id="fl-e0">
         <path>C:\ti\ccs1240\ccs\tools\compiler\ti-cgt-arm_20.2.7.LTS\lib\</path>
         <kind>archive</kind>
         <file>rtsv7R4_A_be_v3D16_eabi.lib</file>
         <name>exit.c.obj</name>
      </input_file>
      <input_file id="fl-e1">
         <path>C:\ti\ccs1240\ccs\tools\compiler\ti-cgt-arm_20.2.7.LTS\lib\</path>
         <kind>archive</kind>
         <file>rtsv7R4_A_be_v3D16_eabi.lib</file>
         <name>_lock.c.obj</name>
      </input_file>
      <input_file id="fl-e2">
         <path>C:\ti\ccs1240\ccs\tools\compiler\ti-cgt-arm_20.2.7.LTS\lib\</path>
         <kind>archive</kind>
         <file>rtsv7R4_A_be_v3D16_eabi.lib</file>
         <name>strlen.c.obj</name>
      </input_file>
   </input_file_list>
   <object_component_list>
      <object_component id="oc-2d">
         <name>.intvecs</name>
         <load_address>0x0</load_address>
         <run_address>0x0</run_address>
         <size>0x20</size>
         <input_file_ref idref="fl-c"/>
      </object_component>
      <object_component id="oc-134">
         <name>.kernelTEXT</name>
         <load_address>0x20</load_address>
         <run_address>0x20</run_address>
         <size>0x2bb8</size>
         <input_file_ref idref="fl-1e"/>
      </object_component>
      <object_component id="oc-1cc">
         <name>.kernelTEXT</name>
         <load_address>0x2bd8</load_address>
         <run_address>0x2bd8</run_address>
         <size>0x11d4</size>
         <input_file_ref idref="fl-1d"/>
      </object_component>
      <object_component id="oc-1d2">
         <name>.kernelTEXT</name>
         <load_address>0x3dac</load_address>
         <run_address>0x3dac</run_address>
         <size>0x818</size>
         <input_file_ref idref="fl-17"/>
      </object_component>
      <object_component id="oc-a3">
         <name>.kernelTEXT</name>
         <load_address>0x45c4</load_address>
         <run_address>0x45c4</run_address>
         <size>0x4b0</size>
         <input_file_ref idref="fl-1c"/>
      </object_component>
      <object_component id="oc-1ff">
         <name>.kernelTEXT</name>
         <load_address>0x4a74</load_address>
         <run_address>0x4a74</run_address>
         <size>0x3dc</size>
         <input_file_ref idref="fl-1b"/>
      </object_component>
      <object_component id="oc-1f3">
         <name>.kernelTEXT</name>
         <load_address>0x4e50</load_address>
         <run_address>0x4e50</run_address>
         <size>0x37c</size>
         <input_file_ref idref="fl-18"/>
      </object_component>
      <object_component id="oc-2fc">
         <name>.cinit..data.load</name>
         <load_address>0x51e0</load_address>
         <run_address>0x51e0</run_address>
         <size>0xc</size>
      </object_component>
      <object_component id="oc-2f7">
         <name>__TI_handler_table</name>
         <load_address>0x51ec</load_address>
         <run_address>0x51ec</run_address>
         <size>0xc</size>
      </object_component>
      <object_component id="oc-2f9">
         <name>.cinit..kernelBSS.load</name>
         <load_address>0x51f8</load_address>
         <run_address>0x51f8</run_address>
         <size>0x9</size>
      </object_component>
      <object_component id="oc-2fb">
         <name>.cinit..bss.load</name>
         <load_address>0x5208</load_address>
         <run_address>0x5208</run_address>
         <size>0x8</size>
      </object_component>
      <object_component id="oc-2fa">
         <name>.cinit..kernelHEAP.load</name>
         <load_address>0x5210</load_address>
         <run_address>0x5210</run_address>
         <size>0x8</size>
      </object_component>
      <object_component id="oc-2f8">
         <name>__TI_cinit_table</name>
         <load_address>0x5218</load_address>
         <run_address>0x5218</run_address>
         <size>0x20</size>
      </object_component>
      <object_component id="oc-da">
         <name>.text</name>
         <load_address>0x8020</load_address>
         <run_address>0x8020</run_address>
         <size>0x9c0</size>
         <input_file_ref idref="fl-9"/>
      </object_component>
      <object_component id="oc-12e">
         <name>.text</name>
         <load_address>0x89e0</load_address>
         <run_address>0x89e0</run_address>
         <size>0x9a0</size>
         <input_file_ref idref="fl-1a"/>
      </object_component>
      <object_component id="oc-6c">
         <name>.text</name>
         <load_address>0x9380</load_address>
         <run_address>0x9380</run_address>
         <size>0x998</size>
         <input_file_ref idref="fl-15"/>
      </object_component>
      <object_component id="oc-3e">
         <name>.text</name>
         <load_address>0x9d18</load_address>
         <run_address>0x9d18</run_address>
         <size>0x93c</size>
         <input_file_ref idref="fl-14"/>
      </object_component>
      <object_component id="oc-84">
         <name>.text</name>
         <load_address>0xa654</load_address>
         <run_address>0xa654</run_address>
         <size>0x78c</size>
         <input_file_ref idref="fl-5"/>
      </object_component>
      <object_component id="oc-72">
         <name>.text</name>
         <load_address>0xade0</load_address>
         <run_address>0xade0</run_address>
         <size>0x664</size>
         <input_file_ref idref="fl-4"/>
      </object_component>
      <object_component id="oc-128">
         <name>.text</name>
         <load_address>0xb444</load_address>
         <run_address>0xb444</run_address>
         <size>0x484</size>
         <input_file_ref idref="fl-6"/>
      </object_component>
      <object_component id="oc-67">
         <name>.text</name>
         <load_address>0xb8c8</load_address>
         <run_address>0xb8c8</run_address>
         <size>0x3c4</size>
         <input_file_ref idref="fl-a"/>
      </object_component>
      <object_component id="oc-8a">
         <name>.text</name>
         <load_address>0xbc8c</load_address>
         <run_address>0xbc8c</run_address>
         <size>0x36c</size>
         <input_file_ref idref="fl-e"/>
      </object_component>
      <object_component id="oc-38">
         <name>.text:retain</name>
         <load_address>0xbff8</load_address>
         <run_address>0xbff8</run_address>
         <size>0x33c</size>
         <input_file_ref idref="fl-14"/>
      </object_component>
      <object_component id="oc-262">
         <name>.text</name>
         <load_address>0xc334</load_address>
         <run_address>0xc334</run_address>
         <size>0x278</size>
         <input_file_ref idref="fl-18"/>
      </object_component>
      <object_component id="oc-1f9">
         <name>.text</name>
         <load_address>0xc5ac</load_address>
         <run_address>0xc5ac</run_address>
         <size>0x238</size>
         <input_file_ref idref="fl-19"/>
      </object_component>
      <object_component id="oc-4f">
         <name>.text</name>
         <load_address>0xc7e4</load_address>
         <run_address>0xc7e4</run_address>
         <size>0x180</size>
         <input_file_ref idref="fl-d9"/>
      </object_component>
      <object_component id="oc-24">
         <name>.text:retain</name>
         <load_address>0xc964</load_address>
         <run_address>0xc964</run_address>
         <size>0x178</size>
         <input_file_ref idref="fl-5"/>
      </object_component>
      <object_component id="oc-1c6">
         <name>.text</name>
         <load_address>0xcadc</load_address>
         <run_address>0xcadc</run_address>
         <size>0x158</size>
         <input_file_ref idref="fl-1e"/>
      </object_component>
      <object_component id="oc-272">
         <name>.text</name>
         <load_address>0xcc34</load_address>
         <run_address>0xcc34</run_address>
         <size>0x138</size>
         <input_file_ref idref="fl-1b"/>
      </object_component>
      <object_component id="oc-90">
         <name>.text</name>
         <load_address>0xcd6c</load_address>
         <run_address>0xcd6c</run_address>
         <size>0x108</size>
         <input_file_ref idref="fl-d"/>
      </object_component>
      <object_component id="oc-1e">
         <name>.text:retain</name>
         <load_address>0xce74</load_address>
         <run_address>0xce74</run_address>
         <size>0xd8</size>
         <input_file_ref idref="fl-13"/>
      </object_component>
      <object_component id="oc-d3">
         <name>.text</name>
         <load_address>0xcf4c</load_address>
         <run_address>0xcf4c</run_address>
         <size>0xb0</size>
         <input_file_ref idref="fl-da"/>
      </object_component>
      <object_component id="oc-11">
         <name>.text:decompress:lzss:__TI_decompress_lzss</name>
         <load_address>0xcffc</load_address>
         <run_address>0xcffc</run_address>
         <size>0x90</size>
         <input_file_ref idref="fl-df"/>
      </object_component>
      <object_component id="oc-7e">
         <name>.text</name>
         <load_address>0xd08c</load_address>
         <run_address>0xd08c</run_address>
         <size>0x74</size>
         <input_file_ref idref="fl-8"/>
      </object_component>
      <object_component id="oc-f8">
         <name>.text:__TI_auto_init_nobinit_nopinit:__TI_auto_init_nobinit_nopinit</name>
         <load_address>0xd100</load_address>
         <run_address>0xd100</run_address>
         <size>0x68</size>
         <input_file_ref idref="fl-db"/>
      </object_component>
      <object_component id="oc-208">
         <name>.text:strlen</name>
         <load_address>0xd168</load_address>
         <run_address>0xd168</run_address>
         <size>0x20</size>
         <input_file_ref idref="fl-e2"/>
      </object_component>
      <object_component id="oc-17">
         <name>.text:decompress:none:__TI_decompress_none</name>
         <load_address>0xd188</load_address>
         <run_address>0xd188</run_address>
         <size>0x14</size>
         <input_file_ref idref="fl-de"/>
      </object_component>
      <object_component id="oc-61">
         <name>.text:decompress:ZI:__TI_zero_init</name>
         <load_address>0xd19c</load_address>
         <run_address>0xd19c</run_address>
         <size>0x10</size>
         <input_file_ref idref="fl-dd"/>
      </object_component>
      <object_component id="oc-142">
         <name>.text:abort:abort</name>
         <load_address>0xd1ac</load_address>
         <run_address>0xd1ac</run_address>
         <size>0x8</size>
         <input_file_ref idref="fl-e0"/>
      </object_component>
      <object_component id="oc-78">
         <name>.text</name>
         <load_address>0xd1b4</load_address>
         <run_address>0xd1b4</run_address>
         <size>0x4</size>
         <input_file_ref idref="fl-13"/>
      </object_component>
      <object_component id="oc-32">
         <name>.text:retain</name>
         <load_address>0xd1b8</load_address>
         <run_address>0xd1b8</run_address>
         <size>0x4</size>
         <input_file_ref idref="fl-10"/>
      </object_component>
      <object_component id="oc-2a">
         <name>.const:s_vim_init</name>
         <load_address>0xd1c0</load_address>
         <run_address>0xd1c0</run_address>
         <size>0x200</size>
         <input_file_ref idref="fl-14"/>
      </object_component>
      <object_component id="oc-153">
         <name>.kernelBSS:init</name>
         <load_address>0x80008d0</load_address>
         <run_address>0x80008d0</run_address>
         <size>0x34</size>
         <input_file_ref idref="fl-1e"/>
      </object_component>
      <object_component id="oc-205">
         <name>.kernelBSS:uninit</name>
         <load_address>0x8000800</load_address>
         <run_address>0x8000800</run_address>
         <size>0xd0</size>
         <input_file_ref idref="fl-1e"/>
      </object_component>
      <object_component id="oc-2b6">
         <name>.kernelHEAP</name>
         <uninitialized>true</uninitialized>
         <run_address>0x8001000</run_address>
         <size>0x2000</size>
         <input_file_ref idref="fl-18"/>
      </object_component>
      <object_component id="oc-26b">
         <name>.bss:xStart</name>
         <uninitialized>true</uninitialized>
         <run_address>0x8003020</run_address>
         <size>0x8</size>
         <input_file_ref idref="fl-18"/>
      </object_component>
      <object_component id="oc-13d">
         <name>.common:xTask1Handle</name>
         <uninitialized>true</uninitialized>
         <run_address>0x8003028</run_address>
         <size>0x4</size>
      </object_component>
      <object_component id="oc-140">
         <name>.common:xTask2Handle</name>
         <uninitialized>true</uninitialized>
         <run_address>0x800302c</run_address>
         <size>0x4</size>
      </object_component>
      <object_component id="oc-13a">
         <name>.data</name>
         <load_address>0x8003010</load_address>
         <run_address>0x8003010</run_address>
         <size>0x8</size>
         <input_file_ref idref="fl-d"/>
      </object_component>
      <object_component id="oc-268">
         <name>.data</name>
         <load_address>0x8003000</load_address>
         <run_address>0x8003000</run_address>
         <size>0x10</size>
         <input_file_ref idref="fl-18"/>
      </object_component>
      <object_component id="oc-156">
         <name>.data</name>
         <load_address>0x8003018</load_address>
         <run_address>0x8003018</run_address>
         <size>0x8</size>
         <input_file_ref idref="fl-1b"/>
      </object_component>
      <object_component id="oc-189">
         <name>.debug_info</name>
         <load_address>0x0</load_address>
         <run_address>0x0</run_address>
         <size>0x382</size>
         <input_file_ref idref="fl-2"/>
      </object_component>
      <object_component id="oc-98">
         <name>.debug_info</name>
         <load_address>0x382</load_address>
         <run_address>0x382</run_address>
         <size>0x429</size>
         <input_file_ref idref="fl-2"/>
      </object_component>
      <object_component id="oc-15c">
         <name>.debug_info</name>
         <load_address>0x7ab</load_address>
         <run_address>0x7ab</run_address>
         <size>0x26b</size>
         <input_file_ref idref="fl-2"/>
      </object_component>
      <object_component id="oc-9e">
         <name>.debug_info</name>
         <load_address>0xa16</load_address>
         <run_address>0xa16</run_address>
         <size>0x157</size>
         <input_file_ref idref="fl-2"/>
      </object_component>
      <object_component id="oc-b4">
         <name>.debug_info</name>
         <load_address>0xb6d</load_address>
         <run_address>0xb6d</run_address>
         <size>0x8b</size>
         <input_file_ref idref="fl-2"/>
      </object_component>
      <object_component id="oc-af">
         <name>.debug_info</name>
         <load_address>0xbf8</load_address>
         <run_address>0xbf8</run_address>
         <size>0x18c</size>
         <input_file_ref idref="fl-2"/>
      </object_component>
      <object_component id="oc-228">
         <name>.debug_info</name>
         <load_address>0xd84</load_address>
         <run_address>0xd84</run_address>
         <size>0x2a4</size>
         <input_file_ref idref="fl-2"/>
      </object_component>
      <object_component id="oc-14e">
         <name>.debug_info</name>
         <load_address>0x1028</load_address>
         <run_address>0x1028</run_address>
         <size>0xbb</size>
         <input_file_ref idref="fl-2"/>
      </object_component>
      <object_component id="oc-b9">
         <name>.debug_info</name>
         <load_address>0x10e3</load_address>
         <run_address>0x10e3</run_address>
         <size>0x86</size>
         <input_file_ref idref="fl-2"/>
      </object_component>
      <object_component id="oc-161">
         <name>.debug_info</name>
         <load_address>0x1169</load_address>
         <run_address>0x1169</run_address>
         <size>0x102</size>
         <input_file_ref idref="fl-2"/>
      </object_component>
      <object_component id="oc-1ae">
         <name>.debug_info</name>
         <load_address>0x126b</load_address>
         <run_address>0x126b</run_address>
         <size>0x142</size>
         <input_file_ref idref="fl-2"/>
      </object_component>
      <object_component id="oc-166">
         <name>.debug_info</name>
         <load_address>0x13ad</load_address>
         <run_address>0x13ad</run_address>
         <size>0x285</size>
         <input_file_ref idref="fl-2"/>
      </object_component>
      <object_component id="oc-16b">
         <name>.debug_info</name>
         <load_address>0x1632</load_address>
         <run_address>0x1632</run_address>
         <size>0x44a</size>
         <input_file_ref idref="fl-2"/>
      </object_component>
      <object_component id="oc-170">
         <name>.debug_info</name>
         <load_address>0x1a7c</load_address>
         <run_address>0x1a7c</run_address>
         <size>0x1f9</size>
         <input_file_ref idref="fl-2"/>
      </object_component>
      <object_component id="oc-175">
         <name>.debug_info</name>
         <load_address>0x1c75</load_address>
         <run_address>0x1c75</run_address>
         <size>0x152</size>
         <input_file_ref idref="fl-2"/>
      </object_component>
      <object_component id="oc-17a">
         <name>.debug_info</name>
         <load_address>0x1dc7</load_address>
         <run_address>0x1dc7</run_address>
         <size>0x70a</size>
         <input_file_ref idref="fl-2"/>
      </object_component>
      <object_component id="oc-17f">
         <name>.debug_info</name>
         <load_address>0x24d1</load_address>
         <run_address>0x24d1</run_address>
         <size>0x36d</size>
         <input_file_ref idref="fl-2"/>
      </object_component>
      <object_component id="oc-1a6">
         <name>.debug_info</name>
         <load_address>0x283e</load_address>
         <run_address>0x283e</run_address>
         <size>0x2bc</size>
         <input_file_ref idref="fl-4"/>
      </object_component>
      <object_component id="oc-74">
         <name>.debug_info</name>
         <load_address>0x2afa</load_address>
         <run_address>0x2afa</run_address>
         <size>0x65b</size>
         <input_file_ref idref="fl-4"/>
      </object_component>
      <object_component id="oc-4a">
         <name>.debug_info</name>
         <load_address>0x3155</load_address>
         <run_address>0x3155</run_address>
         <size>0x84</size>
         <input_file_ref idref="fl-4"/>
      </object_component>
      <object_component id="oc-e3">
         <name>.debug_info</name>
         <load_address>0x31d9</load_address>
         <run_address>0x31d9</run_address>
         <size>0x9e7</size>
         <input_file_ref idref="fl-4"/>
      </object_component>
      <object_component id="oc-f6">
         <name>.debug_info</name>
         <load_address>0x3bc0</load_address>
         <run_address>0x3bc0</run_address>
         <size>0x34e</size>
         <input_file_ref idref="fl-5"/>
      </object_component>
      <object_component id="oc-85">
         <name>.debug_info</name>
         <load_address>0x3f0e</load_address>
         <run_address>0x3f0e</run_address>
         <size>0x10c3</size>
         <input_file_ref idref="fl-5"/>
      </object_component>
      <object_component id="oc-26">
         <name>.debug_info</name>
         <load_address>0x4fd1</load_address>
         <run_address>0x4fd1</run_address>
         <size>0x1ab</size>
         <input_file_ref idref="fl-5"/>
      </object_component>
      <object_component id="oc-f1">
         <name>.debug_info</name>
         <load_address>0x517c</load_address>
         <run_address>0x517c</run_address>
         <size>0x168</size>
         <input_file_ref idref="fl-5"/>
      </object_component>
      <object_component id="oc-1c5">
         <name>.debug_info</name>
         <load_address>0x52e4</load_address>
         <run_address>0x52e4</run_address>
         <size>0x2b3</size>
         <input_file_ref idref="fl-6"/>
      </object_component>
      <object_component id="oc-12a">
         <name>.debug_info</name>
         <load_address>0x5597</load_address>
         <run_address>0x5597</run_address>
         <size>0x71d</size>
         <input_file_ref idref="fl-6"/>
      </object_component>
      <object_component id="oc-24c">
         <name>.debug_info</name>
         <load_address>0x5cb4</load_address>
         <run_address>0x5cb4</run_address>
         <size>0x12a</size>
         <input_file_ref idref="fl-6"/>
      </object_component>
      <object_component id="oc-ea">
         <name>.debug_info</name>
         <load_address>0x5dde</load_address>
         <run_address>0x5dde</run_address>
         <size>0x36e</size>
         <input_file_ref idref="fl-8"/>
      </object_component>
      <object_component id="oc-7f">
         <name>.debug_info</name>
         <load_address>0x614c</load_address>
         <run_address>0x614c</run_address>
         <size>0x617</size>
         <input_file_ref idref="fl-8"/>
      </object_component>
      <object_component id="oc-1a9">
         <name>.debug_info</name>
         <load_address>0x6763</load_address>
         <run_address>0x6763</run_address>
         <size>0xadd</size>
         <input_file_ref idref="fl-8"/>
      </object_component>
      <object_component id="oc-eb">
         <name>.debug_info</name>
         <load_address>0x7240</load_address>
         <run_address>0x7240</run_address>
         <size>0x6eb</size>
         <input_file_ref idref="fl-8"/>
      </object_component>
      <object_component id="oc-234">
         <name>.debug_info</name>
         <load_address>0x792b</load_address>
         <run_address>0x792b</run_address>
         <size>0x2b5</size>
         <input_file_ref idref="fl-9"/>
      </object_component>
      <object_component id="oc-db">
         <name>.debug_info</name>
         <load_address>0x7be0</load_address>
         <run_address>0x7be0</run_address>
         <size>0x11f</size>
         <input_file_ref idref="fl-9"/>
      </object_component>
      <object_component id="oc-1a1">
         <name>.debug_info</name>
         <load_address>0x7cff</load_address>
         <run_address>0x7cff</run_address>
         <size>0x199</size>
         <input_file_ref idref="fl-9"/>
      </object_component>
      <object_component id="oc-6a">
         <name>.debug_info</name>
         <load_address>0x7e98</load_address>
         <run_address>0x7e98</run_address>
         <size>0x812</size>
         <input_file_ref idref="fl-a"/>
      </object_component>
      <object_component id="oc-2f">
         <name>.debug_info</name>
         <load_address>0x86aa</load_address>
         <run_address>0x86aa</run_address>
         <size>0x108</size>
         <input_file_ref idref="fl-c"/>
      </object_component>
      <object_component id="oc-13e">
         <name>.debug_info</name>
         <load_address>0x87b2</load_address>
         <run_address>0x87b2</run_address>
         <size>0x4f7</size>
         <input_file_ref idref="fl-d"/>
      </object_component>
      <object_component id="oc-13b">
         <name>.debug_info</name>
         <load_address>0x8ca9</load_address>
         <run_address>0x8ca9</run_address>
         <size>0xf5</size>
         <input_file_ref idref="fl-d"/>
      </object_component>
      <object_component id="oc-91">
         <name>.debug_info</name>
         <load_address>0x8d9e</load_address>
         <run_address>0x8d9e</run_address>
         <size>0x306</size>
         <input_file_ref idref="fl-d"/>
      </object_component>
      <object_component id="oc-1e4">
         <name>.debug_info</name>
         <load_address>0x90a4</load_address>
         <run_address>0x90a4</run_address>
         <size>0x30c</size>
         <input_file_ref idref="fl-d"/>
      </object_component>
      <object_component id="oc-219">
         <name>.debug_info</name>
         <load_address>0x93b0</load_address>
         <run_address>0x93b0</run_address>
         <size>0x379</size>
         <input_file_ref idref="fl-d"/>
      </object_component>
      <object_component id="oc-1d9">
         <name>.debug_info</name>
         <load_address>0x9729</load_address>
         <run_address>0x9729</run_address>
         <size>0xe1</size>
         <input_file_ref idref="fl-d"/>
      </object_component>
      <object_component id="oc-1de">
         <name>.debug_info</name>
         <load_address>0x980a</load_address>
         <run_address>0x980a</run_address>
         <size>0x2c</size>
         <input_file_ref idref="fl-d"/>
      </object_component>
      <object_component id="oc-214">
         <name>.debug_info</name>
         <load_address>0x9836</load_address>
         <run_address>0x9836</run_address>
         <size>0x14c</size>
         <input_file_ref idref="fl-d"/>
      </object_component>
      <object_component id="oc-8c">
         <name>.debug_info</name>
         <load_address>0x9982</load_address>
         <run_address>0x9982</run_address>
         <size>0x43f</size>
         <input_file_ref idref="fl-e"/>
      </object_component>
      <object_component id="oc-233">
         <name>.debug_info</name>
         <load_address>0x9dc1</load_address>
         <run_address>0x9dc1</run_address>
         <size>0x2f6</size>
         <input_file_ref idref="fl-f"/>
      </object_component>
      <object_component id="oc-19c">
         <name>.debug_info</name>
         <load_address>0xa0b7</load_address>
         <run_address>0xa0b7</run_address>
         <size>0x457</size>
         <input_file_ref idref="fl-f"/>
      </object_component>
      <object_component id="oc-34">
         <name>.debug_info</name>
         <load_address>0xa50e</load_address>
         <run_address>0xa50e</run_address>
         <size>0x140</size>
         <input_file_ref idref="fl-10"/>
      </object_component>
      <object_component id="oc-1f">
         <name>.debug_info</name>
         <load_address>0xa64e</load_address>
         <run_address>0xa64e</run_address>
         <size>0x2e0</size>
         <input_file_ref idref="fl-13"/>
      </object_component>
      <object_component id="oc-7a">
         <name>.debug_info</name>
         <load_address>0xa92e</load_address>
         <run_address>0xa92e</run_address>
         <size>0x139</size>
         <input_file_ref idref="fl-13"/>
      </object_component>
      <object_component id="oc-aa">
         <name>.debug_info</name>
         <load_address>0xaa67</load_address>
         <run_address>0xaa67</run_address>
         <size>0x4ad</size>
         <input_file_ref idref="fl-14"/>
      </object_component>
      <object_component id="oc-2b">
         <name>.debug_info</name>
         <load_address>0xaf14</load_address>
         <run_address>0xaf14</run_address>
         <size>0xe2</size>
         <input_file_ref idref="fl-14"/>
      </object_component>
      <object_component id="oc-41">
         <name>.debug_info</name>
         <load_address>0xaff6</load_address>
         <run_address>0xaff6</run_address>
         <size>0x492</size>
         <input_file_ref idref="fl-14"/>
      </object_component>
      <object_component id="oc-3c">
         <name>.debug_info</name>
         <load_address>0xb488</load_address>
         <run_address>0xb488</run_address>
         <size>0x1fd</size>
         <input_file_ref idref="fl-14"/>
      </object_component>
      <object_component id="oc-184">
         <name>.debug_info</name>
         <load_address>0xb685</load_address>
         <run_address>0xb685</run_address>
         <size>0x4f</size>
         <input_file_ref idref="fl-14"/>
      </object_component>
      <object_component id="oc-e1">
         <name>.debug_info</name>
         <load_address>0xb6d4</load_address>
         <run_address>0xb6d4</run_address>
         <size>0x3e4</size>
         <input_file_ref idref="fl-15"/>
      </object_component>
      <object_component id="oc-6f">
         <name>.debug_info</name>
         <load_address>0xbab8</load_address>
         <run_address>0xbab8</run_address>
         <size>0x63f</size>
         <input_file_ref idref="fl-15"/>
      </object_component>
      <object_component id="oc-25a">
         <name>.debug_info</name>
         <load_address>0xc0f7</load_address>
         <run_address>0xc0f7</run_address>
         <size>0x677</size>
         <input_file_ref idref="fl-17"/>
      </object_component>
      <object_component id="oc-1d5">
         <name>.debug_info</name>
         <load_address>0xc76e</load_address>
         <run_address>0xc76e</run_address>
         <size>0x1475</size>
         <input_file_ref idref="fl-17"/>
      </object_component>
      <object_component id="oc-254">
         <name>.debug_info</name>
         <load_address>0xdbe3</load_address>
         <run_address>0xdbe3</run_address>
         <size>0x110</size>
         <input_file_ref idref="fl-17"/>
      </object_component>
      <object_component id="oc-1ee">
         <name>.debug_info</name>
         <load_address>0xdcf3</load_address>
         <run_address>0xdcf3</run_address>
         <size>0x39</size>
         <input_file_ref idref="fl-17"/>
      </object_component>
      <object_component id="oc-25d">
         <name>.debug_info</name>
         <load_address>0xdd2c</load_address>
         <run_address>0xdd2c</run_address>
         <size>0x46</size>
         <input_file_ref idref="fl-17"/>
      </object_component>
      <object_component id="oc-2b1">
         <name>.debug_info</name>
         <load_address>0xdd72</load_address>
         <run_address>0xdd72</run_address>
         <size>0x62</size>
         <input_file_ref idref="fl-17"/>
      </object_component>
      <object_component id="oc-26f">
         <name>.debug_info</name>
         <load_address>0xddd4</load_address>
         <run_address>0xddd4</run_address>
         <size>0x41f</size>
         <input_file_ref idref="fl-18"/>
      </object_component>
      <object_component id="oc-2b7">
         <name>.debug_info</name>
         <load_address>0xe1f3</load_address>
         <run_address>0xe1f3</run_address>
         <size>0xd7</size>
         <input_file_ref idref="fl-18"/>
      </object_component>
      <object_component id="oc-26c">
         <name>.debug_info</name>
         <load_address>0xe2ca</load_address>
         <run_address>0xe2ca</run_address>
         <size>0xd7</size>
         <input_file_ref idref="fl-18"/>
      </object_component>
      <object_component id="oc-269">
         <name>.debug_info</name>
         <load_address>0xe3a1</load_address>
         <run_address>0xe3a1</run_address>
         <size>0x18b</size>
         <input_file_ref idref="fl-18"/>
      </object_component>
      <object_component id="oc-1f4">
         <name>.debug_info</name>
         <load_address>0xe52c</load_address>
         <run_address>0xe52c</run_address>
         <size>0x534</size>
         <input_file_ref idref="fl-18"/>
      </object_component>
      <object_component id="oc-263">
         <name>.debug_info</name>
         <load_address>0xea60</load_address>
         <run_address>0xea60</run_address>
         <size>0x2ae</size>
         <input_file_ref idref="fl-18"/>
      </object_component>
      <object_component id="oc-2be">
         <name>.debug_info</name>
         <load_address>0xed0e</load_address>
         <run_address>0xed0e</run_address>
         <size>0x62</size>
         <input_file_ref idref="fl-18"/>
      </object_component>
      <object_component id="oc-271">
         <name>.debug_info</name>
         <load_address>0xed70</load_address>
         <run_address>0xed70</run_address>
         <size>0x35a</size>
         <input_file_ref idref="fl-19"/>
      </object_component>
      <object_component id="oc-1fc">
         <name>.debug_info</name>
         <load_address>0xf0ca</load_address>
         <run_address>0xf0ca</run_address>
         <size>0x4b5</size>
         <input_file_ref idref="fl-19"/>
      </object_component>
      <object_component id="oc-1e3">
         <name>.debug_info</name>
         <load_address>0xf57f</load_address>
         <run_address>0xf57f</run_address>
         <size>0xe26</size>
         <input_file_ref idref="fl-1a"/>
      </object_component>
      <object_component id="oc-130">
         <name>.debug_info</name>
         <load_address>0x103a5</load_address>
         <run_address>0x103a5</run_address>
         <size>0x3b11</size>
         <input_file_ref idref="fl-1a"/>
      </object_component>
      <object_component id="oc-1e9">
         <name>.debug_info</name>
         <load_address>0x13eb6</load_address>
         <run_address>0x13eb6</run_address>
         <size>0x46</size>
         <input_file_ref idref="fl-1a"/>
      </object_component>
      <object_component id="oc-279">
         <name>.debug_info</name>
         <load_address>0x13efc</load_address>
         <run_address>0x13efc</run_address>
         <size>0x3f1</size>
         <input_file_ref idref="fl-1b"/>
      </object_component>
      <object_component id="oc-157">
         <name>.debug_info</name>
         <load_address>0x142ed</load_address>
         <run_address>0x142ed</run_address>
         <size>0x125</size>
         <input_file_ref idref="fl-1b"/>
      </object_component>
      <object_component id="oc-200">
         <name>.debug_info</name>
         <load_address>0x14412</load_address>
         <run_address>0x14412</run_address>
         <size>0x5a0</size>
         <input_file_ref idref="fl-1b"/>
      </object_component>
      <object_component id="oc-274">
         <name>.debug_info</name>
         <load_address>0x149b2</load_address>
         <run_address>0x149b2</run_address>
         <size>0x25c</size>
         <input_file_ref idref="fl-1b"/>
      </object_component>
      <object_component id="oc-a6">
         <name>.debug_info</name>
         <load_address>0x14c0e</load_address>
         <run_address>0x14c0e</run_address>
         <size>0x4db</size>
         <input_file_ref idref="fl-1c"/>
      </object_component>
      <object_component id="oc-253">
         <name>.debug_info</name>
         <load_address>0x150e9</load_address>
         <run_address>0x150e9</run_address>
         <size>0x6d7</size>
         <input_file_ref idref="fl-1d"/>
      </object_component>
      <object_component id="oc-1cd">
         <name>.debug_info</name>
         <load_address>0x157c0</load_address>
         <run_address>0x157c0</run_address>
         <size>0x23fb</size>
         <input_file_ref idref="fl-1d"/>
      </object_component>
      <object_component id="oc-2aa">
         <name>.debug_info</name>
         <load_address>0x17bbb</load_address>
         <run_address>0x17bbb</run_address>
         <size>0x155</size>
         <input_file_ref idref="fl-1d"/>
      </object_component>
      <object_component id="oc-280">
         <name>.debug_info</name>
         <load_address>0x17d10</load_address>
         <run_address>0x17d10</run_address>
         <size>0x35</size>
         <input_file_ref idref="fl-1d"/>
      </object_component>
      <object_component id="oc-20f">
         <name>.debug_info</name>
         <load_address>0x17d45</load_address>
         <run_address>0x17d45</run_address>
         <size>0x84e</size>
         <input_file_ref idref="fl-1e"/>
      </object_component>
      <object_component id="oc-154">
         <name>.debug_info</name>
         <load_address>0x18593</load_address>
         <run_address>0x18593</run_address>
         <size>0x348</size>
         <input_file_ref idref="fl-1e"/>
      </object_component>
      <object_component id="oc-206">
         <name>.debug_info</name>
         <load_address>0x188db</load_address>
         <run_address>0x188db</run_address>
         <size>0x274</size>
         <input_file_ref idref="fl-1e"/>
      </object_component>
      <object_component id="oc-135">
         <name>.debug_info</name>
         <load_address>0x18b4f</load_address>
         <run_address>0x18b4f</run_address>
         <size>0x4b88</size>
         <input_file_ref idref="fl-1e"/>
      </object_component>
      <object_component id="oc-1c7">
         <name>.debug_info</name>
         <load_address>0x1d6d7</load_address>
         <run_address>0x1d6d7</run_address>
         <size>0x3f6</size>
         <input_file_ref idref="fl-1e"/>
      </object_component>
      <object_component id="oc-285">
         <name>.debug_info</name>
         <load_address>0x1dacd</load_address>
         <run_address>0x1dacd</run_address>
         <size>0x146</size>
         <input_file_ref idref="fl-1e"/>
      </object_component>
      <object_component id="oc-51">
         <name>.debug_info</name>
         <load_address>0x1dc13</load_address>
         <run_address>0x1dc13</run_address>
         <size>0x152</size>
         <input_file_ref idref="fl-d9"/>
      </object_component>
      <object_component id="oc-d6">
         <name>.debug_info</name>
         <load_address>0x1dd65</load_address>
         <run_address>0x1dd65</run_address>
         <size>0x11a</size>
         <input_file_ref idref="fl-da"/>
      </object_component>
      <object_component id="oc-1b6">
         <name>.debug_info</name>
         <load_address>0x1de7f</load_address>
         <run_address>0x1de7f</run_address>
         <size>0x481</size>
         <input_file_ref idref="fl-db"/>
      </object_component>
      <object_component id="oc-f9">
         <name>.debug_info</name>
         <load_address>0x1e300</load_address>
         <run_address>0x1e300</run_address>
         <size>0x174</size>
         <input_file_ref idref="fl-db"/>
      </object_component>
      <object_component id="oc-239">
         <name>.debug_info</name>
         <load_address>0x1e474</load_address>
         <run_address>0x1e474</run_address>
         <size>0x39</size>
         <input_file_ref idref="fl-db"/>
      </object_component>
      <object_component id="oc-29c">
         <name>.debug_info</name>
         <load_address>0x1e4ad</load_address>
         <run_address>0x1e4ad</run_address>
         <size>0x39</size>
         <input_file_ref idref="fl-db"/>
      </object_component>
      <object_component id="oc-23e">
         <name>.debug_info</name>
         <load_address>0x1e4e6</load_address>
         <run_address>0x1e4e6</run_address>
         <size>0x39</size>
         <input_file_ref idref="fl-db"/>
      </object_component>
      <object_component id="oc-243">
         <name>.debug_info</name>
         <load_address>0x1e51f</load_address>
         <run_address>0x1e51f</run_address>
         <size>0xcd</size>
         <input_file_ref idref="fl-db"/>
      </object_component>
      <object_component id="oc-d2">
         <name>.debug_info</name>
         <load_address>0x1e5ec</load_address>
         <run_address>0x1e5ec</run_address>
         <size>0x29d</size>
         <input_file_ref idref="fl-dd"/>
      </object_component>
      <object_component id="oc-64">
         <name>.debug_info</name>
         <load_address>0x1e889</load_address>
         <run_address>0x1e889</run_address>
         <size>0x16e</size>
         <input_file_ref idref="fl-dd"/>
      </object_component>
      <object_component id="oc-cd">
         <name>.debug_info</name>
         <load_address>0x1e9f7</load_address>
         <run_address>0x1e9f7</run_address>
         <size>0x46</size>
         <input_file_ref idref="fl-dd"/>
      </object_component>
      <object_component id="oc-191">
         <name>.debug_info</name>
         <load_address>0x1ea3d</load_address>
         <run_address>0x1ea3d</run_address>
         <size>0x2c</size>
         <input_file_ref idref="fl-dd"/>
      </object_component>
      <object_component id="oc-5a">
         <name>.debug_info</name>
         <load_address>0x1ea69</load_address>
         <run_address>0x1ea69</run_address>
         <size>0x271</size>
         <input_file_ref idref="fl-de"/>
      </object_component>
      <object_component id="oc-18">
         <name>.debug_info</name>
         <load_address>0x1ecda</load_address>
         <run_address>0x1ecda</run_address>
         <size>0x1a3</size>
         <input_file_ref idref="fl-de"/>
      </object_component>
      <object_component id="oc-55">
         <name>.debug_info</name>
         <load_address>0x1ee7d</load_address>
         <run_address>0x1ee7d</run_address>
         <size>0x46</size>
         <input_file_ref idref="fl-de"/>
      </object_component>
      <object_component id="oc-c5">
         <name>.debug_info</name>
         <load_address>0x1eec3</load_address>
         <run_address>0x1eec3</run_address>
         <size>0x2c</size>
         <input_file_ref idref="fl-de"/>
      </object_component>
      <object_component id="oc-c3">
         <name>.debug_info</name>
         <load_address>0x1eeef</load_address>
         <run_address>0x1eeef</run_address>
         <size>0x26c</size>
         <input_file_ref idref="fl-df"/>
      </object_component>
      <object_component id="oc-12">
         <name>.debug_info</name>
         <load_address>0x1f15b</load_address>
         <run_address>0x1f15b</run_address>
         <size>0x21e</size>
         <input_file_ref idref="fl-df"/>
      </object_component>
      <object_component id="oc-45">
         <name>.debug_info</name>
         <load_address>0x1f379</load_address>
         <run_address>0x1f379</run_address>
         <size>0x60</size>
         <input_file_ref idref="fl-df"/>
      </object_component>
      <object_component id="oc-18a">
         <name>.debug_info</name>
         <load_address>0x1f3d9</load_address>
         <run_address>0x1f3d9</run_address>
         <size>0x46</size>
         <input_file_ref idref="fl-df"/>
      </object_component>
      <object_component id="oc-be">
         <name>.debug_info</name>
         <load_address>0x1f41f</load_address>
         <run_address>0x1f41f</run_address>
         <size>0x39</size>
         <input_file_ref idref="fl-df"/>
      </object_component>
      <object_component id="oc-143">
         <name>.debug_info</name>
         <load_address>0x1f458</load_address>
         <run_address>0x1f458</run_address>
         <size>0xf0</size>
         <input_file_ref idref="fl-e0"/>
      </object_component>
      <object_component id="oc-27d">
         <name>.debug_info</name>
         <load_address>0x1f548</load_address>
         <run_address>0x1f548</run_address>
         <size>0x25d</size>
         <input_file_ref idref="fl-e2"/>
      </object_component>
      <object_component id="oc-209">
         <name>.debug_info</name>
         <load_address>0x1f7a5</load_address>
         <run_address>0x1f7a5</run_address>
         <size>0x1b3</size>
         <input_file_ref idref="fl-e2"/>
      </object_component>
      <object_component id="oc-2fe">
         <name>.debug_info</name>
         <load_address>0x1f958</load_address>
         <run_address>0x1f958</run_address>
         <size>0xa1</size>
      </object_component>
      <object_component id="oc-232">
         <name>.debug_line</name>
         <load_address>0x0</load_address>
         <run_address>0x0</run_address>
         <size>0x20</size>
         <input_file_ref idref="fl-2"/>
      </object_component>
      <object_component id="oc-9b">
         <name>.debug_line</name>
         <load_address>0x20</load_address>
         <run_address>0x20</run_address>
         <size>0x64</size>
         <input_file_ref idref="fl-2"/>
      </object_component>
      <object_component id="oc-15f">
         <name>.debug_line</name>
         <load_address>0x84</load_address>
         <run_address>0x84</run_address>
         <size>0x6f</size>
         <input_file_ref idref="fl-2"/>
      </object_component>
      <object_component id="oc-a1">
         <name>.debug_line</name>
         <load_address>0xf3</load_address>
         <run_address>0xf3</run_address>
         <size>0x6a</size>
         <input_file_ref idref="fl-2"/>
      </object_component>
      <object_component id="oc-b7">
         <name>.debug_line</name>
         <load_address>0x15d</load_address>
         <run_address>0x15d</run_address>
         <size>0x20</size>
         <input_file_ref idref="fl-2"/>
      </object_component>
      <object_component id="oc-b2">
         <name>.debug_line</name>
         <load_address>0x17d</load_address>
         <run_address>0x17d</run_address>
         <size>0x65</size>
         <input_file_ref idref="fl-2"/>
      </object_component>
      <object_component id="oc-22b">
         <name>.debug_line</name>
         <load_address>0x1e2</load_address>
         <run_address>0x1e2</run_address>
         <size>0x73</size>
         <input_file_ref idref="fl-2"/>
      </object_component>
      <object_component id="oc-151">
         <name>.debug_line</name>
         <load_address>0x255</load_address>
         <run_address>0x255</run_address>
         <size>0x70</size>
         <input_file_ref idref="fl-2"/>
      </object_component>
      <object_component id="oc-bc">
         <name>.debug_line</name>
         <load_address>0x2c5</load_address>
         <run_address>0x2c5</run_address>
         <size>0x68</size>
         <input_file_ref idref="fl-2"/>
      </object_component>
      <object_component id="oc-164">
         <name>.debug_line</name>
         <load_address>0x32d</load_address>
         <run_address>0x32d</run_address>
         <size>0x67</size>
         <input_file_ref idref="fl-2"/>
      </object_component>
      <object_component id="oc-1b1">
         <name>.debug_line</name>
         <load_address>0x394</load_address>
         <run_address>0x394</run_address>
         <size>0x65</size>
         <input_file_ref idref="fl-2"/>
      </object_component>
      <object_component id="oc-169">
         <name>.debug_line</name>
         <load_address>0x3f9</load_address>
         <run_address>0x3f9</run_address>
         <size>0x65</size>
         <input_file_ref idref="fl-2"/>
      </object_component>
      <object_component id="oc-16e">
         <name>.debug_line</name>
         <load_address>0x45e</load_address>
         <run_address>0x45e</run_address>
         <size>0x67</size>
         <input_file_ref idref="fl-2"/>
      </object_component>
      <object_component id="oc-173">
         <name>.debug_line</name>
         <load_address>0x4c5</load_address>
         <run_address>0x4c5</run_address>
         <size>0x65</size>
         <input_file_ref idref="fl-2"/>
      </object_component>
      <object_component id="oc-178">
         <name>.debug_line</name>
         <load_address>0x52a</load_address>
         <run_address>0x52a</run_address>
         <size>0x68</size>
         <input_file_ref idref="fl-2"/>
      </object_component>
      <object_component id="oc-17d">
         <name>.debug_line</name>
         <load_address>0x592</load_address>
         <run_address>0x592</run_address>
         <size>0x68</size>
         <input_file_ref idref="fl-2"/>
      </object_component>
      <object_component id="oc-182">
         <name>.debug_line</name>
         <load_address>0x5fa</load_address>
         <run_address>0x5fa</run_address>
         <size>0x65</size>
         <input_file_ref idref="fl-2"/>
      </object_component>
      <object_component id="oc-236">
         <name>.debug_line</name>
         <load_address>0x65f</load_address>
         <run_address>0x65f</run_address>
         <size>0x20</size>
         <input_file_ref idref="fl-4"/>
      </object_component>
      <object_component id="oc-73">
         <name>.debug_line</name>
         <load_address>0x67f</load_address>
         <run_address>0x67f</run_address>
         <size>0x1ed</size>
         <input_file_ref idref="fl-4"/>
      </object_component>
      <object_component id="oc-4d">
         <name>.debug_line</name>
         <load_address>0x86c</load_address>
         <run_address>0x86c</run_address>
         <size>0x20</size>
         <input_file_ref idref="fl-4"/>
      </object_component>
      <object_component id="oc-e6">
         <name>.debug_line</name>
         <load_address>0x88c</load_address>
         <run_address>0x88c</run_address>
         <size>0x74</size>
         <input_file_ref idref="fl-4"/>
      </object_component>
      <object_component id="oc-1b4">
         <name>.debug_line</name>
         <load_address>0x900</load_address>
         <run_address>0x900</run_address>
         <size>0x61</size>
         <input_file_ref idref="fl-5"/>
      </object_component>
      <object_component id="oc-88">
         <name>.debug_line</name>
         <load_address>0x961</load_address>
         <run_address>0x961</run_address>
         <size>0x347</size>
         <input_file_ref idref="fl-5"/>
      </object_component>
      <object_component id="oc-25">
         <name>.debug_line</name>
         <load_address>0xca8</load_address>
         <run_address>0xca8</run_address>
         <size>0x6e</size>
         <input_file_ref idref="fl-5"/>
      </object_component>
      <object_component id="oc-f4">
         <name>.debug_line</name>
         <load_address>0xd16</load_address>
         <run_address>0xd16</run_address>
         <size>0x61</size>
         <input_file_ref idref="fl-5"/>
      </object_component>
      <object_component id="oc-24b">
         <name>.debug_line</name>
         <load_address>0xd77</load_address>
         <run_address>0xd77</run_address>
         <size>0x20</size>
         <input_file_ref idref="fl-6"/>
      </object_component>
      <object_component id="oc-129">
         <name>.debug_line</name>
         <load_address>0xd97</load_address>
         <run_address>0xd97</run_address>
         <size>0x17e</size>
         <input_file_ref idref="fl-6"/>
      </object_component>
      <object_component id="oc-24f">
         <name>.debug_line</name>
         <load_address>0xf15</load_address>
         <run_address>0xf15</run_address>
         <size>0x61</size>
         <input_file_ref idref="fl-6"/>
      </object_component>
      <object_component id="oc-1a8">
         <name>.debug_line</name>
         <load_address>0xf76</load_address>
         <run_address>0xf76</run_address>
         <size>0x20</size>
         <input_file_ref idref="fl-8"/>
      </object_component>
      <object_component id="oc-82">
         <name>.debug_line</name>
         <load_address>0xf96</load_address>
         <run_address>0xf96</run_address>
         <size>0xd5</size>
         <input_file_ref idref="fl-8"/>
      </object_component>
      <object_component id="oc-1ac">
         <name>.debug_line</name>
         <load_address>0x106b</load_address>
         <run_address>0x106b</run_address>
         <size>0x65</size>
         <input_file_ref idref="fl-8"/>
      </object_component>
      <object_component id="oc-ee">
         <name>.debug_line</name>
         <load_address>0x10d0</load_address>
         <run_address>0x10d0</run_address>
         <size>0x65</size>
         <input_file_ref idref="fl-8"/>
      </object_component>
      <object_component id="oc-29b">
         <name>.debug_line</name>
         <load_address>0x1135</load_address>
         <run_address>0x1135</run_address>
         <size>0x20</size>
         <input_file_ref idref="fl-9"/>
      </object_component>
      <object_component id="oc-df">
         <name>.debug_line</name>
         <load_address>0x1155</load_address>
         <run_address>0x1155</run_address>
         <size>0xdc</size>
         <input_file_ref idref="fl-9"/>
      </object_component>
      <object_component id="oc-1a4">
         <name>.debug_line</name>
         <load_address>0x1231</load_address>
         <run_address>0x1231</run_address>
         <size>0x68</size>
         <input_file_ref idref="fl-9"/>
      </object_component>
      <object_component id="oc-68">
         <name>.debug_line</name>
         <load_address>0x1299</load_address>
         <run_address>0x1299</run_address>
         <size>0x2f2</size>
         <input_file_ref idref="fl-a"/>
      </object_component>
      <object_component id="oc-31">
         <name>.debug_line</name>
         <load_address>0x158b</load_address>
         <run_address>0x158b</run_address>
         <size>0x52</size>
         <input_file_ref idref="fl-c"/>
      </object_component>
      <object_component id="oc-213">
         <name>.debug_line</name>
         <load_address>0x15dd</load_address>
         <run_address>0x15dd</run_address>
         <size>0xbe</size>
         <input_file_ref idref="fl-d"/>
      </object_component>
      <object_component id="oc-211">
         <name>.debug_line</name>
         <load_address>0x169b</load_address>
         <run_address>0x169b</run_address>
         <size>0x3b</size>
         <input_file_ref idref="fl-d"/>
      </object_component>
      <object_component id="oc-94">
         <name>.debug_line</name>
         <load_address>0x16d6</load_address>
         <run_address>0x16d6</run_address>
         <size>0x9d</size>
         <input_file_ref idref="fl-d"/>
      </object_component>
      <object_component id="oc-1e7">
         <name>.debug_line</name>
         <load_address>0x1773</load_address>
         <run_address>0x1773</run_address>
         <size>0x62</size>
         <input_file_ref idref="fl-d"/>
      </object_component>
      <object_component id="oc-21c">
         <name>.debug_line</name>
         <load_address>0x17d5</load_address>
         <run_address>0x17d5</run_address>
         <size>0x63</size>
         <input_file_ref idref="fl-d"/>
      </object_component>
      <object_component id="oc-1dc">
         <name>.debug_line</name>
         <load_address>0x1838</load_address>
         <run_address>0x1838</run_address>
         <size>0x67</size>
         <input_file_ref idref="fl-d"/>
      </object_component>
      <object_component id="oc-1e1">
         <name>.debug_line</name>
         <load_address>0x189f</load_address>
         <run_address>0x189f</run_address>
         <size>0x66</size>
         <input_file_ref idref="fl-d"/>
      </object_component>
      <object_component id="oc-217">
         <name>.debug_line</name>
         <load_address>0x1905</load_address>
         <run_address>0x1905</run_address>
         <size>0x62</size>
         <input_file_ref idref="fl-d"/>
      </object_component>
      <object_component id="oc-8b">
         <name>.debug_line</name>
         <load_address>0x1967</load_address>
         <run_address>0x1967</run_address>
         <size>0x1f3</size>
         <input_file_ref idref="fl-e"/>
      </object_component>
      <object_component id="oc-299">
         <name>.debug_line</name>
         <load_address>0x1b5a</load_address>
         <run_address>0x1b5a</run_address>
         <size>0x20</size>
         <input_file_ref idref="fl-f"/>
      </object_component>
      <object_component id="oc-19f">
         <name>.debug_line</name>
         <load_address>0x1b7a</load_address>
         <run_address>0x1b7a</run_address>
         <size>0x65</size>
         <input_file_ref idref="fl-f"/>
      </object_component>
      <object_component id="oc-33">
         <name>.debug_line</name>
         <load_address>0x1bdf</load_address>
         <run_address>0x1bdf</run_address>
         <size>0x4e</size>
         <input_file_ref idref="fl-10"/>
      </object_component>
      <object_component id="oc-22">
         <name>.debug_line</name>
         <load_address>0x1c2d</load_address>
         <run_address>0x1c2d</run_address>
         <size>0x94</size>
         <input_file_ref idref="fl-13"/>
      </object_component>
      <object_component id="oc-79">
         <name>.debug_line</name>
         <load_address>0x1cc1</load_address>
         <run_address>0x1cc1</run_address>
         <size>0x53</size>
         <input_file_ref idref="fl-13"/>
      </object_component>
      <object_component id="oc-15b">
         <name>.debug_line</name>
         <load_address>0x1d14</load_address>
         <run_address>0x1d14</run_address>
         <size>0xa6</size>
         <input_file_ref idref="fl-14"/>
      </object_component>
      <object_component id="oc-a9">
         <name>.debug_line</name>
         <load_address>0x1dba</load_address>
         <run_address>0x1dba</run_address>
         <size>0x3a</size>
         <input_file_ref idref="fl-14"/>
      </object_component>
      <object_component id="oc-43">
         <name>.debug_line</name>
         <load_address>0x1df4</load_address>
         <run_address>0x1df4</run_address>
         <size>0x187</size>
         <input_file_ref idref="fl-14"/>
      </object_component>
      <object_component id="oc-3b">
         <name>.debug_line</name>
         <load_address>0x1f7b</load_address>
         <run_address>0x1f7b</run_address>
         <size>0x9b</size>
         <input_file_ref idref="fl-14"/>
      </object_component>
      <object_component id="oc-187">
         <name>.debug_line</name>
         <load_address>0x2016</load_address>
         <run_address>0x2016</run_address>
         <size>0x3a</size>
         <input_file_ref idref="fl-14"/>
      </object_component>
      <object_component id="oc-19b">
         <name>.debug_line</name>
         <load_address>0x2050</load_address>
         <run_address>0x2050</run_address>
         <size>0xaa</size>
         <input_file_ref idref="fl-15"/>
      </object_component>
      <object_component id="oc-6d">
         <name>.debug_line</name>
         <load_address>0x20fa</load_address>
         <run_address>0x20fa</run_address>
         <size>0x213</size>
         <input_file_ref idref="fl-15"/>
      </object_component>
      <object_component id="oc-2b0">
         <name>.debug_line</name>
         <load_address>0x230d</load_address>
         <run_address>0x230d</run_address>
         <size>0x131</size>
         <input_file_ref idref="fl-17"/>
      </object_component>
      <object_component id="oc-1d3">
         <name>.debug_line</name>
         <load_address>0x243e</load_address>
         <run_address>0x243e</run_address>
         <size>0x2c4</size>
         <input_file_ref idref="fl-17"/>
      </object_component>
      <object_component id="oc-257">
         <name>.debug_line</name>
         <load_address>0x2702</load_address>
         <run_address>0x2702</run_address>
         <size>0x6b</size>
         <input_file_ref idref="fl-17"/>
      </object_component>
      <object_component id="oc-1f1">
         <name>.debug_line</name>
         <load_address>0x276d</load_address>
         <run_address>0x276d</run_address>
         <size>0x6a</size>
         <input_file_ref idref="fl-17"/>
      </object_component>
      <object_component id="oc-260">
         <name>.debug_line</name>
         <load_address>0x27d7</load_address>
         <run_address>0x27d7</run_address>
         <size>0x63</size>
         <input_file_ref idref="fl-17"/>
      </object_component>
      <object_component id="oc-2b4">
         <name>.debug_line</name>
         <load_address>0x283a</load_address>
         <run_address>0x283a</run_address>
         <size>0x3f</size>
         <input_file_ref idref="fl-17"/>
      </object_component>
      <object_component id="oc-2c4">
         <name>.debug_line</name>
         <load_address>0x2879</load_address>
         <run_address>0x2879</run_address>
         <size>0xa9</size>
         <input_file_ref idref="fl-18"/>
      </object_component>
      <object_component id="oc-2d0">
         <name>.debug_line</name>
         <load_address>0x2922</load_address>
         <run_address>0x2922</run_address>
         <size>0x37</size>
         <input_file_ref idref="fl-18"/>
      </object_component>
      <object_component id="oc-2bd">
         <name>.debug_line</name>
         <load_address>0x2959</load_address>
         <run_address>0x2959</run_address>
         <size>0x37</size>
         <input_file_ref idref="fl-18"/>
      </object_component>
      <object_component id="oc-2bb">
         <name>.debug_line</name>
         <load_address>0x2990</load_address>
         <run_address>0x2990</run_address>
         <size>0x37</size>
         <input_file_ref idref="fl-18"/>
      </object_component>
      <object_component id="oc-1f7">
         <name>.debug_line</name>
         <load_address>0x29c7</load_address>
         <run_address>0x29c7</run_address>
         <size>0x114</size>
         <input_file_ref idref="fl-18"/>
      </object_component>
      <object_component id="oc-266">
         <name>.debug_line</name>
         <load_address>0x2adb</load_address>
         <run_address>0x2adb</run_address>
         <size>0xa4</size>
         <input_file_ref idref="fl-18"/>
      </object_component>
      <object_component id="oc-2c1">
         <name>.debug_line</name>
         <load_address>0x2b7f</load_address>
         <run_address>0x2b7f</run_address>
         <size>0x37</size>
         <input_file_ref idref="fl-18"/>
      </object_component>
      <object_component id="oc-2c6">
         <name>.debug_line</name>
         <load_address>0x2bb6</load_address>
         <run_address>0x2bb6</run_address>
         <size>0x20</size>
         <input_file_ref idref="fl-19"/>
      </object_component>
      <object_component id="oc-1fb">
         <name>.debug_line</name>
         <load_address>0x2bd6</load_address>
         <run_address>0x2bd6</run_address>
         <size>0xeb</size>
         <input_file_ref idref="fl-19"/>
      </object_component>
      <object_component id="oc-25c">
         <name>.debug_line</name>
         <load_address>0x2cc1</load_address>
         <run_address>0x2cc1</run_address>
         <size>0x10e</size>
         <input_file_ref idref="fl-1a"/>
      </object_component>
      <object_component id="oc-12f">
         <name>.debug_line</name>
         <load_address>0x2dcf</load_address>
         <run_address>0x2dcf</run_address>
         <size>0x570</size>
         <input_file_ref idref="fl-1a"/>
      </object_component>
      <object_component id="oc-1ec">
         <name>.debug_line</name>
         <load_address>0x333f</load_address>
         <run_address>0x333f</run_address>
         <size>0x63</size>
         <input_file_ref idref="fl-1a"/>
      </object_component>
      <object_component id="oc-2c9">
         <name>.debug_line</name>
         <load_address>0x33a2</load_address>
         <run_address>0x33a2</run_address>
         <size>0xc4</size>
         <input_file_ref idref="fl-1b"/>
      </object_component>
      <object_component id="oc-230">
         <name>.debug_line</name>
         <load_address>0x3466</load_address>
         <run_address>0x3466</run_address>
         <size>0x37</size>
         <input_file_ref idref="fl-1b"/>
      </object_component>
      <object_component id="oc-203">
         <name>.debug_line</name>
         <load_address>0x349d</load_address>
         <run_address>0x349d</run_address>
         <size>0x108</size>
         <input_file_ref idref="fl-1b"/>
      </object_component>
      <object_component id="oc-273">
         <name>.debug_line</name>
         <load_address>0x35a5</load_address>
         <run_address>0x35a5</run_address>
         <size>0x8b</size>
         <input_file_ref idref="fl-1b"/>
      </object_component>
      <object_component id="oc-a4">
         <name>.debug_line</name>
         <load_address>0x3630</load_address>
         <run_address>0x3630</run_address>
         <size>0x258</size>
         <input_file_ref idref="fl-1c"/>
      </object_component>
      <object_component id="oc-2a9">
         <name>.debug_line</name>
         <load_address>0x3888</load_address>
         <run_address>0x3888</run_address>
         <size>0x131</size>
         <input_file_ref idref="fl-1d"/>
      </object_component>
      <object_component id="oc-1d1">
         <name>.debug_line</name>
         <load_address>0x39b9</load_address>
         <run_address>0x39b9</run_address>
         <size>0x550</size>
         <input_file_ref idref="fl-1d"/>
      </object_component>
      <object_component id="oc-2ad">
         <name>.debug_line</name>
         <load_address>0x3f09</load_address>
         <run_address>0x3f09</run_address>
         <size>0x38</size>
         <input_file_ref idref="fl-1d"/>
      </object_component>
      <object_component id="oc-283">
         <name>.debug_line</name>
         <load_address>0x3f41</load_address>
         <run_address>0x3f41</run_address>
         <size>0x74</size>
         <input_file_ref idref="fl-1d"/>
      </object_component>
      <object_component id="oc-27f">
         <name>.debug_line</name>
         <load_address>0x3fb5</load_address>
         <run_address>0x3fb5</run_address>
         <size>0x13a</size>
         <input_file_ref idref="fl-1e"/>
      </object_component>
      <object_component id="oc-22e">
         <name>.debug_line</name>
         <load_address>0x40ef</load_address>
         <run_address>0x40ef</run_address>
         <size>0x38</size>
         <input_file_ref idref="fl-1e"/>
      </object_component>
      <object_component id="oc-27b">
         <name>.debug_line</name>
         <load_address>0x4127</load_address>
         <run_address>0x4127</run_address>
         <size>0x38</size>
         <input_file_ref idref="fl-1e"/>
      </object_component>
      <object_component id="oc-138">
         <name>.debug_line</name>
         <load_address>0x415f</load_address>
         <run_address>0x415f</run_address>
         <size>0xb67</size>
         <input_file_ref idref="fl-1e"/>
      </object_component>
      <object_component id="oc-1cb">
         <name>.debug_line</name>
         <load_address>0x4cc6</load_address>
         <run_address>0x4cc6</run_address>
         <size>0xb3</size>
         <input_file_ref idref="fl-1e"/>
      </object_component>
      <object_component id="oc-288">
         <name>.debug_line</name>
         <load_address>0x4d79</load_address>
         <run_address>0x4d79</run_address>
         <size>0x38</size>
         <input_file_ref idref="fl-1e"/>
      </object_component>
      <object_component id="oc-53">
         <name>.debug_line</name>
         <load_address>0x4db1</load_address>
         <run_address>0x4db1</run_address>
         <size>0x9a</size>
         <input_file_ref idref="fl-d9"/>
      </object_component>
      <object_component id="oc-d5">
         <name>.debug_line</name>
         <load_address>0x4e4b</load_address>
         <run_address>0x4e4b</run_address>
         <size>0x73</size>
         <input_file_ref idref="fl-da"/>
      </object_component>
      <object_component id="oc-238">
         <name>.debug_line</name>
         <load_address>0x4ebe</load_address>
         <run_address>0x4ebe</run_address>
         <size>0x8f</size>
         <input_file_ref idref="fl-db"/>
      </object_component>
      <object_component id="oc-fc">
         <name>.debug_line</name>
         <load_address>0x4f4d</load_address>
         <run_address>0x4f4d</run_address>
         <size>0x7b</size>
         <input_file_ref idref="fl-db"/>
      </object_component>
      <object_component id="oc-23c">
         <name>.debug_line</name>
         <load_address>0x4fc8</load_address>
         <run_address>0x4fc8</run_address>
         <size>0x2e</size>
         <input_file_ref idref="fl-db"/>
      </object_component>
      <object_component id="oc-29f">
         <name>.debug_line</name>
         <load_address>0x4ff6</load_address>
         <run_address>0x4ff6</run_address>
         <size>0x6a</size>
         <input_file_ref idref="fl-db"/>
      </object_component>
      <object_component id="oc-241">
         <name>.debug_line</name>
         <load_address>0x5060</load_address>
         <run_address>0x5060</run_address>
         <size>0x67</size>
         <input_file_ref idref="fl-db"/>
      </object_component>
      <object_component id="oc-246">
         <name>.debug_line</name>
         <load_address>0x50c7</load_address>
         <run_address>0x50c7</run_address>
         <size>0x63</size>
         <input_file_ref idref="fl-db"/>
      </object_component>
      <object_component id="oc-197">
         <name>.debug_line</name>
         <load_address>0x512a</load_address>
         <run_address>0x512a</run_address>
         <size>0x62</size>
         <input_file_ref idref="fl-dd"/>
      </object_component>
      <object_component id="oc-66">
         <name>.debug_line</name>
         <load_address>0x518c</load_address>
         <run_address>0x518c</run_address>
         <size>0x53</size>
         <input_file_ref idref="fl-dd"/>
      </object_component>
      <object_component id="oc-d0">
         <name>.debug_line</name>
         <load_address>0x51df</load_address>
         <run_address>0x51df</run_address>
         <size>0x34</size>
         <input_file_ref idref="fl-dd"/>
      </object_component>
      <object_component id="oc-194">
         <name>.debug_line</name>
         <load_address>0x5213</load_address>
         <run_address>0x5213</run_address>
         <size>0x62</size>
         <input_file_ref idref="fl-dd"/>
      </object_component>
      <object_component id="oc-cb">
         <name>.debug_line</name>
         <load_address>0x5275</load_address>
         <run_address>0x5275</run_address>
         <size>0x20</size>
         <input_file_ref idref="fl-de"/>
      </object_component>
      <object_component id="oc-1c">
         <name>.debug_line</name>
         <load_address>0x5295</load_address>
         <run_address>0x5295</run_address>
         <size>0x55</size>
         <input_file_ref idref="fl-de"/>
      </object_component>
      <object_component id="oc-58">
         <name>.debug_line</name>
         <load_address>0x52ea</load_address>
         <run_address>0x52ea</run_address>
         <size>0x3a</size>
         <input_file_ref idref="fl-de"/>
      </object_component>
      <object_component id="oc-c8">
         <name>.debug_line</name>
         <load_address>0x5324</load_address>
         <run_address>0x5324</run_address>
         <size>0x62</size>
         <input_file_ref idref="fl-de"/>
      </object_component>
      <object_component id="oc-190">
         <name>.debug_line</name>
         <load_address>0x5386</load_address>
         <run_address>0x5386</run_address>
         <size>0x20</size>
         <input_file_ref idref="fl-df"/>
      </object_component>
      <object_component id="oc-15">
         <name>.debug_line</name>
         <load_address>0x53a6</load_address>
         <run_address>0x53a6</run_address>
         <size>0xb2</size>
         <input_file_ref idref="fl-df"/>
      </object_component>
      <object_component id="oc-48">
         <name>.debug_line</name>
         <load_address>0x5458</load_address>
         <run_address>0x5458</run_address>
         <size>0x3a</size>
         <input_file_ref idref="fl-df"/>
      </object_component>
      <object_component id="oc-18d">
         <name>.debug_line</name>
         <load_address>0x5492</load_address>
         <run_address>0x5492</run_address>
         <size>0x6a</size>
         <input_file_ref idref="fl-df"/>
      </object_component>
      <object_component id="oc-c1">
         <name>.debug_line</name>
         <load_address>0x54fc</load_address>
         <run_address>0x54fc</run_address>
         <size>0x66</size>
         <input_file_ref idref="fl-df"/>
      </object_component>
      <object_component id="oc-146">
         <name>.debug_line</name>
         <load_address>0x5562</load_address>
         <run_address>0x5562</run_address>
         <size>0x3c</size>
         <input_file_ref idref="fl-e0"/>
      </object_component>
      <object_component id="oc-2cb">
         <name>.debug_line</name>
         <load_address>0x559e</load_address>
         <run_address>0x559e</run_address>
         <size>0x20</size>
         <input_file_ref idref="fl-e2"/>
      </object_component>
      <object_component id="oc-20c">
         <name>.debug_line</name>
         <load_address>0x55be</load_address>
         <run_address>0x55be</run_address>
         <size>0x7b</size>
         <input_file_ref idref="fl-e2"/>
      </object_component>
      <object_component id="oc-231">
         <name>.debug_abbrev</name>
         <load_address>0x0</load_address>
         <run_address>0x0</run_address>
         <size>0x5f</size>
         <input_file_ref idref="fl-2"/>
      </object_component>
      <object_component id="oc-9a">
[...]
         <name>MPU_xQueueGenericReset</name>
         <value>0x91ac</value>
         <object_component_ref idref="oc-12e"/>
      </symbol>
      <symbol id="sm-583">
         <name>MPU_uxTaskPriorityGet</name>
         <value>0x8b7c</value>
         <object_component_ref idref="oc-12e"/>
      </symbol>
      <symbol id="sm-584">
         <name>MPU_pvTaskGetThreadLocalStoragePointer</name>
         <value>0x8df8</value>
         <object_component_ref idref="oc-12e"/>
      </symbol>
      <symbol id="sm-585">
         <name>MPU_uxTaskGetNumberOfTasks</name>
         <value>0x8cec</value>
         <object_component_ref idref="oc-12e"/>
      </symbol>
      <symbol id="sm-586">
         <name>MPU_xEventGroupClearBits</name>
         <value>0x9278</value>
         <object_component_ref idref="oc-12e"/>
      </symbol>
      <symbol id="sm-587">
         <name>MPU_vEventGroupDelete</name>
         <value>0x9354</value>
         <object_component_ref idref="oc-12e"/>
      </symbol>
      <symbol id="sm-588">
         <name>MPU_xTaskGetHandle</name>
         <value>0x8d4c</value>
         <object_component_ref idref="oc-12e"/>
      </symbol>
      <symbol id="sm-589">
         <name>MPU_xEventGroupSetBits</name>
         <value>0x92bc</value>
         <object_component_ref idref="oc-12e"/>
      </symbol>
      <symbol id="sm-58a">
         <name>MPU_xTaskGenericNotify</name>
         <value>0x8e68</value>
         <object_component_ref idref="oc-12e"/>
      </symbol>
      <symbol id="sm-58b">
         <name>MPU_xTaskNotifyWait</name>
         <value>0x8ebc</value>
         <object_component_ref idref="oc-12e"/>
      </symbol>
      <symbol id="sm-58c">
         <name>MPU_uxQueueMessagesWaiting</name>
         <value>0x90cc</value>
         <object_component_ref idref="oc-12e"/>
      </symbol>
      <symbol id="sm-58d">
         <name>MPU_xQueueGenericSend</name>
         <value>0x9024</value>
         <object_component_ref idref="oc-12e"/>
      </symbol>
      <symbol id="sm-58e">
         <name>MPU_vTaskDelete</name>
         <value>0x8abc</value>
         <object_component_ref idref="oc-12e"/>
      </symbol>
      <symbol id="sm-58f">
         <name>MPU_xTaskResumeAll</name>
         <value>0x8c94</value>
         <object_component_ref idref="oc-12e"/>
      </symbol>
      <symbol id="sm-590">
         <name>MPU_xEventGroupCreate</name>
         <value>0x91f0</value>
         <object_component_ref idref="oc-12e"/>
      </symbol>
      <symbol id="sm-591">
         <name>MPU_vTaskDelay</name>
         <value>0x8ae8</value>
         <object_component_ref idref="oc-12e"/>
      </symbol>
      <symbol id="sm-592">
         <name>MPU_xTaskNotifyStateClear</name>
         <value>0x8f54</value>
         <object_component_ref idref="oc-12e"/>
      </symbol>
      <symbol id="sm-593">
         <name>MPU_ulTaskNotifyTake</name>
         <value>0x8f10</value>
         <object_component_ref idref="oc-12e"/>
      </symbol>
      <symbol id="sm-594">
         <name>MPU_xQueueGenericCreate</name>
         <value>0x9160</value>
         <object_component_ref idref="oc-12e"/>
      </symbol>
      <symbol id="sm-595">
         <name>MPU_xTaskCheckForTimeOut</name>
         <value>0x8fb4</value>
         <object_component_ref idref="oc-12e"/>
      </symbol>
      <symbol id="sm-596">
         <name>MPU_eTaskGetState</name>
         <value>0x8bb0</value>
         <object_component_ref idref="oc-12e"/>
      </symbol>
      <symbol id="sm-597">
         <name>MPU_vTaskSuspendAll</name>
         <value>0x8c70</value>
         <object_component_ref idref="oc-12e"/>
      </symbol>
      <symbol id="sm-598">
         <name>MPU_xTaskGetIdleTaskHandle</name>
         <value>0x8e3c</value>
         <object_component_ref idref="oc-12e"/>
      </symbol>
      <symbol id="sm-599">
         <name>MPU_vTaskSetThreadLocalStoragePointer</name>
         <value>0x8db4</value>
         <object_component_ref idref="oc-12e"/>
      </symbol>
      <symbol id="sm-5da">
         <name>vPortStoreTaskMPUSettings</name>
         <value>0x4b88</value>
         <object_component_ref idref="oc-1ff"/>
      </symbol>
      <symbol id="sm-5db">
         <name>ulTaskHasFPUContext</name>
         <value>0x800301c</value>
         <object_component_ref idref="oc-156"/>
      </symbol>
      <symbol id="sm-5dc">
         <name>vPortEndScheduler</name>
         <value>0x4e1c</value>
         <object_component_ref idref="oc-1ff"/>
      </symbol>
      <symbol id="sm-5dd">
         <name>ulCriticalNesting</name>
         <value>0x8003018</value>
         <object_component_ref idref="oc-156"/>
      </symbol>
      <symbol id="sm-5de">
         <name>pxPortInitialiseStack</name>
         <value>0x4a74</value>
         <object_component_ref idref="oc-1ff"/>
      </symbol>
      <symbol id="sm-5df">
         <name>xPortStartScheduler</name>
         <value>0x4dfc</value>
         <object_component_ref idref="oc-1ff"/>
      </symbol>
      <symbol id="sm-5fa">
         <name>prvMpuSetRegion</name>
         <value>0x4a1c</value>
         <object_component_ref idref="oc-a3"/>
      </symbol>
      <symbol id="sm-5fb">
         <name>vPortStartFirstTask</name>
         <value>0x45c8</value>
         <object_component_ref idref="oc-a3"/>
      </symbol>
      <symbol id="sm-5fc">
         <name>vPortYeildWithinAPI</name>
         <value>0x4744</value>
         <object_component_ref idref="oc-a3"/>
      </symbol>
      <symbol id="sm-5fd">
         <name>vPortPreemptiveTick</name>
         <value>0x4838</value>
         <object_component_ref idref="oc-a3"/>
      </symbol>
      <symbol id="sm-5fe">
         <name>prvMpuDisable</name>
         <value>0x4a4c</value>
         <object_component_ref idref="oc-a3"/>
      </symbol>
      <symbol id="sm-5ff">
         <name>prvMpuEnable</name>
         <value>0x4a34</value>
         <object_component_ref idref="oc-a3"/>
      </symbol>
      <symbol id="sm-600">
         <name>vPortInitialiseFPSCR</name>
         <value>0x4938</value>
         <object_component_ref idref="oc-a3"/>
      </symbol>
      <symbol id="sm-601">
         <name>ulPortCountLeadingZeros</name>
         <value>0x4944</value>
         <object_component_ref idref="oc-a3"/>
      </symbol>
      <symbol id="sm-602">
         <name>vPortYieldProcessor</name>
         <value>0x4658</value>
         <object_component_ref idref="oc-a3"/>
      </symbol>
      <symbol id="sm-603">
         <name>vPortSWI</name>
         <value>0x494c</value>
         <object_component_ref idref="oc-a3"/>
      </symbol>
      <symbol id="sm-6c6">
         <name>xQueuePeekFromISR</name>
         <value>0x37f4</value>
         <object_component_ref idref="oc-1cc"/>
      </symbol>
      <symbol id="sm-6c7">
         <name>xQueueIsQueueEmptyFromISR</name>
         <value>0x3cd0</value>
         <object_component_ref idref="oc-1cc"/>
      </symbol>
      <symbol id="sm-6c8">
         <name>xQueueGenericSendFromISR</name>
         <value>0x30dc</value>
         <object_component_ref idref="oc-1cc"/>
      </symbol>
      <symbol id="sm-6c9">
         <name>uxQueueMessagesWaiting</name>
         <value>0x38e8</value>
         <object_component_ref idref="oc-1cc"/>
      </symbol>
      <symbol id="sm-6ca">
         <name>xQueueIsQueueFullFromISR</name>
         <value>0x3d5c</value>
         <object_component_ref idref="oc-1cc"/>
      </symbol>
      <symbol id="sm-6cb">
         <name>xQueueGenericCreate</name>
         <value>0x2d00</value>
         <object_component_ref idref="oc-1cc"/>
      </symbol>
      <symbol id="sm-6cc">
         <name>xQueueGenericSend</name>
         <value>0x2e1c</value>
         <object_component_ref idref="oc-1cc"/>
      </symbol>
      <symbol id="sm-6cd">
         <name>xQueueGenericReset</name>
         <value>0x2bd8</value>
         <object_component_ref idref="oc-1cc"/>
      </symbol>
      <symbol id="sm-6ce">
         <name>xQueueReceiveFromISR</name>
         <value>0x36ac</value>
         <object_component_ref idref="oc-1cc"/>
      </symbol>
      <symbol id="sm-6cf">
         <name>uxQueueSpacesAvailable</name>
         <value>0x3920</value>
         <object_component_ref idref="oc-1cc"/>
      </symbol>
      <symbol id="sm-6d0">
         <name>xQueueGiveFromISR</name>
         <value>0x326c</value>
         <object_component_ref idref="oc-1cc"/>
      </symbol>
      <symbol id="sm-6d1">
         <name>uxQueueMessagesWaitingFromISR</name>
         <value>0x396c</value>
         <object_component_ref idref="oc-1cc"/>
      </symbol>
      <symbol id="sm-6d2">
         <name>xQueueGenericReceive</name>
         <value>0x33d8</value>
         <object_component_ref idref="oc-1cc"/>
      </symbol>
      <symbol id="sm-6d3">
         <name>vQueueDelete</name>
         <value>0x399c</value>
         <object_component_ref idref="oc-1cc"/>
      </symbol>
      <symbol id="sm-8ba">
         <name>xTaskCreateRestricted</name>
         <value>0x20</value>
         <object_component_ref idref="oc-134"/>
      </symbol>
      <symbol id="sm-8bb">
         <name>vTaskDelay</name>
         <value>0x804</value>
         <object_component_ref idref="oc-134"/>
      </symbol>
      <symbol id="sm-8bc">
         <name>vTaskSuspendAll</name>
         <value>0x1090</value>
         <object_component_ref idref="oc-134"/>
      </symbol>
      <symbol id="sm-8bd">
         <name>vTaskPlaceOnEventList</name>
         <value>0x1ab8</value>
         <object_component_ref idref="oc-134"/>
      </symbol>
      <symbol id="sm-8be">
         <name>pvTaskGetThreadLocalStoragePointer</name>
         <value>0x1fe0</value>
         <object_component_ref idref="oc-134"/>
      </symbol>
      <symbol id="sm-8bf">
         <name>uxTaskPriorityGetFromISR</name>
         <value>0x9d0</value>
         <object_component_ref idref="oc-134"/>
      </symbol>
      <symbol id="sm-8c0">
         <name>ulTaskNotifyTake</name>
         <value>0x2378</value>
         <object_component_ref idref="oc-134"/>
      </symbol>
      <symbol id="sm-8c1">
         <name>pcTaskGetName</name>
         <value>0x1344</value>
         <object_component_ref idref="oc-134"/>
      </symbol>
      <symbol id="sm-8c2">
         <name>xTaskCheckForTimeOut</name>
         <value>0x1db8</value>
         <object_component_ref idref="oc-134"/>
      </symbol>
      <symbol id="sm-8c3">
         <name>xTaskRemoveFromUnorderedEventList</name>
         <value>0x1c70</value>
         <object_component_ref idref="oc-134"/>
      </symbol>
      <symbol id="sm-8c4">
         <name>vTaskPrioritySet</name>
         <value>0xa18</value>
         <object_component_ref idref="oc-134"/>
      </symbol>
      <symbol id="sm-8c5">
         <name>vTaskAllocateMPURegions</name>
         <value>0x204c</value>
         <object_component_ref idref="oc-134"/>
      </symbol>
      <symbol id="sm-8c6">
         <name>xTaskAbortDelay</name>
         <value>0x16b4</value>
         <object_component_ref idref="oc-134"/>
      </symbol>
      <symbol id="sm-8c7">
         <name>vTaskStartScheduler</name>
         <value>0xfdc</value>
         <object_component_ref idref="oc-134"/>
      </symbol>
      <symbol id="sm-8c8">
         <name>xTaskNotifyStateClear</name>
         <value>0xcbb8</value>
         <object_component_ref idref="oc-1c6"/>
      </symbol>
      <symbol id="sm-8c9">
         <name>uxTaskGetStackHighWaterMark</name>
         <value>0x2224</value>
         <object_component_ref idref="oc-134"/>
      </symbol>
      <symbol id="sm-8ca">
         <name>vTaskSetThreadLocalStoragePointer</name>
         <value>0x1f7c</value>
         <object_component_ref idref="oc-134"/>
      </symbol>
      <symbol id="sm-8cb">
         <name>xTaskGenericNotify</name>
         <value>0x2560</value>
         <object_component_ref idref="oc-134"/>
      </symbol>
      <symbol id="sm-8cc">
         <name>xTaskCreate</name>
         <value>0xfc</value>
         <object_component_ref idref="oc-134"/>
      </symbol>
      <symbol id="sm-8cd">
         <name>vTaskDelayUntil</name>
         <value>0x698</value>
         <object_component_ref idref="oc-134"/>
      </symbol>
      <symbol id="sm-8ce">
         <name>vTaskEndScheduler</name>
         <value>0x1074</value>
         <object_component_ref idref="oc-134"/>
      </symbol>
      <symbol id="sm-8cf">
         <name>xTaskNotifyWait</name>
         <value>0x244c</value>
         <object_component_ref idref="oc-134"/>
      </symbol>
      <symbol id="sm-8d0">
         <name>vTaskMissedYield</name>
         <value>0x1ef0</value>
         <object_component_ref idref="oc-134"/>
      </symbol>
      <symbol id="sm-8d1">
         <name>uxTaskGetNumberOfTasks</name>
         <value>0x1338</value>
         <object_component_ref idref="oc-134"/>
      </symbol>
      <symbol id="sm-8d2">
         <name>xTaskGenericNotifyFromISR</name>
         <value>0x2730</value>
         <object_component_ref idref="oc-134"/>
      </symbol>
      <symbol id="sm-8d3">
         <name>uxTaskPriorityGet</name>
         <value>0x98c</value>
         <object_component_ref idref="oc-134"/>
      </symbol>
      <symbol id="sm-8d4">
         <name>vTaskStepTick</name>
         <value>0x1658</value>
         <object_component_ref idref="oc-134"/>
      </symbol>
      <symbol id="sm-8d5">
         <name>xTaskResumeAll</name>
         <value>0x1148</value>
         <object_component_ref idref="oc-134"/>
      </symbol>
      <symbol id="sm-8d6">
         <name>xTaskGetHandle</name>
         <value>0x1518</value>
         <object_component_ref idref="oc-134"/>
      </symbol>
      <symbol id="sm-8d7">
         <name>xTaskGetTickCount</name>
         <value>0x12f8</value>
         <object_component_ref idref="oc-134"/>
      </symbol>
      <symbol id="sm-8d8">
         <name>vTaskDelete</name>
         <value>0x530</value>
         <object_component_ref idref="oc-134"/>
      </symbol>
      <symbol id="sm-8d9">
         <name>pxCurrentTCB</name>
         <value>0x80008d0</value>
         <object_component_ref idref="oc-153"/>
      </symbol>
      <symbol id="sm-8da">
         <name>vTaskNotifyGiveFromISR</name>
         <value>0x2930</value>
         <object_component_ref idref="oc-134"/>
      </symbol>
      <symbol id="sm-8db">
         <name>eTaskGetState</name>
         <value>0x888</value>
         <object_component_ref idref="oc-134"/>
      </symbol>
      <symbol id="sm-8dc">
         <name>vTaskSuspend</name>
         <value>0xc10</value>
         <object_component_ref idref="oc-134"/>
      </symbol>
      <symbol id="sm-8dd">
         <name>xTaskGetIdleTaskHandle</name>
         <value>0x1620</value>
         <object_component_ref idref="oc-134"/>
      </symbol>
      <symbol id="sm-8de">
         <name>xTaskGetTickCountFromISR</name>
         <value>0x1314</value>
         <object_component_ref idref="oc-134"/>
      </symbol>
      <symbol id="sm-8df">
         <name>vTaskResume</name>
         <value>0xe14</value>
         <object_component_ref idref="oc-134"/>
      </symbol>
      <symbol id="sm-8e0">
         <name>vTaskSetTimeOutState</name>
         <value>0x1d74</value>
         <object_component_ref idref="oc-134"/>
      </symbol>
      <symbol id="sm-8e1">
         <name>xTaskIncrementTick</name>
         <value>0x17b0</value>
         <object_component_ref idref="oc-134"/>
      </symbol>
      <symbol id="sm-8e2">
         <name>vTaskSwitchContext</name>
         <value>0x19d8</value>
         <object_component_ref idref="oc-134"/>
      </symbol>
      <symbol id="sm-8e3">
         <name>uxTaskResetEventItemValue</name>
         <value>0x233c</value>
         <object_component_ref idref="oc-134"/>
      </symbol>
      <symbol id="sm-8e4">
         <name>xTaskGetSchedulerState</name>
         <value>0x22ec</value>
         <object_component_ref idref="oc-134"/>
      </symbol>
      <symbol id="sm-8e5">
         <name>xTaskResumeFromISR</name>
         <value>0xef4</value>
         <object_component_ref idref="oc-134"/>
      </symbol>
      <symbol id="sm-8e6">
         <name>vTaskPlaceOnUnorderedEventList</name>
         <value>0x1afc</value>
         <object_component_ref idref="oc-134"/>
      </symbol>
      <symbol id="sm-8e7">
         <name>xTaskRemoveFromEventList</name>
         <value>0x1b80</value>
         <object_component_ref idref="oc-134"/>
      </symbol>
      <symbol id="sm-8e8">
         <name>eTaskConfirmSleepModeStatus</name>
         <value>0x1f00</value>
         <object_component_ref idref="oc-134"/>
      </symbol>
      <symbol id="sm-903">
         <name>memcpy</name>
         <value>0xc7e4</value>
         <object_component_ref idref="oc-4f"/>
      </symbol>
      <symbol id="sm-904">
         <name>__aeabi_memcpy</name>
         <value>0xc7e4</value>
         <object_component_ref idref="oc-4f"/>
      </symbol>
      <symbol id="sm-905">
         <name>__aeabi_memcpy8</name>
         <value>0xc7e4</value>
         <object_component_ref idref="oc-4f"/>
      </symbol>
      <symbol id="sm-906">
         <name>__aeabi_memcpy4</name>
         <value>0xc7e4</value>
         <object_component_ref idref="oc-4f"/>
      </symbol>
      <symbol id="sm-915">
         <name>__aeabi_memset</name>
         <value>0xcf50</value>
         <object_component_ref idref="oc-d3"/>
      </symbol>
      <symbol id="sm-916">
         <name>memset</name>
         <value>0xcf5c</value>
         <object_component_ref idref="oc-d3"/>
      </symbol>
      <symbol id="sm-917">
         <name>__aeabi_memset8</name>
         <value>0xcf50</value>
         <object_component_ref idref="oc-d3"/>
      </symbol>
      <symbol id="sm-918">
         <name>__aeabi_memset4</name>
         <value>0xcf50</value>
         <object_component_ref idref="oc-d3"/>
      </symbol>
      <symbol id="sm-919">
         <name>__aeabi_memclr8</name>
         <value>0xcf4c</value>
         <object_component_ref idref="oc-d3"/>
      </symbol>
      <symbol id="sm-91a">
         <name>__aeabi_memclr4</name>
         <value>0xcf4c</value>
         <object_component_ref idref="oc-d3"/>
      </symbol>
      <symbol id="sm-91b">
         <name>__aeabi_memclr</name>
         <value>0xcf4c</value>
         <object_component_ref idref="oc-d3"/>
      </symbol>
      <symbol id="sm-943">
         <name>__TI_auto_init_nobinit_nopinit</name>
         <value>0xd100</value>
         <object_component_ref idref="oc-f8"/>
      </symbol>
      <symbol id="sm-95b">
         <name>__TI_zero_init</name>
         <value>0xd19c</value>
         <object_component_ref idref="oc-61"/>
      </symbol>
      <symbol id="sm-972">
         <name>__TI_decompress_none</name>
         <value>0xd188</value>
         <object_component_ref idref="oc-17"/>
      </symbol>
      <symbol id="sm-995">
         <name>__TI_decompress_lzss</name>
         <value>0xcffc</value>
         <object_component_ref idref="oc-11"/>
      </symbol>
      <symbol id="sm-9a0">
         <name>C$$EXIT</name>
         <value>0xd1ac</value>
         <object_component_ref idref="oc-142"/>
      </symbol>
      <symbol id="sm-9a1">
         <name>abort</name>
         <value>0xd1ac</value>
         <object_component_ref idref="oc-142"/>
      </symbol>
      <symbol id="sm-9b0">
         <name>strlen</name>
         <value>0xd168</value>
         <object_component_ref idref="oc-208"/>
      </symbol>
      <symbol id="sm-9b1">
         <name>__TI_static_base__</name>
         <value>0x0</value>
      </symbol>
      <symbol id="sm-9b5">
         <name>SHT$$INIT_ARRAY$$Base</name>
         <value>0x0</value>
      </symbol>
      <symbol id="sm-9b6">
         <name>SHT$$INIT_ARRAY$$Limit</name>
         <value>0x0</value>
      </symbol>
      <symbol id="sm-9b7">
         <name>_system_post_cinit</name>
         <value>0x0</value>
      </symbol>
   </symbol_table>
   <title>Link successful</title>
</link_info>
